C:/Users/parangeo/OneDrive - STMicroelectronics/Documents/FOC401/STSPING4/stsping4/Src/mc_math.c:57:20:MCM_Clarke	16	static
C:/Users/parangeo/OneDrive - STMicroelectronics/Documents/FOC401/STSPING4/stsping4/Src/mc_math.c:287:24:MCM_Trig_Functions	8	static
C:/Users/parangeo/OneDrive - STMicroelectronics/Documents/FOC401/STSPING4/stsping4/Src/mc_math.c:125:13:MCM_Park	32	static
C:/Users/parangeo/OneDrive - STMicroelectronics/Documents/FOC401/STSPING4/stsping4/Src/mc_math.c:232:20:MCM_Rev_Park	32	static
C:/Users/parangeo/OneDrive - STMicroelectronics/Documents/FOC401/STSPING4/stsping4/Src/mc_math.c:332:16:MCM_Sqrt	0	static,ignoring_inline_asm
C:/Users/parangeo/OneDrive - STMicroelectronics/Documents/FOC401/STSPING4/stsping4/Src/mc_math.c:368:17:MCM_floatToIntBit	8	static
