C:/Users/parangeo/OneDrive - STMicroelectronics/Documents/FOC401/STSPING4/stsping4/Src/mc_tasks.c:146:6:initModelPredictiveControl	56	static
C:/Users/parangeo/OneDrive - STMicroelectronics/Documents/FOC401/STSPING4/stsping4/Src/mc_tasks.c:179:5:absVal	0	static
C:/Users/parangeo/OneDrive - STMicroelectronics/Documents/FOC401/STSPING4/stsping4/Src/mc_tasks.c:748:13:FOC_Clear	16	static
C:/Users/parangeo/OneDrive - STMicroelectronics/Documents/FOC401/STSPING4/stsping4/Src/mc_tasks.c:196:13:MCboot	64	static
C:/Users/parangeo/OneDrive - STMicroelectronics/Documents/FOC401/STSPING4/stsping4/Src/mc_tasks.c:784:13:FOC_InitAdditionalMethods	0	static
C:/Users/parangeo/OneDrive - STMicroelectronics/Documents/FOC401/STSPING4/stsping4/Src/mc_tasks.c:808:13:FOC_CalcCurrRef	8	static
C:/Users/parangeo/OneDrive - STMicroelectronics/Documents/FOC401/STSPING4/stsping4/Src/mc_tasks.c:835:13:TSK_SetChargeBootCapDelayM1	0	static
C:/Users/parangeo/OneDrive - STMicroelectronics/Documents/FOC401/STSPING4/stsping4/Src/mc_tasks.c:846:13:TSK_ChargeBootCapDelayHasElapsedM1	0	static
C:/Users/parangeo/OneDrive - STMicroelectronics/Documents/FOC401/STSPING4/stsping4/Src/mc_tasks.c:862:13:TSK_SetStopPermanencyTimeM1	0	static
C:/Users/parangeo/OneDrive - STMicroelectronics/Documents/FOC401/STSPING4/stsping4/Src/mc_tasks.c:346:6:TSK_MF_StopProcessing	8	static
C:/Users/parangeo/OneDrive - STMicroelectronics/Documents/FOC401/STSPING4/stsping4/Src/mc_tasks.c:873:13:TSK_StopPermanencyTimeHasElapsedM1	0	static
C:/Users/parangeo/OneDrive - STMicroelectronics/Documents/FOC401/STSPING4/stsping4/Src/mc_tasks.c:433:13:TSK_MediumFrequencyTaskM1	24	static
C:/Users/parangeo/OneDrive - STMicroelectronics/Documents/FOC401/STSPING4/stsping4/Src/mc_tasks.c:362:13:MC_Scheduler	16	static
C:/Users/parangeo/OneDrive - STMicroelectronics/Documents/FOC401/STSPING4/stsping4/Src/mc_tasks.c:899:16:TSK_HighFrequencyTask	72	static
C:/Users/parangeo/OneDrive - STMicroelectronics/Documents/FOC401/STSPING4/stsping4/Src/mc_tasks.c:1106:13:TSK_SafetyTask_PWMOFF	24	static
C:/Users/parangeo/OneDrive - STMicroelectronics/Documents/FOC401/STSPING4/stsping4/Src/mc_tasks.c:1084:13:TSK_SafetyTask	8	static
C:/Users/parangeo/OneDrive - STMicroelectronics/Documents/FOC401/STSPING4/stsping4/Src/mc_tasks.c:324:13:MC_RunMotorControlTasks	8	static
C:/Users/parangeo/OneDrive - STMicroelectronics/Documents/FOC401/STSPING4/stsping4/Src/mc_tasks.c:1154:23:GetMCI	0	static
C:/Users/parangeo/OneDrive - STMicroelectronics/Documents/FOC401/STSPING4/stsping4/Src/mc_tasks.c:1170:13:TSK_HardwareFaultTask	8	static
C:/Users/parangeo/OneDrive - STMicroelectronics/Documents/FOC401/STSPING4/stsping4/Src/mc_tasks.c:1182:13:UI_HandleStartStopButton_cb	8	static
C:/Users/parangeo/OneDrive - STMicroelectronics/Documents/FOC401/STSPING4/stsping4/Src/mc_tasks.c:1200:13:mc_lock_pins	72	static
