C:/Users/parangeo/OneDrive - STMicroelectronics/Documents/FOC401/STSPING4/stsping4/Src/mc_tasks.c:145:6:initModelPredictiveControl	56	static
C:/Users/parangeo/OneDrive - STMicroelectronics/Documents/FOC401/STSPING4/stsping4/Src/mc_tasks.c:183:5:absVal	0	static
C:/Users/parangeo/OneDrive - STMicroelectronics/Documents/FOC401/STSPING4/stsping4/Src/mc_tasks.c:752:13:FOC_Clear	16	static
C:/Users/parangeo/OneDrive - STMicroelectronics/Documents/FOC401/STSPING4/stsping4/Src/mc_tasks.c:200:13:MCboot	64	static
C:/Users/parangeo/OneDrive - STMicroelectronics/Documents/FOC401/STSPING4/stsping4/Src/mc_tasks.c:788:13:FOC_InitAdditionalMethods	0	static
C:/Users/parangeo/OneDrive - STMicroelectronics/Documents/FOC401/STSPING4/stsping4/Src/mc_tasks.c:812:13:FOC_CalcCurrRef	8	static
C:/Users/parangeo/OneDrive - STMicroelectronics/Documents/FOC401/STSPING4/stsping4/Src/mc_tasks.c:839:13:TSK_SetChargeBootCapDelayM1	0	static
C:/Users/parangeo/OneDrive - STMicroelectronics/Documents/FOC401/STSPING4/stsping4/Src/mc_tasks.c:850:13:TSK_ChargeBootCapDelayHasElapsedM1	0	static
C:/Users/parangeo/OneDrive - STMicroelectronics/Documents/FOC401/STSPING4/stsping4/Src/mc_tasks.c:866:13:TSK_SetStopPermanencyTimeM1	0	static
C:/Users/parangeo/OneDrive - STMicroelectronics/Documents/FOC401/STSPING4/stsping4/Src/mc_tasks.c:350:6:TSK_MF_StopProcessing	8	static
C:/Users/parangeo/OneDrive - STMicroelectronics/Documents/FOC401/STSPING4/stsping4/Src/mc_tasks.c:877:13:TSK_StopPermanencyTimeHasElapsedM1	0	static
C:/Users/parangeo/OneDrive - STMicroelectronics/Documents/FOC401/STSPING4/stsping4/Src/mc_tasks.c:437:13:TSK_MediumFrequencyTaskM1	24	static
C:/Users/parangeo/OneDrive - STMicroelectronics/Documents/FOC401/STSPING4/stsping4/Src/mc_tasks.c:366:13:MC_Scheduler	16	static
C:/Users/parangeo/OneDrive - STMicroelectronics/Documents/FOC401/STSPING4/stsping4/Src/mc_tasks.c:903:16:TSK_HighFrequencyTask	112	static
C:/Users/parangeo/OneDrive - STMicroelectronics/Documents/FOC401/STSPING4/stsping4/Src/mc_tasks.c:1133:13:TSK_SafetyTask_PWMOFF	24	static
C:/Users/parangeo/OneDrive - STMicroelectronics/Documents/FOC401/STSPING4/stsping4/Src/mc_tasks.c:1111:13:TSK_SafetyTask	8	static
C:/Users/parangeo/OneDrive - STMicroelectronics/Documents/FOC401/STSPING4/stsping4/Src/mc_tasks.c:328:13:MC_RunMotorControlTasks	8	static
C:/Users/parangeo/OneDrive - STMicroelectronics/Documents/FOC401/STSPING4/stsping4/Src/mc_tasks.c:1181:23:GetMCI	0	static
C:/Users/parangeo/OneDrive - STMicroelectronics/Documents/FOC401/STSPING4/stsping4/Src/mc_tasks.c:1197:13:TSK_HardwareFaultTask	8	static
C:/Users/parangeo/OneDrive - STMicroelectronics/Documents/FOC401/STSPING4/stsping4/Src/mc_tasks.c:1209:13:UI_HandleStartStopButton_cb	8	static
C:/Users/parangeo/OneDrive - STMicroelectronics/Documents/FOC401/STSPING4/stsping4/Src/mc_tasks.c:1227:13:mc_lock_pins	72	static
