C:/Users/parangeo/OneDrive - STMicroelectronics/Documents/FOC401/STSPING4/stsping4/Src/mc_tasks.c:129:6:initModelPredictiveControl	40	static
C:/Users/parangeo/OneDrive - STMicroelectronics/Documents/FOC401/STSPING4/stsping4/Src/mc_tasks.c:151:9:sinMPC	0	static
C:/Users/parangeo/OneDrive - STMicroelectronics/Documents/FOC401/STSPING4/stsping4/Src/mc_tasks.c:730:13:FOC_Clear	16	static
C:/Users/parangeo/OneDrive - STMicroelectronics/Documents/FOC401/STSPING4/stsping4/Src/mc_tasks.c:178:13:MCboot	64	static
C:/Users/parangeo/OneDrive - STMicroelectronics/Documents/FOC401/STSPING4/stsping4/Src/mc_tasks.c:766:13:FOC_InitAdditionalMethods	0	static
C:/Users/parangeo/OneDrive - STMicroelectronics/Documents/FOC401/STSPING4/stsping4/Src/mc_tasks.c:790:13:FOC_CalcCurrRef	8	static
C:/Users/parangeo/OneDrive - STMicroelectronics/Documents/FOC401/STSPING4/stsping4/Src/mc_tasks.c:817:13:TSK_SetChargeBootCapDelayM1	0	static
C:/Users/parangeo/OneDrive - STMicroelectronics/Documents/FOC401/STSPING4/stsping4/Src/mc_tasks.c:828:13:TSK_ChargeBootCapDelayHasElapsedM1	0	static
C:/Users/parangeo/OneDrive - STMicroelectronics/Documents/FOC401/STSPING4/stsping4/Src/mc_tasks.c:844:13:TSK_SetStopPermanencyTimeM1	0	static
C:/Users/parangeo/OneDrive - STMicroelectronics/Documents/FOC401/STSPING4/stsping4/Src/mc_tasks.c:328:6:TSK_MF_StopProcessing	8	static
C:/Users/parangeo/OneDrive - STMicroelectronics/Documents/FOC401/STSPING4/stsping4/Src/mc_tasks.c:855:13:TSK_StopPermanencyTimeHasElapsedM1	0	static
C:/Users/parangeo/OneDrive - STMicroelectronics/Documents/FOC401/STSPING4/stsping4/Src/mc_tasks.c:415:13:TSK_MediumFrequencyTaskM1	24	static
C:/Users/parangeo/OneDrive - STMicroelectronics/Documents/FOC401/STSPING4/stsping4/Src/mc_tasks.c:344:13:MC_Scheduler	16	static
C:/Users/parangeo/OneDrive - STMicroelectronics/Documents/FOC401/STSPING4/stsping4/Src/mc_tasks.c:881:16:TSK_HighFrequencyTask	120	static
C:/Users/parangeo/OneDrive - STMicroelectronics/Documents/FOC401/STSPING4/stsping4/Src/mc_tasks.c:1123:13:TSK_SafetyTask_PWMOFF	24	static
C:/Users/parangeo/OneDrive - STMicroelectronics/Documents/FOC401/STSPING4/stsping4/Src/mc_tasks.c:1101:13:TSK_SafetyTask	8	static
C:/Users/parangeo/OneDrive - STMicroelectronics/Documents/FOC401/STSPING4/stsping4/Src/mc_tasks.c:306:13:MC_RunMotorControlTasks	8	static
C:/Users/parangeo/OneDrive - STMicroelectronics/Documents/FOC401/STSPING4/stsping4/Src/mc_tasks.c:1171:23:GetMCI	0	static
C:/Users/parangeo/OneDrive - STMicroelectronics/Documents/FOC401/STSPING4/stsping4/Src/mc_tasks.c:1187:13:TSK_HardwareFaultTask	8	static
C:/Users/parangeo/OneDrive - STMicroelectronics/Documents/FOC401/STSPING4/stsping4/Src/mc_tasks.c:1199:13:UI_HandleStartStopButton_cb	8	static
C:/Users/parangeo/OneDrive - STMicroelectronics/Documents/FOC401/STSPING4/stsping4/Src/mc_tasks.c:1217:13:mc_lock_pins	72	static
