C:/Users/parangeo/OneDrive - STMicroelectronics/Documents/FOC401/STSPING4/stsping4/Src/mc_tasks.c:126:6:initModelPredictiveControl	40	static
C:/Users/parangeo/OneDrive - STMicroelectronics/Documents/FOC401/STSPING4/stsping4/Src/mc_tasks.c:148:5:absVal	0	static
C:/Users/parangeo/OneDrive - STMicroelectronics/Documents/FOC401/STSPING4/stsping4/Src/mc_tasks.c:716:13:FOC_Clear	16	static
C:/Users/parangeo/OneDrive - STMicroelectronics/Documents/FOC401/STSPING4/stsping4/Src/mc_tasks.c:164:13:MCboot	64	static
C:/Users/parangeo/OneDrive - STMicroelectronics/Documents/FOC401/STSPING4/stsping4/Src/mc_tasks.c:752:13:FOC_InitAdditionalMethods	0	static
C:/Users/parangeo/OneDrive - STMicroelectronics/Documents/FOC401/STSPING4/stsping4/Src/mc_tasks.c:776:13:FOC_CalcCurrRef	8	static
C:/Users/parangeo/OneDrive - STMicroelectronics/Documents/FOC401/STSPING4/stsping4/Src/mc_tasks.c:803:13:TSK_SetChargeBootCapDelayM1	0	static
C:/Users/parangeo/OneDrive - STMicroelectronics/Documents/FOC401/STSPING4/stsping4/Src/mc_tasks.c:814:13:TSK_ChargeBootCapDelayHasElapsedM1	0	static
C:/Users/parangeo/OneDrive - STMicroelectronics/Documents/FOC401/STSPING4/stsping4/Src/mc_tasks.c:830:13:TSK_SetStopPermanencyTimeM1	0	static
C:/Users/parangeo/OneDrive - STMicroelectronics/Documents/FOC401/STSPING4/stsping4/Src/mc_tasks.c:314:6:TSK_MF_StopProcessing	8	static
C:/Users/parangeo/OneDrive - STMicroelectronics/Documents/FOC401/STSPING4/stsping4/Src/mc_tasks.c:841:13:TSK_StopPermanencyTimeHasElapsedM1	0	static
C:/Users/parangeo/OneDrive - STMicroelectronics/Documents/FOC401/STSPING4/stsping4/Src/mc_tasks.c:401:13:TSK_MediumFrequencyTaskM1	24	static
C:/Users/parangeo/OneDrive - STMicroelectronics/Documents/FOC401/STSPING4/stsping4/Src/mc_tasks.c:330:13:MC_Scheduler	16	static
C:/Users/parangeo/OneDrive - STMicroelectronics/Documents/FOC401/STSPING4/stsping4/Src/mc_tasks.c:867:16:TSK_HighFrequencyTask	104	static
C:/Users/parangeo/OneDrive - STMicroelectronics/Documents/FOC401/STSPING4/stsping4/Src/mc_tasks.c:1086:13:TSK_SafetyTask_PWMOFF	24	static
C:/Users/parangeo/OneDrive - STMicroelectronics/Documents/FOC401/STSPING4/stsping4/Src/mc_tasks.c:1064:13:TSK_SafetyTask	8	static
C:/Users/parangeo/OneDrive - STMicroelectronics/Documents/FOC401/STSPING4/stsping4/Src/mc_tasks.c:292:13:MC_RunMotorControlTasks	8	static
C:/Users/parangeo/OneDrive - STMicroelectronics/Documents/FOC401/STSPING4/stsping4/Src/mc_tasks.c:1134:23:GetMCI	0	static
C:/Users/parangeo/OneDrive - STMicroelectronics/Documents/FOC401/STSPING4/stsping4/Src/mc_tasks.c:1150:13:TSK_HardwareFaultTask	8	static
C:/Users/parangeo/OneDrive - STMicroelectronics/Documents/FOC401/STSPING4/stsping4/Src/mc_tasks.c:1162:13:UI_HandleStartStopButton_cb	8	static
C:/Users/parangeo/OneDrive - STMicroelectronics/Documents/FOC401/STSPING4/stsping4/Src/mc_tasks.c:1180:13:mc_lock_pins	72	static
