C:/Users/parangeo/OneDrive - STMicroelectronics/Documents/FOC401/STSPING4/stsping4/Src/stm32g4xx_hal_msp.c:68:6:HAL_MspInit	16	static
C:/Users/parangeo/OneDrive - STMicroelectronics/Documents/FOC401/STSPING4/stsping4/Src/stm32g4xx_hal_msp.c:98:6:HAL_ADC_MspInit	120	static
C:/Users/parangeo/OneDrive - STMicroelectronics/Documents/FOC401/STSPING4/stsping4/Src/stm32g4xx_hal_msp.c:187:6:HAL_ADC_MspDeInit	8	static
C:/Users/parangeo/OneDrive - STMicroelectronics/Documents/FOC401/STSPING4/stsping4/Src/stm32g4xx_hal_msp.c:260:6:HAL_COMP_MspInit	48	static
C:/Users/parangeo/OneDrive - STMicroelectronics/Documents/FOC401/STSPING4/stsping4/Src/stm32g4xx_hal_msp.c:329:6:HAL_COMP_MspDeInit	0	static
C:/Users/parangeo/OneDrive - STMicroelectronics/Documents/FOC401/STSPING4/stsping4/Src/stm32g4xx_hal_msp.c:385:6:HAL_CORDIC_MspInit	8	static
C:/Users/parangeo/OneDrive - STMicroelectronics/Documents/FOC401/STSPING4/stsping4/Src/stm32g4xx_hal_msp.c:407:6:HAL_CORDIC_MspDeInit	0	static
C:/Users/parangeo/OneDrive - STMicroelectronics/Documents/FOC401/STSPING4/stsping4/Src/stm32g4xx_hal_msp.c:429:6:HAL_DAC_MspInit	40	static
C:/Users/parangeo/OneDrive - STMicroelectronics/Documents/FOC401/STSPING4/stsping4/Src/stm32g4xx_hal_msp.c:463:6:HAL_DAC_MspDeInit	0	static
C:/Users/parangeo/OneDrive - STMicroelectronics/Documents/FOC401/STSPING4/stsping4/Src/stm32g4xx_hal_msp.c:492:6:HAL_I2C_MspInit	104	static
C:/Users/parangeo/OneDrive - STMicroelectronics/Documents/FOC401/STSPING4/stsping4/Src/stm32g4xx_hal_msp.c:538:6:HAL_I2C_MspDeInit	8	static
C:/Users/parangeo/OneDrive - STMicroelectronics/Documents/FOC401/STSPING4/stsping4/Src/stm32g4xx_hal_msp.c:569:6:HAL_OPAMP_MspInit	48	static
C:/Users/parangeo/OneDrive - STMicroelectronics/Documents/FOC401/STSPING4/stsping4/Src/stm32g4xx_hal_msp.c:636:6:HAL_OPAMP_MspDeInit	8	static
C:/Users/parangeo/OneDrive - STMicroelectronics/Documents/FOC401/STSPING4/stsping4/Src/stm32g4xx_hal_msp.c:686:6:HAL_TIM_Base_MspInit	8	static
C:/Users/parangeo/OneDrive - STMicroelectronics/Documents/FOC401/STSPING4/stsping4/Src/stm32g4xx_hal_msp.c:702:6:HAL_TIM_MspPostInit	40	static
C:/Users/parangeo/OneDrive - STMicroelectronics/Documents/FOC401/STSPING4/stsping4/Src/stm32g4xx_hal_msp.c:740:6:HAL_TIM_Base_MspDeInit	8	static
C:/Users/parangeo/OneDrive - STMicroelectronics/Documents/FOC401/STSPING4/stsping4/Src/stm32g4xx_hal_msp.c:766:6:HAL_UART_MspInit	112	static
C:/Users/parangeo/OneDrive - STMicroelectronics/Documents/FOC401/STSPING4/stsping4/Src/stm32g4xx_hal_msp.c:848:6:HAL_UART_MspDeInit	8	static
