C:/Users/parangeo/OneDrive - STMicroelectronics/Documents/FOC401/FOCG431/FOCG431/MCSDK_v5.Y.4-Full/MotorControl/MCSDK/MCLib/Any/Src/r_divider_bus_voltage_sensor.c:77:13:RVBS_Clear	4	static
C:/Users/parangeo/OneDrive - STMicroelectronics/Documents/FOC401/FOCG431/FOCG431/MCSDK_v5.Y.4-Full/MotorControl/MCSDK/MCLib/Any/Src/r_divider_bus_voltage_sensor.c:51:13:RVBS_Init	8	static
C:/Users/parangeo/OneDrive - STMicroelectronics/Documents/FOC401/FOCG431/FOCG431/MCSDK_v5.Y.4-Full/MotorControl/MCSDK/MCLib/Any/Src/r_divider_bus_voltage_sensor.c:276:17:RVBS_CheckFaultState	0	static
C:/Users/parangeo/OneDrive - STMicroelectronics/Documents/FOC401/FOCG431/FOCG431/MCSDK_v5.Y.4-Full/MotorControl/MCSDK/MCLib/Any/Src/r_divider_bus_voltage_sensor.c:162:17:RVBS_CalcAvVbusFilt	32	static
C:/Users/parangeo/OneDrive - STMicroelectronics/Documents/FOC401/FOCG431/FOCG431/MCSDK_v5.Y.4-Full/MotorControl/MCSDK/MCLib/Any/Src/r_divider_bus_voltage_sensor.c:219:17:RVBS_CalcAvVbus	16	static
