Archive member included to satisfy reference by file (symbol)

c:/st/stm32cubeide_1.9.0/stm32cubeide/plugins/com.st.stm32cube.ide.mcu.externaltools.gnu-tools-for-stm32.10.3-2021.10.win32_1.0.0.202111181127/tools/bin/../lib/gcc/arm-none-eabi/10.3.1/../../../../arm-none-eabi/lib/thumb/v7e-m+fp/hard\libc_nano.a(lib_a-errno.o)
                              ./Application/User/syscalls.o (__errno)
c:/st/stm32cubeide_1.9.0/stm32cubeide/plugins/com.st.stm32cube.ide.mcu.externaltools.gnu-tools-for-stm32.10.3-2021.10.win32_1.0.0.202111181127/tools/bin/../lib/gcc/arm-none-eabi/10.3.1/../../../../arm-none-eabi/lib/thumb/v7e-m+fp/hard\libc_nano.a(lib_a-exit.o)
                              c:/st/stm32cubeide_1.9.0/stm32cubeide/plugins/com.st.stm32cube.ide.mcu.externaltools.gnu-tools-for-stm32.10.3-2021.10.win32_1.0.0.202111181127/tools/bin/../lib/gcc/arm-none-eabi/10.3.1/../../../../arm-none-eabi/lib/thumb/v7e-m+fp/hard/crt0.o (exit)
c:/st/stm32cubeide_1.9.0/stm32cubeide/plugins/com.st.stm32cube.ide.mcu.externaltools.gnu-tools-for-stm32.10.3-2021.10.win32_1.0.0.202111181127/tools/bin/../lib/gcc/arm-none-eabi/10.3.1/../../../../arm-none-eabi/lib/thumb/v7e-m+fp/hard\libc_nano.a(lib_a-impure.o)
                              c:/st/stm32cubeide_1.9.0/stm32cubeide/plugins/com.st.stm32cube.ide.mcu.externaltools.gnu-tools-for-stm32.10.3-2021.10.win32_1.0.0.202111181127/tools/bin/../lib/gcc/arm-none-eabi/10.3.1/../../../../arm-none-eabi/lib/thumb/v7e-m+fp/hard\libc_nano.a(lib_a-exit.o) (_global_impure_ptr)
c:/st/stm32cubeide_1.9.0/stm32cubeide/plugins/com.st.stm32cube.ide.mcu.externaltools.gnu-tools-for-stm32.10.3-2021.10.win32_1.0.0.202111181127/tools/bin/../lib/gcc/arm-none-eabi/10.3.1/../../../../arm-none-eabi/lib/thumb/v7e-m+fp/hard\libc_nano.a(lib_a-init.o)
                              c:/st/stm32cubeide_1.9.0/stm32cubeide/plugins/com.st.stm32cube.ide.mcu.externaltools.gnu-tools-for-stm32.10.3-2021.10.win32_1.0.0.202111181127/tools/bin/../lib/gcc/arm-none-eabi/10.3.1/../../../../arm-none-eabi/lib/thumb/v7e-m+fp/hard/crt0.o (__libc_init_array)
c:/st/stm32cubeide_1.9.0/stm32cubeide/plugins/com.st.stm32cube.ide.mcu.externaltools.gnu-tools-for-stm32.10.3-2021.10.win32_1.0.0.202111181127/tools/bin/../lib/gcc/arm-none-eabi/10.3.1/../../../../arm-none-eabi/lib/thumb/v7e-m+fp/hard\libc_nano.a(lib_a-memcpy-stub.o)
                              ./Middlewares/MotorControl/mcpa.o (memcpy)
c:/st/stm32cubeide_1.9.0/stm32cubeide/plugins/com.st.stm32cube.ide.mcu.externaltools.gnu-tools-for-stm32.10.3-2021.10.win32_1.0.0.202111181127/tools/bin/../lib/gcc/arm-none-eabi/10.3.1/../../../../arm-none-eabi/lib/thumb/v7e-m+fp/hard\libc_nano.a(lib_a-memset.o)
                              c:/st/stm32cubeide_1.9.0/stm32cubeide/plugins/com.st.stm32cube.ide.mcu.externaltools.gnu-tools-for-stm32.10.3-2021.10.win32_1.0.0.202111181127/tools/bin/../lib/gcc/arm-none-eabi/10.3.1/../../../../arm-none-eabi/lib/thumb/v7e-m+fp/hard/crt0.o (memset)
c:/st/stm32cubeide_1.9.0/stm32cubeide/plugins/com.st.stm32cube.ide.mcu.externaltools.gnu-tools-for-stm32.10.3-2021.10.win32_1.0.0.202111181127/tools/bin/../lib/gcc/arm-none-eabi/10.3.1/thumb/v7e-m+fp/hard\libgcc.a(_arm_muldf3.o)
                              ./Application/User/mc_interface.o (__aeabi_dmul)
c:/st/stm32cubeide_1.9.0/stm32cubeide/plugins/com.st.stm32cube.ide.mcu.externaltools.gnu-tools-for-stm32.10.3-2021.10.win32_1.0.0.202111181127/tools/bin/../lib/gcc/arm-none-eabi/10.3.1/thumb/v7e-m+fp/hard\libgcc.a(_arm_addsubdf3.o)
                              ./Application/User/mc_interface.o (__aeabi_i2d)
c:/st/stm32cubeide_1.9.0/stm32cubeide/plugins/com.st.stm32cube.ide.mcu.externaltools.gnu-tools-for-stm32.10.3-2021.10.win32_1.0.0.202111181127/tools/bin/../lib/gcc/arm-none-eabi/10.3.1/thumb/v7e-m+fp/hard\libgcc.a(_arm_fixdfsi.o)
                              ./Application/User/mc_interface.o (__aeabi_d2iz)
c:/st/stm32cubeide_1.9.0/stm32cubeide/plugins/com.st.stm32cube.ide.mcu.externaltools.gnu-tools-for-stm32.10.3-2021.10.win32_1.0.0.202111181127/tools/bin/../lib/gcc/arm-none-eabi/10.3.1/thumb/v7e-m+fp/hard\libgcc.a(_arm_truncdfsf2.o)
                              ./Application/User/mc_interface.o (__aeabi_d2f)
c:/st/stm32cubeide_1.9.0/stm32cubeide/plugins/com.st.stm32cube.ide.mcu.externaltools.gnu-tools-for-stm32.10.3-2021.10.win32_1.0.0.202111181127/tools/bin/../lib/gcc/arm-none-eabi/10.3.1/thumb/v7e-m+fp/hard\libgcc.a(_aeabi_ldivmod.o)
                              ./Drivers/STM32F4xx_HAL_Driver/stm32f4xx_hal_rcc.o (__aeabi_ldivmod)
c:/st/stm32cubeide_1.9.0/stm32cubeide/plugins/com.st.stm32cube.ide.mcu.externaltools.gnu-tools-for-stm32.10.3-2021.10.win32_1.0.0.202111181127/tools/bin/../lib/gcc/arm-none-eabi/10.3.1/thumb/v7e-m+fp/hard\libgcc.a(_aeabi_uldivmod.o)
                              ./Drivers/STM32F4xx_HAL_Driver/stm32f4xx_hal_rcc.o (__aeabi_uldivmod)
[...]
Memory Configuration

Name             Origin             Length             Attributes
RAM              0x0000000020000000 0x0000000000018000 xrw
FLASH            0x0000000008000000 0x0000000000080000 xr
*default*        0x0000000000000000 0xffffffffffffffff

Linker script and memory map

LOAD c:/st/stm32cubeide_1.9.0/stm32cubeide/plugins/com.st.stm32cube.ide.mcu.externaltools.gnu-tools-for-stm32.10.3-2021.10.win32_1.0.0.202111181127/tools/bin/../lib/gcc/arm-none-eabi/10.3.1/thumb/v7e-m+fp/hard/crti.o
LOAD c:/st/stm32cubeide_1.9.0/stm32cubeide/plugins/com.st.stm32cube.ide.mcu.externaltools.gnu-tools-for-stm32.10.3-2021.10.win32_1.0.0.202111181127/tools/bin/../lib/gcc/arm-none-eabi/10.3.1/thumb/v7e-m+fp/hard/crtbegin.o
LOAD c:/st/stm32cubeide_1.9.0/stm32cubeide/plugins/com.st.stm32cube.ide.mcu.externaltools.gnu-tools-for-stm32.10.3-2021.10.win32_1.0.0.202111181127/tools/bin/../lib/gcc/arm-none-eabi/10.3.1/../../../../arm-none-eabi/lib/thumb/v7e-m+fp/hard/crt0.o
LOAD ./Application/Startup/startup_stm32f401retx.o
LOAD ./Application/User/MPC_math.o
LOAD ./Application/User/aspep.o
LOAD ./Application/User/main.o
LOAD ./Application/User/mc_api.o
LOAD ./Application/User/mc_config.o
LOAD ./Application/User/mc_configuration_registers.o
LOAD ./Application/User/mc_interface.o
LOAD ./Application/User/mc_math.o
LOAD ./Application/User/mc_parameters.o
LOAD ./Application/User/mc_perf.o
LOAD ./Application/User/mc_tasks.o
LOAD ./Application/User/mcp_config.o
LOAD ./Application/User/motorcontrol.o
LOAD ./Application/User/pwm_curr_fdbk.o
LOAD ./Application/User/register_interface.o
LOAD ./Application/User/regular_conversion_manager.o
LOAD ./Application/User/stm32f4xx_hal_msp.o
LOAD ./Application/User/stm32f4xx_it.o
LOAD ./Application/User/stm32f4xx_mc_it.o
LOAD ./Application/User/syscalls.o
LOAD ./Application/User/sysmem.o
LOAD ./Application/User/usart_aspep_driver.o
LOAD ./Drivers/CMSIS/system_stm32f4xx.o
LOAD ./Drivers/STM32F4xx_HAL_Driver/stm32f4xx_hal.o
LOAD ./Drivers/STM32F4xx_HAL_Driver/stm32f4xx_hal_adc.o
LOAD ./Drivers/STM32F4xx_HAL_Driver/stm32f4xx_hal_adc_ex.o
LOAD ./Drivers/STM32F4xx_HAL_Driver/stm32f4xx_hal_cortex.o
LOAD ./Drivers/STM32F4xx_HAL_Driver/stm32f4xx_hal_dma.o
LOAD ./Drivers/STM32F4xx_HAL_Driver/stm32f4xx_hal_dma_ex.o
LOAD ./Drivers/STM32F4xx_HAL_Driver/stm32f4xx_hal_exti.o
LOAD ./Drivers/STM32F4xx_HAL_Driver/stm32f4xx_hal_flash.o
LOAD ./Drivers/STM32F4xx_HAL_Driver/stm32f4xx_hal_flash_ex.o
LOAD ./Drivers/STM32F4xx_HAL_Driver/stm32f4xx_hal_flash_ramfunc.o
LOAD ./Drivers/STM32F4xx_HAL_Driver/stm32f4xx_hal_gpio.o
LOAD ./Drivers/STM32F4xx_HAL_Driver/stm32f4xx_hal_pwr.o
LOAD ./Drivers/STM32F4xx_HAL_Driver/stm32f4xx_hal_pwr_ex.o
LOAD ./Drivers/STM32F4xx_HAL_Driver/stm32f4xx_hal_rcc.o
LOAD ./Drivers/STM32F4xx_HAL_Driver/stm32f4xx_hal_rcc_ex.o
LOAD ./Drivers/STM32F4xx_HAL_Driver/stm32f4xx_hal_tim.o
LOAD ./Drivers/STM32F4xx_HAL_Driver/stm32f4xx_hal_tim_ex.o
LOAD ./Drivers/STM32F4xx_HAL_Driver/stm32f4xx_hal_uart.o
LOAD ./Drivers/STM32F4xx_HAL_Driver/stm32f4xx_ll_adc.o
LOAD ./Middlewares/MotorControl/bus_voltage_sensor.o
LOAD ./Middlewares/MotorControl/circle_limitation.o
LOAD ./Middlewares/MotorControl/digital_output.o
LOAD ./Middlewares/MotorControl/mcp.o
LOAD ./Middlewares/MotorControl/mcpa.o
LOAD ./Middlewares/MotorControl/motor_power_measurement.o
LOAD ./Middlewares/MotorControl/ntc_temperature_sensor.o
LOAD ./Middlewares/MotorControl/open_loop.o
LOAD ./Middlewares/MotorControl/pid_regulator.o
LOAD ./Middlewares/MotorControl/pqd_motor_power_measurement.o
LOAD ./Middlewares/MotorControl/pwm_common.o
LOAD ./Middlewares/MotorControl/r3_1_f4xx_pwm_curr_fdbk.o
LOAD ./Middlewares/MotorControl/r_divider_bus_voltage_sensor.o
LOAD ./Middlewares/MotorControl/ramp_ext_mngr.o
LOAD ./Middlewares/MotorControl/revup_ctrl.o
LOAD ./Middlewares/MotorControl/speed_pos_fdbk.o
LOAD ./Middlewares/MotorControl/speed_torq_ctrl.o
LOAD ./Middlewares/MotorControl/sto_pll_speed_pos_fdbk.o
LOAD ./Middlewares/MotorControl/virtual_speed_sensor.o
START GROUP
LOAD c:/st/stm32cubeide_1.9.0/stm32cubeide/plugins/com.st.stm32cube.ide.mcu.externaltools.gnu-tools-for-stm32.10.3-2021.10.win32_1.0.0.202111181127/tools/bin/../lib/gcc/arm-none-eabi/10.3.1/../../../../arm-none-eabi/lib/thumb/v7e-m+fp/hard\libc_nano.a
LOAD c:/st/stm32cubeide_1.9.0/stm32cubeide/plugins/com.st.stm32cube.ide.mcu.externaltools.gnu-tools-for-stm32.10.3-2021.10.win32_1.0.0.202111181127/tools/bin/../lib/gcc/arm-none-eabi/10.3.1/../../../../arm-none-eabi/lib/thumb/v7e-m+fp/hard\libm.a
END GROUP
START GROUP
LOAD c:/st/stm32cubeide_1.9.0/stm32cubeide/plugins/com.st.stm32cube.ide.mcu.externaltools.gnu-tools-for-stm32.10.3-2021.10.win32_1.0.0.202111181127/tools/bin/../lib/gcc/arm-none-eabi/10.3.1/thumb/v7e-m+fp/hard\libgcc.a
LOAD c:/st/stm32cubeide_1.9.0/stm32cubeide/plugins/com.st.stm32cube.ide.mcu.externaltools.gnu-tools-for-stm32.10.3-2021.10.win32_1.0.0.202111181127/tools/bin/../lib/gcc/arm-none-eabi/10.3.1/../../../../arm-none-eabi/lib/thumb/v7e-m+fp/hard\libc_nano.a
END GROUP
START GROUP
LOAD c:/st/stm32cubeide_1.9.0/stm32cubeide/plugins/com.st.stm32cube.ide.mcu.externaltools.gnu-tools-for-stm32.10.3-2021.10.win32_1.0.0.202111181127/tools/bin/../lib/gcc/arm-none-eabi/10.3.1/thumb/v7e-m+fp/hard\libgcc.a
LOAD c:/st/stm32cubeide_1.9.0/stm32cubeide/plugins/com.st.stm32cube.ide.mcu.externaltools.gnu-tools-for-stm32.10.3-2021.10.win32_1.0.0.202111181127/tools/bin/../lib/gcc/arm-none-eabi/10.3.1/../../../../arm-none-eabi/lib/thumb/v7e-m+fp/hard\libc_nano.a
LOAD c:/st/stm32cubeide_1.9.0/stm32cubeide/plugins/com.st.stm32cube.ide.mcu.externaltools.gnu-tools-for-stm32.10.3-2021.10.win32_1.0.0.202111181127/tools/bin/../lib/gcc/arm-none-eabi/10.3.1/../../../../arm-none-eabi/lib/thumb/v7e-m+fp/hard\libnosys.a
END GROUP
START GROUP
LOAD c:/st/stm32cubeide_1.9.0/stm32cubeide/plugins/com.st.stm32cube.ide.mcu.externaltools.gnu-tools-for-stm32.10.3-2021.10.win32_1.0.0.202111181127/tools/bin/../lib/gcc/arm-none-eabi/10.3.1/thumb/v7e-m+fp/hard\libgcc.a
LOAD c:/st/stm32cubeide_1.9.0/stm32cubeide/plugins/com.st.stm32cube.ide.mcu.externaltools.gnu-tools-for-stm32.10.3-2021.10.win32_1.0.0.202111181127/tools/bin/../lib/gcc/arm-none-eabi/10.3.1/../../../../arm-none-eabi/lib/thumb/v7e-m+fp/hard\libc_nano.a
LOAD c:/st/stm32cubeide_1.9.0/stm32cubeide/plugins/com.st.stm32cube.ide.mcu.externaltools.gnu-tools-for-stm32.10.3-2021.10.win32_1.0.0.202111181127/tools/bin/../lib/gcc/arm-none-eabi/10.3.1/../../../../arm-none-eabi/lib/thumb/v7e-m+fp/hard\libnosys.a
END GROUP
LOAD c:/st/stm32cubeide_1.9.0/stm32cubeide/plugins/com.st.stm32cube.ide.mcu.externaltools.gnu-tools-for-stm32.10.3-2021.10.win32_1.0.0.202111181127/tools/bin/../lib/gcc/arm-none-eabi/10.3.1/thumb/v7e-m+fp/hard/crtend.o
LOAD c:/st/stm32cubeide_1.9.0/stm32cubeide/plugins/com.st.stm32cube.ide.mcu.externaltools.gnu-tools-for-stm32.10.3-2021.10.win32_1.0.0.202111181127/tools/bin/../lib/gcc/arm-none-eabi/10.3.1/thumb/v7e-m+fp/hard/crtn.o
                0x0000000020018000                _estack = (ORIGIN (RAM) + LENGTH (RAM))
                0x0000000000000200                _Min_Heap_Size = 0x200
                0x0000000000000400                _Min_Stack_Size = 0x400

.isr_vector     0x0000000008000000      0x194
                0x0000000008000000                . = ALIGN (0x4)
 *(.isr_vector)
 .isr_vector    0x0000000008000000      0x194 ./Application/Startup/startup_stm32f401retx.o
                0x0000000008000000                g_pfnVectors
                0x0000000008000194                . = ALIGN (0x4)

.text           0x0000000008000198     0x7a18
                0x0000000008000198                . = ALIGN (0x4)
 *(.text)
 .text          0x0000000008000198       0x40 c:/st/stm32cubeide_1.9.0/stm32cubeide/plugins/com.st.stm32cube.ide.mcu.externaltools.gnu-tools-for-stm32.10.3-2021.10.win32_1.0.0.202111181127/tools/bin/../lib/gcc/arm-none-eabi/10.3.1/thumb/v7e-m+fp/hard/crtbegin.o
 .text          0x00000000080001d8      0x254 c:/st/stm32cubeide_1.9.0/stm32cubeide/plugins/com.st.stm32cube.ide.mcu.externaltools.gnu-tools-for-stm32.10.3-2021.10.win32_1.0.0.202111181127/tools/bin/../lib/gcc/arm-none-eabi/10.3.1/thumb/v7e-m+fp/hard\libgcc.a(_arm_muldf3.o)
                0x00000000080001d8                __muldf3
                0x00000000080001d8                __aeabi_dmul
 .text          0x000000000800042c      0x378 c:/st/stm32cubeide_1.9.0/stm32cubeide/plugins/com.st.stm32cube.ide.mcu.externaltools.gnu-tools-for-stm32.10.3-2021.10.win32_1.0.0.202111181127/tools/bin/../lib/gcc/arm-none-eabi/10.3.1/thumb/v7e-m+fp/hard\libgcc.a(_arm_addsubdf3.o)
                0x000000000800042c                __aeabi_drsub
                0x0000000008000434                __aeabi_dsub
                0x0000000008000434                __subdf3
                0x0000000008000438                __aeabi_dadd
                0x0000000008000438                __adddf3
                0x00000000080006b0                __floatunsidf
                0x00000000080006b0                __aeabi_ui2d
                0x00000000080006d0                __floatsidf
                0x00000000080006d0                __aeabi_i2d
                0x00000000080006f4                __aeabi_f2d
                0x00000000080006f4                __extendsfdf2
                0x0000000008000738                __floatundidf
                0x0000000008000738                __aeabi_ul2d
                0x0000000008000748                __floatdidf
                0x0000000008000748                __aeabi_l2d
 .text          0x00000000080007a4       0x50 c:/st/stm32cubeide_1.9.0/stm32cubeide/plugins/com.st.stm32cube.ide.mcu.externaltools.gnu-tools-for-stm32.10.3-2021.10.win32_1.0.0.202111181127/tools/bin/../lib/gcc/arm-none-eabi/10.3.1/thumb/v7e-m+fp/hard\libgcc.a(_arm_fixdfsi.o)
                0x00000000080007a4                __aeabi_d2iz
                0x00000000080007a4                __fixdfsi
 .text          0x00000000080007f4       0x30 c:/st/stm32cubeide_1.9.0/stm32cubeide/plugins/com.st.stm32cube.ide.mcu.externaltools.gnu-tools-for-stm32.10.3-2021.10.win32_1.0.0.202111181127/tools/bin/../lib/gcc/arm-none-eabi/10.3.1/thumb/v7e-m+fp/hard\libgcc.a(_aeabi_uldivmod.o)
                0x00000000080007f4                __aeabi_uldivmod
 .text          0x0000000008000824      0x2d0 c:/st/stm32cubeide_1.9.0/stm32cubeide/plugins/com.st.stm32cube.ide.mcu.externaltools.gnu-tools-for-stm32.10.3-2021.10.win32_1.0.0.202111181127/tools/bin/../lib/gcc/arm-none-eabi/10.3.1/thumb/v7e-m+fp/hard\libgcc.a(_udivmoddi4.o)
                0x0000000008000824                __udivmoddi4
 .text          0x0000000008000af4        0x4 c:/st/stm32cubeide_1.9.0/stm32cubeide/plugins/com.st.stm32cube.ide.mcu.externaltools.gnu-tools-for-stm32.10.3-2021.10.win32_1.0.0.202111181127/tools/bin/../lib/gcc/arm-none-eabi/10.3.1/thumb/v7e-m+fp/hard\libgcc.a(_dvmd_tls.o)
                0x0000000008000af4                __aeabi_idiv0
                0x0000000008000af4                __aeabi_ldiv0
 *(.text*)
 .text.Reset_Handler
                0x0000000008000af8       0x50 ./Application/Startup/startup_stm32f401retx.o
                0x0000000008000af8                Reset_Handler
 .text.Default_Handler
                0x0000000008000b48        0x2 ./Application/Startup/startup_stm32f401retx.o
                0x0000000008000b48                RTC_Alarm_IRQHandler
                0x0000000008000b48                EXTI2_IRQHandler
                0x0000000008000b48                DebugMon_Handler
                0x0000000008000b48                SPI4_IRQHandler
                0x0000000008000b48                TIM1_CC_IRQHandler
                0x0000000008000b48                DMA2_Stream5_IRQHandler
                0x0000000008000b48                PVD_IRQHandler
                0x0000000008000b48                SDIO_IRQHandler
                0x0000000008000b48                TAMP_STAMP_IRQHandler
                0x0000000008000b48                PendSV_Handler
                0x0000000008000b48                NMI_Handler
                0x0000000008000b48                EXTI3_IRQHandler
                0x0000000008000b48                I2C3_ER_IRQHandler
                0x0000000008000b48                EXTI0_IRQHandler
                0x0000000008000b48                I2C2_EV_IRQHandler
                0x0000000008000b48                DMA1_Stream2_IRQHandler
                0x0000000008000b48                FPU_IRQHandler
                0x0000000008000b48                UsageFault_Handler
                0x0000000008000b48                DMA2_Stream2_IRQHandler
                0x0000000008000b48                SPI1_IRQHandler
                0x0000000008000b48                DMA2_Stream3_IRQHandler
                0x0000000008000b48                USART6_IRQHandler
                0x0000000008000b48                DMA2_Stream0_IRQHandler
                0x0000000008000b48                TIM4_IRQHandler
                0x0000000008000b48                I2C1_EV_IRQHandler
                0x0000000008000b48                DMA1_Stream6_IRQHandler
                0x0000000008000b48                DMA1_Stream1_IRQHandler
                0x0000000008000b48                TIM3_IRQHandler
                0x0000000008000b48                RCC_IRQHandler
                0x0000000008000b48                Default_Handler
                0x0000000008000b48                DMA1_Stream7_IRQHandler
                0x0000000008000b48                TIM5_IRQHandler
                0x0000000008000b48                DMA2_Stream7_IRQHandler
                0x0000000008000b48                I2C3_EV_IRQHandler
                0x0000000008000b48                EXTI9_5_IRQHandler
                0x0000000008000b48                RTC_WKUP_IRQHandler
                0x0000000008000b48                SPI2_IRQHandler
                0x0000000008000b48                MemManage_Handler
                0x0000000008000b48                DMA1_Stream0_IRQHandler
                0x0000000008000b48                SVC_Handler
                0x0000000008000b48                EXTI4_IRQHandler
                0x0000000008000b48                WWDG_IRQHandler
                0x0000000008000b48                TIM2_IRQHandler
                0x0000000008000b48                OTG_FS_WKUP_IRQHandler
                0x0000000008000b48                TIM1_TRG_COM_TIM11_IRQHandler
                0x0000000008000b48                EXTI1_IRQHandler
                0x0000000008000b48                I2C2_ER_IRQHandler
                0x0000000008000b48                DMA2_Stream1_IRQHandler
                0x0000000008000b48                FLASH_IRQHandler
                0x0000000008000b48                DMA2_Stream4_IRQHandler
                0x0000000008000b48                BusFault_Handler
                0x0000000008000b48                USART1_IRQHandler
                0x0000000008000b48                OTG_FS_IRQHandler
                0x0000000008000b48                SPI3_IRQHandler
                0x0000000008000b48                DMA1_Stream4_IRQHandler
                0x0000000008000b48                I2C1_ER_IRQHandler
                0x0000000008000b48                DMA2_Stream6_IRQHandler
                0x0000000008000b48                DMA1_Stream3_IRQHandler
 *fill*         0x0000000008000b4a        0x2 
 .text.ASPEP_start
                0x0000000008000b4c       0x28 ./Application/User/aspep.o
                0x0000000008000b4c                ASPEP_start
 .text.ASPEP_sendBeacon
                0x0000000008000b74       0x8c ./Application/User/aspep.o
                0x0000000008000b74                ASPEP_sendBeacon
 .text.ASPEP_sendPing
                0x0000000008000c00       0x90 ./Application/User/aspep.o
                0x0000000008000c00                ASPEP_sendPing
 .text.ASPEP_getBuffer
                0x0000000008000c90       0x6c ./Application/User/aspep.o
                0x0000000008000c90                ASPEP_getBuffer
 .text.ASPEP_sendPacket
                0x0000000008000cfc      0x118 ./Application/User/aspep.o
                0x0000000008000cfc                ASPEP_sendPacket
 .text.ASPEP_HWDataTransmittedIT
                0x0000000008000e14       0x98 ./Application/User/aspep.o
                0x0000000008000e14                ASPEP_HWDataTransmittedIT
 .text.ASPEP_RXframeProcess
                0x0000000008000eac      0x2a8 ./Application/User/aspep.o
                0x0000000008000eac                ASPEP_RXframeProcess
 .text.ASPEP_HWDataReceivedIT
                0x0000000008001154       0x9c ./Application/User/aspep.o
                0x0000000008001154                ASPEP_HWDataReceivedIT
 .text.ASPEP_HWDMAReset
                0x00000000080011f0       0x14 ./Application/User/aspep.o
                0x00000000080011f0                ASPEP_HWDMAReset
 *fill*         0x0000000008001204        0x4 
 .text.SystemClock_Config
                0x0000000008001208       0xb8 ./Application/User/main.o
                0x0000000008001208                SystemClock_Config
 .text.startup.main
                0x00000000080012c0      0x384 ./Application/User/main.o
                0x00000000080012c0                main
 .text.Error_Handler
                0x0000000008001644        0x4 ./Application/User/main.o
                0x0000000008001644                Error_Handler
 .text.MC_StartMotor1
                0x0000000008001648        0xc ./Application/User/mc_api.o
                0x0000000008001648                MC_StartMotor1
 .text.MC_StopMotor1
                0x0000000008001654        0xc ./Application/User/mc_api.o
                0x0000000008001654                MC_StopMotor1
 .text.MC_GetMecSpeedAverageMotor1
                0x0000000008001660        0xc ./Application/User/mc_api.o
                0x0000000008001660                MC_GetMecSpeedAverageMotor1
 .text.MC_GetSTMStateMotor1
                0x000000000800166c        0xc ./Application/User/mc_api.o
                0x000000000800166c                MC_GetSTMStateMotor1
 .text.MCI_Init
                0x0000000008001678       0x24 ./Application/User/mc_interface.o
                0x0000000008001678                MCI_Init
 .text.MCI_ExecSpeedRamp
                0x000000000800169c       0x14 ./Application/User/mc_interface.o
                0x000000000800169c                MCI_ExecSpeedRamp
 .text.MCI_ExecTorqueRamp
                0x00000000080016b0       0x14 ./Application/User/mc_interface.o
                0x00000000080016b0                MCI_ExecTorqueRamp
 .text.MCI_SetCurrentReferences
                0x00000000080016c4       0x14 ./Application/User/mc_interface.o
                0x00000000080016c4                MCI_SetCurrentReferences
 .text.MCI_FaultProcessing
                0x00000000080016d8       0x18 ./Application/User/mc_interface.o
                0x00000000080016d8                MCI_FaultProcessing
 .text.MCI_ExecBufferedCommands
                0x00000000080016f0       0x70 ./Application/User/mc_interface.o
                0x00000000080016f0                MCI_ExecBufferedCommands
 .text.MCI_GetSTMState
                0x0000000008001760        0x4 ./Application/User/mc_interface.o
                0x0000000008001760                MCI_GetSTMState
 .text.MCI_GetOccurredFaults
                0x0000000008001764        0x4 ./Application/User/mc_interface.o
                0x0000000008001764                MCI_GetOccurredFaults
 .text.MCI_GetCurrentFaults
                0x0000000008001768        0x4 ./Application/User/mc_interface.o
                0x0000000008001768                MCI_GetCurrentFaults
 .text.MCI_StartMotor
                0x000000000800176c       0x2c ./Application/User/mc_interface.o
                0x000000000800176c                MCI_StartMotor
 .text.MCI_StopMotor
                0x0000000008001798       0x40 ./Application/User/mc_interface.o
                0x0000000008001798                MCI_StopMotor
 .text.MCI_FaultAcknowledged
                0x00000000080017d8       0x24 ./Application/User/mc_interface.o
                0x00000000080017d8                MCI_FaultAcknowledged
 .text.MCI_GetFaultState
                0x00000000080017fc        0xc ./Application/User/mc_interface.o
                0x00000000080017fc                MCI_GetFaultState
 .text.MCI_GetControlMode
                0x0000000008001808        0x4 ./Application/User/mc_interface.o
                0x0000000008001808                MCI_GetControlMode
 .text.MCI_GetImposedMotorDirection
                0x000000000800180c       0x44 ./Application/User/mc_interface.o
                0x000000000800180c                MCI_GetImposedMotorDirection
 .text.MCI_GetLastRampFinalSpeed
                0x0000000008001850        0x8 ./Application/User/mc_interface.o
                0x0000000008001850                MCI_GetLastRampFinalSpeed
 .text.MCI_GetLastRampFinalTorque
                0x0000000008001858        0x8 ./Application/User/mc_interface.o
                0x0000000008001858                MCI_GetLastRampFinalTorque
 .text.MCI_GetLastRampFinalDuration
                0x0000000008001860        0x4 ./Application/User/mc_interface.o
                0x0000000008001860                MCI_GetLastRampFinalDuration
 .text.MCI_StopRamp
                0x0000000008001864        0x8 ./Application/User/mc_interface.o
                0x0000000008001864                MCI_StopRamp
 .text.MCI_GetAvrgMecSpeedUnit
                0x000000000800186c       0x10 ./Application/User/mc_interface.o
                0x000000000800186c                MCI_GetAvrgMecSpeedUnit
 .text.MCI_GetMecSpeedRefUnit
                0x000000000800187c        0x8 ./Application/User/mc_interface.o
                0x000000000800187c                MCI_GetMecSpeedRefUnit
 .text.MCI_GetIab
                0x0000000008001884       0x1c ./Application/User/mc_interface.o
                0x0000000008001884                MCI_GetIab
 .text.MCI_GetIalphabeta
                0x00000000080018a0       0x1c ./Application/User/mc_interface.o
                0x00000000080018a0                MCI_GetIalphabeta
 .text.MCI_GetIqd
                0x00000000080018bc       0x1c ./Application/User/mc_interface.o
                0x00000000080018bc                MCI_GetIqd
 .text.MCI_GetIqdref
                0x00000000080018d8       0x1c ./Application/User/mc_interface.o
                0x00000000080018d8                MCI_GetIqdref
 .text.MCI_GetVqd
                0x00000000080018f4       0x1c ./Application/User/mc_interface.o
                0x00000000080018f4                MCI_GetVqd
 .text.MCI_GetValphabeta
                0x0000000008001910       0x1c ./Application/User/mc_interface.o
                0x0000000008001910                MCI_GetValphabeta
 .text.MCI_GetTeref
                0x000000000800192c        0x8 ./Application/User/mc_interface.o
                0x000000000800192c                MCI_GetTeref
 .text.MCI_Clear_Iqdref
                0x0000000008001934       0x14 ./Application/User/mc_interface.o
                0x0000000008001934                MCI_Clear_Iqdref
 .text.MCM_Clarke
                0x0000000008001948       0x54 ./Application/User/mc_math.o
                0x0000000008001948                MCM_Clarke
 .text.MCM_Trig_Functions
                0x000000000800199c       0x98 ./Application/User/mc_math.o
                0x000000000800199c                MCM_Trig_Functions
 .text.MCM_Park
                0x0000000008001a34       0x88 ./Application/User/mc_math.o
                0x0000000008001a34                MCM_Park
 .text.MCM_Rev_Park
                0x0000000008001abc       0x40 ./Application/User/mc_math.o
                0x0000000008001abc                MCM_Rev_Park
 .text.MCM_Sqrt
                0x0000000008001afc       0x74 ./Application/User/mc_math.o
                0x0000000008001afc                MCM_Sqrt
 .text.initModelPredictiveControl
                0x0000000008001b70       0xdc ./Application/User/mc_tasks.o
                0x0000000008001b70                initModelPredictiveControl
 .text.FOC_Clear
                0x0000000008001c4c       0x74 ./Application/User/mc_tasks.o
                0x0000000008001c4c                FOC_Clear
 .text.MCboot   0x0000000008001cc0      0x13c ./Application/User/mc_tasks.o
                0x0000000008001cc0                MCboot
 .text.FOC_InitAdditionalMethods
                0x0000000008001dfc        0x4 ./Application/User/mc_tasks.o
                0x0000000008001dfc                FOC_InitAdditionalMethods
 .text.FOC_CalcCurrRef
                0x0000000008001e00       0x2c ./Application/User/mc_tasks.o
                0x0000000008001e00                FOC_CalcCurrRef
 .text.TSK_SetChargeBootCapDelayM1
                0x0000000008001e2c        0xc ./Application/User/mc_tasks.o
                0x0000000008001e2c                TSK_SetChargeBootCapDelayM1
 .text.TSK_ChargeBootCapDelayHasElapsedM1
                0x0000000008001e38       0x14 ./Application/User/mc_tasks.o
                0x0000000008001e38                TSK_ChargeBootCapDelayHasElapsedM1
 .text.TSK_SetStopPermanencyTimeM1
                0x0000000008001e4c        0xc ./Application/User/mc_tasks.o
                0x0000000008001e4c                TSK_SetStopPermanencyTimeM1
 .text.TSK_StopPermanencyTimeHasElapsedM1
                0x0000000008001e58       0x14 ./Application/User/mc_tasks.o
                0x0000000008001e58                TSK_StopPermanencyTimeHasElapsedM1
 .text.TSK_MediumFrequencyTaskM1
                0x0000000008001e6c      0x31c ./Application/User/mc_tasks.o
                0x0000000008001e6c                TSK_MediumFrequencyTaskM1
 .text.MC_Scheduler
                0x0000000008002188       0x88 ./Application/User/mc_tasks.o
                0x0000000008002188                MC_Scheduler
 .text.TSK_HighFrequencyTask
                0x0000000008002210      0x3e8 ./Application/User/mc_tasks.o
                0x0000000008002210                TSK_HighFrequencyTask
 .text.TSK_SafetyTask_PWMOFF
                0x00000000080025f8       0x98 ./Application/User/mc_tasks.o
                0x00000000080025f8                TSK_SafetyTask_PWMOFF
 .text.TSK_SafetyTask
                0x0000000008002690       0x20 ./Application/User/mc_tasks.o
                0x0000000008002690                TSK_SafetyTask
 .text.MC_RunMotorControlTasks
                0x00000000080026b0       0x18 ./Application/User/mc_tasks.o
                0x00000000080026b0                MC_RunMotorControlTasks
 .text.TSK_HardwareFaultTask
                0x00000000080026c8       0x20 ./Application/User/mc_tasks.o
                0x00000000080026c8                TSK_HardwareFaultTask
 .text.UI_HandleStartStopButton_cb
                0x00000000080026e8       0x18 ./Application/User/mc_tasks.o
                0x00000000080026e8                UI_HandleStartStopButton_cb
 .text.mc_lock_pins
                0x0000000008002700       0xf0 ./Application/User/mc_tasks.o
                0x0000000008002700                mc_lock_pins
 .text.MX_MotorControl_Init
                0x00000000080027f0       0x3c ./Application/User/motorcontrol.o
                0x00000000080027f0                MX_MotorControl_Init
 .text.PWMC_GetPhaseCurrents
                0x000000000800282c        0x4 ./Application/User/pwm_curr_fdbk.o
                0x000000000800282c                PWMC_GetPhaseCurrents
 .text.PWMC_SetPhaseVoltage
                0x0000000008002830      0x294 ./Application/User/pwm_curr_fdbk.o
                0x0000000008002830                PWMC_SetPhaseVoltage
 .text.PWMC_SwitchOffPWM
                0x0000000008002ac4        0x4 ./Application/User/pwm_curr_fdbk.o
                0x0000000008002ac4                PWMC_SwitchOffPWM
 .text.PWMC_SwitchOnPWM
                0x0000000008002ac8        0x4 ./Application/User/pwm_curr_fdbk.o
                0x0000000008002ac8                PWMC_SwitchOnPWM
 .text.PWMC_CurrentReadingCalibr
                0x0000000008002acc       0x54 ./Application/User/pwm_curr_fdbk.o
                0x0000000008002acc                PWMC_CurrentReadingCalibr
 .text.PWMC_CheckOverCurrent
                0x0000000008002b20        0x4 ./Application/User/pwm_curr_fdbk.o
                0x0000000008002b20                PWMC_CheckOverCurrent
 .text.RI_SetRegCommandParser
                0x0000000008002b24      0x764 ./Application/User/register_interface.o
                0x0000000008002b24                RI_SetRegCommandParser
 .text.RI_GetRegCommandParser
                0x0000000008003288      0x880 ./Application/User/register_interface.o
                0x0000000008003288                RI_GetRegCommandParser
 .text.RI_GetIDSize
                0x0000000008003b08       0x18 ./Application/User/register_interface.o
                0x0000000008003b08                RI_GetIDSize
 .text.RI_GetPtrReg
                0x0000000008003b20      0x144 ./Application/User/register_interface.o
                0x0000000008003b20                RI_GetPtrReg
 .text.RCM_RegisterRegConv
                0x0000000008003c64      0x1b8 ./Application/User/regular_conversion_manager.o
                0x0000000008003c64                RCM_RegisterRegConv
 .text.RCM_ExecRegularConv
                0x0000000008003e1c       0x74 ./Application/User/regular_conversion_manager.o
                0x0000000008003e1c                RCM_ExecRegularConv
 .text.RCM_ExecUserConv
                0x0000000008003e90       0x50 ./Application/User/regular_conversion_manager.o
                0x0000000008003e90                RCM_ExecUserConv
 .text.HAL_MspInit
                0x0000000008003ee0       0x3c ./Application/User/stm32f4xx_hal_msp.o
                0x0000000008003ee0                HAL_MspInit
 .text.HAL_ADC_MspInit
                0x0000000008003f1c       0x90 ./Application/User/stm32f4xx_hal_msp.o
                0x0000000008003f1c                HAL_ADC_MspInit
 *fill*         0x0000000008003fac        0x4 
 .text.HAL_TIM_Base_MspInit
                0x0000000008003fb0       0x70 ./Application/User/stm32f4xx_hal_msp.o
                0x0000000008003fb0                HAL_TIM_Base_MspInit
 .text.HAL_TIM_MspPostInit
                0x0000000008004020       0x68 ./Application/User/stm32f4xx_hal_msp.o
                0x0000000008004020                HAL_TIM_MspPostInit
 .text.HAL_UART_MspInit
                0x0000000008004088       0xe4 ./Application/User/stm32f4xx_hal_msp.o
                0x0000000008004088                HAL_UART_MspInit
 .text.ADC_IRQHandler
                0x000000000800416c       0x1c ./Application/User/stm32f4xx_mc_it.o
                0x000000000800416c                ADC_IRQHandler
 .text.TIM1_UP_TIM10_IRQHandler
                0x0000000008004188       0x18 ./Application/User/stm32f4xx_mc_it.o
                0x0000000008004188                TIM1_UP_TIM10_IRQHandler
 .text.TIM1_BRK_TIM9_IRQHandler
                0x00000000080041a0       0x28 ./Application/User/stm32f4xx_mc_it.o
                0x00000000080041a0                TIM1_BRK_TIM9_IRQHandler
 .text.DMA1_Stream5_IRQHandler
                0x00000000080041c8       0x24 ./Application/User/stm32f4xx_mc_it.o
                0x00000000080041c8                DMA1_Stream5_IRQHandler
 .text.USART2_IRQHandler
                0x00000000080041ec      0x11c ./Application/User/stm32f4xx_mc_it.o
                0x00000000080041ec                USART2_IRQHandler
 .text.HardFault_Handler
                0x0000000008004308        0x8 ./Application/User/stm32f4xx_mc_it.o
                0x0000000008004308                HardFault_Handler
 .text.SysTick_Handler
                0x0000000008004310       0x30 ./Application/User/stm32f4xx_mc_it.o
                0x0000000008004310                SysTick_Handler
 .text.EXTI15_10_IRQHandler
                0x0000000008004340       0x18 ./Application/User/stm32f4xx_mc_it.o
                0x0000000008004340                EXTI15_10_IRQHandler
 .text.UASPEP_INIT
                0x0000000008004358       0x94 ./Application/User/usart_aspep_driver.o
                0x0000000008004358                UASPEP_INIT
 .text.UASPEP_SEND_PACKET
                0x00000000080043ec       0x74 ./Application/User/usart_aspep_driver.o
                0x00000000080043ec                UASPEP_SEND_PACKET
 .text.UASPEP_RECEIVE_BUFFER
                0x0000000008004460       0x30 ./Application/User/usart_aspep_driver.o
                0x0000000008004460                UASPEP_RECEIVE_BUFFER
 .text.UASPEP_IDLE_ENABLE
                0x0000000008004490       0x28 ./Application/User/usart_aspep_driver.o
                0x0000000008004490                UASPEP_IDLE_ENABLE
 .text.SystemInit
                0x00000000080044b8       0x14 ./Drivers/CMSIS/system_stm32f4xx.o
                0x00000000080044b8                SystemInit
 .text.HAL_InitTick
                0x00000000080044cc       0x48 ./Drivers/STM32F4xx_HAL_Driver/stm32f4xx_hal.o
                0x00000000080044cc                HAL_InitTick
 .text.HAL_Init
                0x0000000008004514       0x34 ./Drivers/STM32F4xx_HAL_Driver/stm32f4xx_hal.o
                0x0000000008004514                HAL_Init
 .text.HAL_IncTick
                0x0000000008004548       0x18 ./Drivers/STM32F4xx_HAL_Driver/stm32f4xx_hal.o
                0x0000000008004548                HAL_IncTick
 .text.HAL_GetTick
                0x0000000008004560        0xc ./Drivers/STM32F4xx_HAL_Driver/stm32f4xx_hal.o
                0x0000000008004560                HAL_GetTick
 .text.HAL_ADC_Init
                0x000000000800456c      0x15c ./Drivers/STM32F4xx_HAL_Driver/stm32f4xx_hal_adc.o
                0x000000000800456c                HAL_ADC_Init
 .text.HAL_ADC_ConfigChannel
                0x00000000080046c8      0x15c ./Drivers/STM32F4xx_HAL_Driver/stm32f4xx_hal_adc.o
                0x00000000080046c8                HAL_ADC_ConfigChannel
 .text.HAL_ADCEx_InjectedConfigChannel
                0x0000000008004824      0x1b0 ./Drivers/STM32F4xx_HAL_Driver/stm32f4xx_hal_adc_ex.o
                0x0000000008004824                HAL_ADCEx_InjectedConfigChannel
 .text.HAL_NVIC_SetPriorityGrouping
                0x00000000080049d4       0x24 ./Drivers/STM32F4xx_HAL_Driver/stm32f4xx_hal_cortex.o
                0x00000000080049d4                HAL_NVIC_SetPriorityGrouping
 .text.HAL_NVIC_SetPriority
                0x00000000080049f8       0x7c ./Drivers/STM32F4xx_HAL_Driver/stm32f4xx_hal_cortex.o
                0x00000000080049f8                HAL_NVIC_SetPriority
 .text.HAL_NVIC_EnableIRQ
                0x0000000008004a74       0x1c ./Drivers/STM32F4xx_HAL_Driver/stm32f4xx_hal_cortex.o
                0x0000000008004a74                HAL_NVIC_EnableIRQ
 .text.HAL_SYSTICK_Config
                0x0000000008004a90       0x34 ./Drivers/STM32F4xx_HAL_Driver/stm32f4xx_hal_cortex.o
                0x0000000008004a90                HAL_SYSTICK_Config
 .text.HAL_SYSTICK_Callback
                0x0000000008004ac4        0x4 ./Drivers/STM32F4xx_HAL_Driver/stm32f4xx_hal_cortex.o
                0x0000000008004ac4                HAL_SYSTICK_Callback
 .text.HAL_SYSTICK_IRQHandler
                0x0000000008004ac8        0x8 ./Drivers/STM32F4xx_HAL_Driver/stm32f4xx_hal_cortex.o
                0x0000000008004ac8                HAL_SYSTICK_IRQHandler
 .text.HAL_DMA_Init
                0x0000000008004ad0      0x130 ./Drivers/STM32F4xx_HAL_Driver/stm32f4xx_hal_dma.o
                0x0000000008004ad0                HAL_DMA_Init
 .text.HAL_GPIO_Init
                0x0000000008004c00      0x1e4 ./Drivers/STM32F4xx_HAL_Driver/stm32f4xx_hal_gpio.o
                0x0000000008004c00                HAL_GPIO_Init
 .text.HAL_GPIO_WritePin
                0x0000000008004de4        0x8 ./Drivers/STM32F4xx_HAL_Driver/stm32f4xx_hal_gpio.o
                0x0000000008004de4                HAL_GPIO_WritePin
 .text.HAL_RCC_OscConfig
                0x0000000008004dec      0x3c8 ./Drivers/STM32F4xx_HAL_Driver/stm32f4xx_hal_rcc.o
                0x0000000008004dec                HAL_RCC_OscConfig
 .text.HAL_RCC_EnableCSS
                0x00000000080051b4        0xc ./Drivers/STM32F4xx_HAL_Driver/stm32f4xx_hal_rcc.o
                0x00000000080051b4                HAL_RCC_EnableCSS
 .text.HAL_RCC_GetSysClockFreq
                0x00000000080051c0       0x68 ./Drivers/STM32F4xx_HAL_Driver/stm32f4xx_hal_rcc.o
                0x00000000080051c0                HAL_RCC_GetSysClockFreq
 .text.HAL_RCC_ClockConfig
                0x0000000008005228      0x13c ./Drivers/STM32F4xx_HAL_Driver/stm32f4xx_hal_rcc.o
                0x0000000008005228                HAL_RCC_ClockConfig
 .text.HAL_RCC_GetHCLKFreq
                0x0000000008005364        0xc ./Drivers/STM32F4xx_HAL_Driver/stm32f4xx_hal_rcc.o
                0x0000000008005364                HAL_RCC_GetHCLKFreq
 .text.HAL_RCC_GetPCLK1Freq
                0x0000000008005370       0x20 ./Drivers/STM32F4xx_HAL_Driver/stm32f4xx_hal_rcc.o
                0x0000000008005370                HAL_RCC_GetPCLK1Freq
 .text.HAL_RCC_GetPCLK2Freq
                0x0000000008005390       0x20 ./Drivers/STM32F4xx_HAL_Driver/stm32f4xx_hal_rcc.o
                0x0000000008005390                HAL_RCC_GetPCLK2Freq
 .text.HAL_TIM_Base_Init
                0x00000000080053b0       0xfc ./Drivers/STM32F4xx_HAL_Driver/stm32f4xx_hal_tim.o
                0x00000000080053b0                HAL_TIM_Base_Init
 .text.HAL_TIM_PWM_MspInit
                0x00000000080054ac        0x4 ./Drivers/STM32F4xx_HAL_Driver/stm32f4xx_hal_tim.o
                0x00000000080054ac                HAL_TIM_PWM_MspInit
 .text.HAL_TIM_PWM_Init
                0x00000000080054b0       0xfc ./Drivers/STM32F4xx_HAL_Driver/stm32f4xx_hal_tim.o
                0x00000000080054b0                HAL_TIM_PWM_Init
 .text.HAL_TIM_PWM_ConfigChannel
                0x00000000080055ac      0x20c ./Drivers/STM32F4xx_HAL_Driver/stm32f4xx_hal_tim.o
                0x00000000080055ac                HAL_TIM_PWM_ConfigChannel
 .text.HAL_TIM_SlaveConfigSynchro
                0x00000000080057b8      0x118 ./Drivers/STM32F4xx_HAL_Driver/stm32f4xx_hal_tim.o
                0x00000000080057b8                HAL_TIM_SlaveConfigSynchro
 .text.HAL_TIMEx_MasterConfigSynchronization
                0x00000000080058d0       0x70 ./Drivers/STM32F4xx_HAL_Driver/stm32f4xx_hal_tim_ex.o
                0x00000000080058d0                HAL_TIMEx_MasterConfigSynchronization
 .text.HAL_TIMEx_ConfigBreakDeadTime
                0x0000000008005940       0x54 ./Drivers/STM32F4xx_HAL_Driver/stm32f4xx_hal_tim_ex.o
                0x0000000008005940                HAL_TIMEx_ConfigBreakDeadTime
 .text.HAL_UART_Init
                0x0000000008005994      0x134 ./Drivers/STM32F4xx_HAL_Driver/stm32f4xx_hal_uart.o
                0x0000000008005994                HAL_UART_Init
 .text.VBS_GetAvBusVoltage_d
                0x0000000008005ac8        0x4 ./Middlewares/MotorControl/bus_voltage_sensor.o
                0x0000000008005ac8                VBS_GetAvBusVoltage_d
 .text.VBS_GetAvBusVoltage_V
                0x0000000008005acc        0xc ./Middlewares/MotorControl/bus_voltage_sensor.o
                0x0000000008005acc                VBS_GetAvBusVoltage_V
 .text.Circle_Limitation
                0x0000000008005ad8       0x60 ./Middlewares/MotorControl/circle_limitation.o
                0x0000000008005ad8                Circle_Limitation
 .text.MCP_ReceivedPacket
                0x0000000008005b38      0x1ec ./Middlewares/MotorControl/mcp.o
                0x0000000008005b38                MCP_ReceivedPacket
 .text.MCPA_dataLog
                0x0000000008005d24      0x188 ./Middlewares/MotorControl/mcpa.o
                0x0000000008005d24                MCPA_dataLog
 .text.MCPA_flushDataLog
                0x0000000008005eac       0x5c ./Middlewares/MotorControl/mcpa.o
                0x0000000008005eac                MCPA_flushDataLog
 .text.MCPA_cfgLog
                0x0000000008005f08       0xec ./Middlewares/MotorControl/mcpa.o
                0x0000000008005f08                MCPA_cfgLog
 .text.MPM_Clear
                0x0000000008005ff4       0x18 ./Middlewares/MotorControl/motor_power_measurement.o
                0x0000000008005ff4                MPM_Clear
 .text.MPM_CalcElMotorPower
                0x000000000800600c       0x40 ./Middlewares/MotorControl/motor_power_measurement.o
                0x000000000800600c                MPM_CalcElMotorPower
 .text.MPM_GetAvrgElMotorPowerW
                0x000000000800604c        0x8 ./Middlewares/MotorControl/motor_power_measurement.o
                0x000000000800604c                MPM_GetAvrgElMotorPowerW
 .text.NTC_SetFaultState
                0x0000000008006054       0x1c ./Middlewares/MotorControl/ntc_temperature_sensor.o
                0x0000000008006054                NTC_SetFaultState
 .text.NTC_Clear
                0x0000000008006070        0x8 ./Middlewares/MotorControl/ntc_temperature_sensor.o
                0x0000000008006070                NTC_Clear
 .text.NTC_Init
                0x0000000008006078       0x24 ./Middlewares/MotorControl/ntc_temperature_sensor.o
                0x0000000008006078                NTC_Init
 .text.NTC_CalcAvTemp
                0x000000000800609c       0x38 ./Middlewares/MotorControl/ntc_temperature_sensor.o
                0x000000000800609c                NTC_CalcAvTemp
 .text.NTC_GetAvTemp_C
                0x00000000080060d4       0x24 ./Middlewares/MotorControl/ntc_temperature_sensor.o
                0x00000000080060d4                NTC_GetAvTemp_C
 .text.PID_HandleInit
                0x00000000080060f8       0x10 ./Middlewares/MotorControl/pid_regulator.o
                0x00000000080060f8                PID_HandleInit
 .text.PID_SetKP
                0x0000000008006108        0x4 ./Middlewares/MotorControl/pid_regulator.o
                0x0000000008006108                PID_SetKP
 .text.PID_SetKI
                0x000000000800610c        0x4 ./Middlewares/MotorControl/pid_regulator.o
                0x000000000800610c                PID_SetKI
 .text.PID_GetKP
                0x0000000008006110        0x8 ./Middlewares/MotorControl/pid_regulator.o
                0x0000000008006110                PID_GetKP
 .text.PID_GetKI
                0x0000000008006118        0x8 ./Middlewares/MotorControl/pid_regulator.o
                0x0000000008006118                PID_GetKI
 .text.PID_SetIntegralTerm
                0x0000000008006120        0x4 ./Middlewares/MotorControl/pid_regulator.o
                0x0000000008006120                PID_SetIntegralTerm
 .text.PID_GetKPDivisorPOW2
                0x0000000008006124        0x4 ./Middlewares/MotorControl/pid_regulator.o
                0x0000000008006124                PID_GetKPDivisorPOW2
 .text.PID_SetKPDivisorPOW2
                0x0000000008006128        0xc ./Middlewares/MotorControl/pid_regulator.o
                0x0000000008006128                PID_SetKPDivisorPOW2
 .text.PID_GetKIDivisor
                0x0000000008006134        0x4 ./Middlewares/MotorControl/pid_regulator.o
                0x0000000008006134                PID_GetKIDivisor
 .text.PID_GetKIDivisorPOW2
                0x0000000008006138        0x4 ./Middlewares/MotorControl/pid_regulator.o
                0x0000000008006138                PID_GetKIDivisorPOW2
 .text.PID_SetLowerIntegralTermLimit
                0x000000000800613c        0x4 ./Middlewares/MotorControl/pid_regulator.o
                0x000000000800613c                PID_SetLowerIntegralTermLimit
 .text.PID_SetUpperIntegralTermLimit
                0x0000000008006140        0x4 ./Middlewares/MotorControl/pid_regulator.o
                0x0000000008006140                PID_SetUpperIntegralTermLimit
 .text.PID_SetKIDivisorPOW2
                0x0000000008006144       0x28 ./Middlewares/MotorControl/pid_regulator.o
                0x0000000008006144                PID_SetKIDivisorPOW2
 .text.PID_SetKD
                0x000000000800616c        0x4 ./Middlewares/MotorControl/pid_regulator.o
                0x000000000800616c                PID_SetKD
 .text.PID_GetKD
                0x0000000008006170        0x8 ./Middlewares/MotorControl/pid_regulator.o
                0x0000000008006170                PID_GetKD
 .text.PID_GetKDDivisorPOW2
                0x0000000008006178        0x4 ./Middlewares/MotorControl/pid_regulator.o
                0x0000000008006178                PID_GetKDDivisorPOW2
 .text.PID_SetKDDivisorPOW2
                0x000000000800617c        0xc ./Middlewares/MotorControl/pid_regulator.o
                0x000000000800617c                PID_SetKDDivisorPOW2
 .text.PI_Controller
                0x0000000008006188       0x8c ./Middlewares/MotorControl/pid_regulator.o
                0x0000000008006188                PI_Controller
 .text.PQD_CalcElMotorPower
                0x0000000008006214       0x6c ./Middlewares/MotorControl/pqd_motor_power_measurement.o
                0x0000000008006214                PQD_CalcElMotorPower
 .text.startTimers
                0x0000000008006280       0x64 ./Middlewares/MotorControl/pwm_common.o
                0x0000000008006280                startTimers
 .text.waitForPolarizationEnd
                0x00000000080062e4       0x3c ./Middlewares/MotorControl/pwm_common.o
                0x00000000080062e4                waitForPolarizationEnd
 .text.R3_1_GetPhaseCurrents
                0x0000000008006320      0x194 ./Middlewares/MotorControl/r3_1_f4xx_pwm_curr_fdbk.o
                0x0000000008006320                R3_1_GetPhaseCurrents
 .text.R3_1_HFCurrentsCalibrationAB
                0x00000000080064b4       0x4c ./Middlewares/MotorControl/r3_1_f4xx_pwm_curr_fdbk.o
                0x00000000080064b4                R3_1_HFCurrentsCalibrationAB
 .text.R3_1_HFCurrentsCalibrationC
                0x0000000008006500       0x44 ./Middlewares/MotorControl/r3_1_f4xx_pwm_curr_fdbk.o
                0x0000000008006500                R3_1_HFCurrentsCalibrationC
 .text.R3_1_TurnOnLowSides
                0x0000000008006544       0x54 ./Middlewares/MotorControl/r3_1_f4xx_pwm_curr_fdbk.o
                0x0000000008006544                R3_1_TurnOnLowSides
 .text.R3_1_SwitchOnPWM
                0x0000000008006598       0x94 ./Middlewares/MotorControl/r3_1_f4xx_pwm_curr_fdbk.o
                0x0000000008006598                R3_1_SwitchOnPWM
 .text.R3_1_SwitchOffPWM
                0x000000000800662c       0x70 ./Middlewares/MotorControl/r3_1_f4xx_pwm_curr_fdbk.o
                0x000000000800662c                R3_1_SwitchOffPWM
 .text.R3_1_RLGetPhaseCurrents
                0x000000000800669c       0x58 ./Middlewares/MotorControl/r3_1_f4xx_pwm_curr_fdbk.o
                0x000000000800669c                R3_1_RLGetPhaseCurrents
 .text.R3_1_RLTurnOnLowSides
                0x00000000080066f4       0x4c ./Middlewares/MotorControl/r3_1_f4xx_pwm_curr_fdbk.o
                0x00000000080066f4                R3_1_RLTurnOnLowSides
 .text.R3_1_RLSwitchOnPWM
                0x0000000008006740       0xa4 ./Middlewares/MotorControl/r3_1_f4xx_pwm_curr_fdbk.o
                0x0000000008006740                R3_1_RLSwitchOnPWM
 .text.R3_1_Init
                0x00000000080067e4       0xa4 ./Middlewares/MotorControl/r3_1_f4xx_pwm_curr_fdbk.o
                0x00000000080067e4                R3_1_Init
 .text.R3_1_SetOffsetCalib
                0x0000000008006888       0x1c ./Middlewares/MotorControl/r3_1_f4xx_pwm_curr_fdbk.o
                0x0000000008006888                R3_1_SetOffsetCalib
 .text.R3_1_GetOffsetCalib
                0x00000000080068a4       0x10 ./Middlewares/MotorControl/r3_1_f4xx_pwm_curr_fdbk.o
                0x00000000080068a4                R3_1_GetOffsetCalib
 .text.R3_1_CurrentReadingCalibration
                0x00000000080068b4      0x11c ./Middlewares/MotorControl/r3_1_f4xx_pwm_curr_fdbk.o
                0x00000000080068b4                R3_1_CurrentReadingCalibration
 .text.R3_1_WriteTIMRegisters
                0x00000000080069d0       0x38 ./Middlewares/MotorControl/r3_1_f4xx_pwm_curr_fdbk.o
                0x00000000080069d0                R3_1_WriteTIMRegisters
 .text.R3_1_SetADCSampPointCalibration
                0x0000000008006a08       0x20 ./Middlewares/MotorControl/r3_1_f4xx_pwm_curr_fdbk.o
                0x0000000008006a08                R3_1_SetADCSampPointCalibration
 .text.R3_1_SetADCSampPointSectX
                0x0000000008006a28       0x6c ./Middlewares/MotorControl/r3_1_f4xx_pwm_curr_fdbk.o
                0x0000000008006a28                R3_1_SetADCSampPointSectX
 .text.R3_1_TIMx_UP_IRQHandler
                0x0000000008006a94       0x44 ./Middlewares/MotorControl/r3_1_f4xx_pwm_curr_fdbk.o
                0x0000000008006a94                R3_1_TIMx_UP_IRQHandler
 .text.R3_1_BRK_IRQHandler
                0x0000000008006ad8       0x44 ./Middlewares/MotorControl/r3_1_f4xx_pwm_curr_fdbk.o
                0x0000000008006ad8                R3_1_BRK_IRQHandler
 .text.R3_1_IsOverCurrentOccurred
                0x0000000008006b1c       0x14 ./Middlewares/MotorControl/r3_1_f4xx_pwm_curr_fdbk.o
                0x0000000008006b1c                R3_1_IsOverCurrentOccurred
 .text.R3_1_RLDetectionModeEnable
                0x0000000008006b30       0xc0 ./Middlewares/MotorControl/r3_1_f4xx_pwm_curr_fdbk.o
                0x0000000008006b30                R3_1_RLDetectionModeEnable
 .text.R3_1_RLDetectionModeDisable
                0x0000000008006bf0      0x148 ./Middlewares/MotorControl/r3_1_f4xx_pwm_curr_fdbk.o
                0x0000000008006bf0                R3_1_RLDetectionModeDisable
 .text.R3_1_RLDetectionModeSetDuty
                0x0000000008006d38       0x38 ./Middlewares/MotorControl/r3_1_f4xx_pwm_curr_fdbk.o
                0x0000000008006d38                R3_1_RLDetectionModeSetDuty
 .text.RVBS_Clear
                0x0000000008006d70       0x40 ./Middlewares/MotorControl/r_divider_bus_voltage_sensor.o
                0x0000000008006d70                RVBS_Clear
 .text.RVBS_Init
                0x0000000008006db0       0x18 ./Middlewares/MotorControl/r_divider_bus_voltage_sensor.o
                0x0000000008006db0                RVBS_Init
 .text.RVBS_CheckFaultState
                0x0000000008006dc8       0x18 ./Middlewares/MotorControl/r_divider_bus_voltage_sensor.o
                0x0000000008006dc8                RVBS_CheckFaultState
 .text.RVBS_CalcAvVbus
                0x0000000008006de0       0x68 ./Middlewares/MotorControl/r_divider_bus_voltage_sensor.o
                0x0000000008006de0                RVBS_CalcAvVbus
 .text.REMNG_Init
                0x0000000008006e48       0x10 ./Middlewares/MotorControl/ramp_ext_mngr.o
                0x0000000008006e48                REMNG_Init
 .text.REMNG_Calc
                0x0000000008006e58       0x44 ./Middlewares/MotorControl/ramp_ext_mngr.o
                0x0000000008006e58                REMNG_Calc
 .text.REMNG_RampCompleted
                0x0000000008006e9c        0xc ./Middlewares/MotorControl/ramp_ext_mngr.o
                0x0000000008006e9c                REMNG_RampCompleted
 .text.getScalingFactor
                0x0000000008006ea8       0x2c ./Middlewares/MotorControl/ramp_ext_mngr.o
                0x0000000008006ea8                getScalingFactor
 .text.REMNG_ExecRamp
                0x0000000008006ed4       0x88 ./Middlewares/MotorControl/ramp_ext_mngr.o
                0x0000000008006ed4                REMNG_ExecRamp
 .text.RUC_Init
                0x0000000008006f5c       0x70 ./Middlewares/MotorControl/revup_ctrl.o
                0x0000000008006f5c                RUC_Init
 .text.RUC_Clear
                0x0000000008006fcc       0x88 ./Middlewares/MotorControl/revup_ctrl.o
                0x0000000008006fcc                RUC_Clear
 .text.RUC_Exec
                0x0000000008007054       0x6c ./Middlewares/MotorControl/revup_ctrl.o
                0x0000000008007054                RUC_Exec
 .text.RUC_FirstAccelerationStageReached
                0x00000000080070c0       0x14 ./Middlewares/MotorControl/revup_ctrl.o
                0x00000000080070c0                RUC_FirstAccelerationStageReached
 .text.RUC_SetPhase
                0x00000000080070d4       0x1c ./Middlewares/MotorControl/revup_ctrl.o
                0x00000000080070d4                RUC_SetPhase
 .text.RUC_GetNumberOfPhases
                0x00000000080070f0        0x8 ./Middlewares/MotorControl/revup_ctrl.o
                0x00000000080070f0                RUC_GetNumberOfPhases
 .text.RUC_GetPhase
                0x00000000080070f8       0x20 ./Middlewares/MotorControl/revup_ctrl.o
                0x00000000080070f8                RUC_GetPhase
 .text.SPD_GetElAngle
                0x0000000008007118        0x8 ./Middlewares/MotorControl/speed_pos_fdbk.o
                0x0000000008007118                SPD_GetElAngle
 .text.SPD_GetAvrgMecSpeedUnit
                0x0000000008007120        0x8 ./Middlewares/MotorControl/speed_pos_fdbk.o
                0x0000000008007120                SPD_GetAvrgMecSpeedUnit
 .text.SPD_GetInstElSpeedDpp
                0x0000000008007128        0x8 ./Middlewares/MotorControl/speed_pos_fdbk.o
                0x0000000008007128                SPD_GetInstElSpeedDpp
 .text.SPD_IsMecSpeedReliable
                0x0000000008007130       0x6c ./Middlewares/MotorControl/speed_pos_fdbk.o
                0x0000000008007130                SPD_IsMecSpeedReliable
 .text.SPD_GetS16Speed
                0x000000000800719c       0x14 ./Middlewares/MotorControl/speed_pos_fdbk.o
                0x000000000800719c                SPD_GetS16Speed
 .text.STC_Init
                0x00000000080071b0       0x2c ./Middlewares/MotorControl/speed_torq_ctrl.o
                0x00000000080071b0                STC_Init
 .text.STC_SetSpeedSensor
                0x00000000080071dc        0x4 ./Middlewares/MotorControl/speed_torq_ctrl.o
                0x00000000080071dc                STC_SetSpeedSensor
 .text.STC_GetSpeedSensor
                0x00000000080071e0        0x4 ./Middlewares/MotorControl/speed_torq_ctrl.o
                0x00000000080071e0                STC_GetSpeedSensor
 .text.STC_Clear
                0x00000000080071e4       0x10 ./Middlewares/MotorControl/speed_torq_ctrl.o
                0x00000000080071e4                STC_Clear
 .text.STC_GetMecSpeedRefUnit
                0x00000000080071f4        0x8 ./Middlewares/MotorControl/speed_torq_ctrl.o
                0x00000000080071f4                STC_GetMecSpeedRefUnit
 .text.STC_GetTorqueRef
                0x00000000080071fc        0x8 ./Middlewares/MotorControl/speed_torq_ctrl.o
                0x00000000080071fc                STC_GetTorqueRef
 .text.STC_SetControlMode
                0x0000000008007204        0x8 ./Middlewares/MotorControl/speed_torq_ctrl.o
                0x0000000008007204                STC_SetControlMode
 .text.STC_ExecRamp
                0x000000000800720c       0x84 ./Middlewares/MotorControl/speed_torq_ctrl.o
                0x000000000800720c                STC_ExecRamp
 .text.STC_StopRamp
                0x0000000008007290        0x8 ./Middlewares/MotorControl/speed_torq_ctrl.o
                0x0000000008007290                STC_StopRamp
 .text.STC_CalcTorqueReference
                0x0000000008007298       0x54 ./Middlewares/MotorControl/speed_torq_ctrl.o
                0x0000000008007298                STC_CalcTorqueReference
 .text.STC_GetMecSpeedRefUnitDefault
                0x00000000080072ec        0x8 ./Middlewares/MotorControl/speed_torq_ctrl.o
                0x00000000080072ec                STC_GetMecSpeedRefUnitDefault
 .text.STC_GetDefaultIqdref
                0x00000000080072f4       0x1c ./Middlewares/MotorControl/speed_torq_ctrl.o
                0x00000000080072f4                STC_GetDefaultIqdref
 .text.STC_ForceSpeedReferenceToCurrentSpeed
                0x0000000008007310       0x10 ./Middlewares/MotorControl/speed_torq_ctrl.o
                0x0000000008007310                STC_ForceSpeedReferenceToCurrentSpeed
 .text.STO_PLL_CalcElAngle
                0x0000000008007320      0x1f0 ./Middlewares/MotorControl/sto_pll_speed_pos_fdbk.o
                0x0000000008007320                STO_PLL_CalcElAngle
 .text.STO_PLL_CalcAvrgMecSpeedUnit
                0x0000000008007510      0x154 ./Middlewares/MotorControl/sto_pll_speed_pos_fdbk.o
                0x0000000008007510                STO_PLL_CalcAvrgMecSpeedUnit
 .text.STO_PLL_CalcAvrgElSpeedDpp
                0x0000000008007664       0x64 ./Middlewares/MotorControl/sto_pll_speed_pos_fdbk.o
                0x0000000008007664                STO_PLL_CalcAvrgElSpeedDpp
 .text.STO_PLL_Clear
                0x00000000080076c8       0x4c ./Middlewares/MotorControl/sto_pll_speed_pos_fdbk.o
                0x00000000080076c8                STO_PLL_Clear
 .text.STO_PLL_Init
                0x0000000008007714       0x74 ./Middlewares/MotorControl/sto_pll_speed_pos_fdbk.o
                0x0000000008007714                STO_PLL_Init
 .text.STO_PLL_IsObserverConverged
                0x0000000008007788       0xc4 ./Middlewares/MotorControl/sto_pll_speed_pos_fdbk.o
                0x0000000008007788                STO_PLL_IsObserverConverged
 .text.STO_PLL_GetEstimatedBemf
                0x000000000800784c       0x18 ./Middlewares/MotorControl/sto_pll_speed_pos_fdbk.o
                0x000000000800784c                STO_PLL_GetEstimatedBemf
 .text.STO_PLL_GetEstimatedCurrent
                0x0000000008007864       0x28 ./Middlewares/MotorControl/sto_pll_speed_pos_fdbk.o
                0x0000000008007864                STO_PLL_GetEstimatedCurrent
 .text.STO_PLL_GetObserverGains
                0x000000000800788c       0x10 ./Middlewares/MotorControl/sto_pll_speed_pos_fdbk.o
                0x000000000800788c                STO_PLL_GetObserverGains
 .text.STO_PLL_SetObserverGains
                0x000000000800789c        0x8 ./Middlewares/MotorControl/sto_pll_speed_pos_fdbk.o
                0x000000000800789c                STO_PLL_SetObserverGains
 .text.STO_OTF_ResetPLL
                0x00000000080078a4        0xc ./Middlewares/MotorControl/sto_pll_speed_pos_fdbk.o
                0x00000000080078a4                STO_OTF_ResetPLL
 .text.STO_ResetPLL
                0x00000000080078b0        0x8 ./Middlewares/MotorControl/sto_pll_speed_pos_fdbk.o
                0x00000000080078b0                STO_ResetPLL
 .text.STO_PLL_GetEstimatedBemfLevel
                0x00000000080078b8        0x8 ./Middlewares/MotorControl/sto_pll_speed_pos_fdbk.o
                0x00000000080078b8                STO_PLL_GetEstimatedBemfLevel
 .text.STO_PLL_GetObservedBemfLevel
                0x00000000080078c0        0x8 ./Middlewares/MotorControl/sto_pll_speed_pos_fdbk.o
                0x00000000080078c0                STO_PLL_GetObservedBemfLevel
 .text.STO_PLL_IsVarianceTight
                0x00000000080078c8        0x8 ./Middlewares/MotorControl/sto_pll_speed_pos_fdbk.o
                0x00000000080078c8                STO_PLL_IsVarianceTight
 .text.STO_PLL_ForceConvergency1
                0x00000000080078d0        0xc ./Middlewares/MotorControl/sto_pll_speed_pos_fdbk.o
                0x00000000080078d0                STO_PLL_ForceConvergency1
 .text.STO_PLL_ForceConvergency2
                0x00000000080078dc        0xc ./Middlewares/MotorControl/sto_pll_speed_pos_fdbk.o
                0x00000000080078dc                STO_PLL_ForceConvergency2
 .text.STO_SetDirection
                0x00000000080078e8        0x8 ./Middlewares/MotorControl/sto_pll_speed_pos_fdbk.o
                0x00000000080078e8                STO_SetDirection
 .text.VSS_Clear
                0x00000000080078f0       0x1c ./Middlewares/MotorControl/virtual_speed_sensor.o
                0x00000000080078f0                VSS_Clear
 .text.VSS_Init
                0x000000000800790c        0x8 ./Middlewares/MotorControl/virtual_speed_sensor.o
                0x000000000800790c                VSS_Init
 .text.VSS_CalcElAngle
                0x0000000008007914       0xa8 ./Middlewares/MotorControl/virtual_speed_sensor.o
                0x0000000008007914                VSS_CalcElAngle
 .text.VSS_CalcAvrgMecSpeedUnit
                0x00000000080079bc       0xa4 ./Middlewares/MotorControl/virtual_speed_sensor.o
                0x00000000080079bc                VSS_CalcAvrgMecSpeedUnit
 .text.VSS_SetMecAngle
                0x0000000008007a60       0x10 ./Middlewares/MotorControl/virtual_speed_sensor.o
                0x0000000008007a60                VSS_SetMecAngle
 .text.VSS_SetMecAcceleration
                0x0000000008007a70       0x90 ./Middlewares/MotorControl/virtual_speed_sensor.o
                0x0000000008007a70                VSS_SetMecAcceleration
 .text.VSS_SetStartTransition
                0x0000000008007b00       0x1c ./Middlewares/MotorControl/virtual_speed_sensor.o
                0x0000000008007b00                VSS_SetStartTransition
 .text.VSS_TransitionEnded
                0x0000000008007b1c        0x8 ./Middlewares/MotorControl/virtual_speed_sensor.o
                0x0000000008007b1c                VSS_TransitionEnded
 .text.__libc_init_array
                0x0000000008007b24       0x48 c:/st/stm32cubeide_1.9.0/stm32cubeide/plugins/com.st.stm32cube.ide.mcu.externaltools.gnu-tools-for-stm32.10.3-2021.10.win32_1.0.0.202111181127/tools/bin/../lib/gcc/arm-none-eabi/10.3.1/../../../../arm-none-eabi/lib/thumb/v7e-m+fp/hard\libc_nano.a(lib_a-init.o)
                0x0000000008007b24                __libc_init_array
 .text.memcpy   0x0000000008007b6c       0x1c c:/st/stm32cubeide_1.9.0/stm32cubeide/plugins/com.st.stm32cube.ide.mcu.externaltools.gnu-tools-for-stm32.10.3-2021.10.win32_1.0.0.202111181127/tools/bin/../lib/gcc/arm-none-eabi/10.3.1/../../../../arm-none-eabi/lib/thumb/v7e-m+fp/hard\libc_nano.a(lib_a-memcpy-stub.o)
                0x0000000008007b6c                memcpy
 .text.memset   0x0000000008007b88       0x10 c:/st/stm32cubeide_1.9.0/stm32cubeide/plugins/com.st.stm32cube.ide.mcu.externaltools.gnu-tools-for-stm32.10.3-2021.10.win32_1.0.0.202111181127/tools/bin/../lib/gcc/arm-none-eabi/10.3.1/../../../../arm-none-eabi/lib/thumb/v7e-m+fp/hard\libc_nano.a(lib_a-memset.o)
                0x0000000008007b88                memset
 *(.glue_7)
 .glue_7        0x0000000008007b98        0x0 linker stubs
 *(.glue_7t)
 .glue_7t       0x0000000008007b98        0x0 linker stubs
 *(.eh_frame)
 .eh_frame      0x0000000008007b98        0x0 c:/st/stm32cubeide_1.9.0/stm32cubeide/plugins/com.st.stm32cube.ide.mcu.externaltools.gnu-tools-for-stm32.10.3-2021.10.win32_1.0.0.202111181127/tools/bin/../lib/gcc/arm-none-eabi/10.3.1/thumb/v7e-m+fp/hard/crtbegin.o
 *(.init)
 .init          0x0000000008007b98        0x4 c:/st/stm32cubeide_1.9.0/stm32cubeide/plugins/com.st.stm32cube.ide.mcu.externaltools.gnu-tools-for-stm32.10.3-2021.10.win32_1.0.0.202111181127/tools/bin/../lib/gcc/arm-none-eabi/10.3.1/thumb/v7e-m+fp/hard/crti.o
                0x0000000008007b98                _init
 .init          0x0000000008007b9c        0x8 c:/st/stm32cubeide_1.9.0/stm32cubeide/plugins/com.st.stm32cube.ide.mcu.externaltools.gnu-tools-for-stm32.10.3-2021.10.win32_1.0.0.202111181127/tools/bin/../lib/gcc/arm-none-eabi/10.3.1/thumb/v7e-m+fp/hard/crtn.o
 *(.fini)
 .fini          0x0000000008007ba4        0x4 c:/st/stm32cubeide_1.9.0/stm32cubeide/plugins/com.st.stm32cube.ide.mcu.externaltools.gnu-tools-for-stm32.10.3-2021.10.win32_1.0.0.202111181127/tools/bin/../lib/gcc/arm-none-eabi/10.3.1/thumb/v7e-m+fp/hard/crti.o
                0x0000000008007ba4                _fini
 .fini          0x0000000008007ba8        0x8 c:/st/stm32cubeide_1.9.0/stm32cubeide/plugins/com.st.stm32cube.ide.mcu.externaltools.gnu-tools-for-stm32.10.3-2021.10.win32_1.0.0.202111181127/tools/bin/../lib/gcc/arm-none-eabi/10.3.1/thumb/v7e-m+fp/hard/crtn.o
                0x0000000008007bb0                . = ALIGN (0x4)
                0x0000000008007bb0                _etext = .

.vfp11_veneer   0x0000000008007bb0        0x0
 .vfp11_veneer  0x0000000008007bb0        0x0 linker stubs

.v4_bx          0x0000000008007bb0        0x0
 .v4_bx         0x0000000008007bb0        0x0 linker stubs

.iplt           0x0000000008007bb0        0x0
 .iplt          0x0000000008007bb0        0x0 c:/st/stm32cubeide_1.9.0/stm32cubeide/plugins/com.st.stm32cube.ide.mcu.externaltools.gnu-tools-for-stm32.10.3-2021.10.win32_1.0.0.202111181127/tools/bin/../lib/gcc/arm-none-eabi/10.3.1/thumb/v7e-m+fp/hard/crtbegin.o

.rodata         0x0000000008007bb0      0x468
                0x0000000008007bb0                . = ALIGN (0x4)
 *(.rodata)
 *(.rodata*)
 .rodata.CRC4_Lookup4
                0x0000000008007bb0       0x10 ./Application/User/aspep.o
 .rodata.CRC4_Lookup8
                0x0000000008007bc0      0x100 ./Application/User/aspep.o
 .rodata.CTL_BOARD
                0x0000000008007cc0       0x10 ./Application/User/mc_configuration_registers.o
                0x0000000008007cc0                CTL_BOARD
 .rodata.FIRMWARE_NAME
                0x0000000008007cd0       0x18 ./Application/User/mc_configuration_registers.o
                0x0000000008007cd0                FIRMWARE_NAME
 .rodata.M1_ApplicationConfig_reg
                0x0000000008007ce8        0xe ./Application/User/mc_configuration_registers.o
 *fill*         0x0000000008007cf6        0x2 
 .rodata.M1_FOCConfig_reg
                0x0000000008007cf8        0xe ./Application/User/mc_configuration_registers.o
 *fill*         0x0000000008007d06        0x2 
 .rodata.M1_MotorConfig_reg
                0x0000000008007d08       0x3c ./Application/User/mc_configuration_registers.o
                0x0000000008007d08                M1_MotorConfig_reg
 .rodata.M1_PWR_BOARD
                0x0000000008007d44       0x11 ./Application/User/mc_configuration_registers.o
 *fill*         0x0000000008007d55        0x3 
 .rodata.globalConfig_reg
                0x0000000008007d58        0xa ./Application/User/mc_configuration_registers.o
                0x0000000008007d58                globalConfig_reg
 *fill*         0x0000000008007d62        0x2 
 .rodata.hSin_Cos_Table
                0x0000000008007d64      0x200 ./Application/User/mc_math.o
                0x0000000008007d64                hSin_Cos_Table
 .rodata.R3_1_ParamsM1
                0x0000000008007f64       0x78 ./Application/User/mc_parameters.o
                0x0000000008007f64                R3_1_ParamsM1
 .rodata.CSWTCH.42
                0x0000000008007fdc       0x11 ./Application/User/register_interface.o
 *fill*         0x0000000008007fed        0x3 
 .rodata.STREAM_OFFSET_TAB
                0x0000000008007ff0        0x8 ./Application/User/usart_aspep_driver.o
 .rodata.AHBPrescTable
                0x0000000008007ff8       0x10 ./Drivers/CMSIS/system_stm32f4xx.o
                0x0000000008007ff8                AHBPrescTable
 .rodata.APBPrescTable
                0x0000000008008008        0x8 ./Drivers/CMSIS/system_stm32f4xx.o
                0x0000000008008008                APBPrescTable
 .rodata.flagBitshiftOffset.0
                0x0000000008008010        0x8 ./Drivers/STM32F4xx_HAL_Driver/stm32f4xx_hal_dma.o
                0x0000000008008018                . = ALIGN (0x4)

.ARM.extab      0x0000000008008018        0x0
                0x0000000008008018                . = ALIGN (0x4)
 *(.ARM.extab* .gnu.linkonce.armextab.*)
                0x0000000008008018                . = ALIGN (0x4)

.ARM            0x0000000008008018        0x8
                0x0000000008008018                . = ALIGN (0x4)
                0x0000000008008018                __exidx_start = .
 *(.ARM.exidx*)
 .ARM.exidx     0x0000000008008018        0x8 c:/st/stm32cubeide_1.9.0/stm32cubeide/plugins/com.st.stm32cube.ide.mcu.externaltools.gnu-tools-for-stm32.10.3-2021.10.win32_1.0.0.202111181127/tools/bin/../lib/gcc/arm-none-eabi/10.3.1/thumb/v7e-m+fp/hard\libgcc.a(_udivmoddi4.o)
                0x0000000008008020                __exidx_end = .
                0x0000000008008020                . = ALIGN (0x4)

.rel.dyn        0x0000000008008020        0x0
 .rel.iplt      0x0000000008008020        0x0 c:/st/stm32cubeide_1.9.0/stm32cubeide/plugins/com.st.stm32cube.ide.mcu.externaltools.gnu-tools-for-stm32.10.3-2021.10.win32_1.0.0.202111181127/tools/bin/../lib/gcc/arm-none-eabi/10.3.1/thumb/v7e-m+fp/hard/crtbegin.o

.preinit_array  0x0000000008008020        0x0
                0x0000000008008020                . = ALIGN (0x4)
                0x0000000008008020                PROVIDE (__preinit_array_start = .)
 *(.preinit_array*)
                0x0000000008008020                PROVIDE (__preinit_array_end = .)
                0x0000000008008020                . = ALIGN (0x4)

.init_array     0x0000000008008020        0x4
                0x0000000008008020                . = ALIGN (0x4)
                0x0000000008008020                PROVIDE (__init_array_start = .)
 *(SORT_BY_NAME(.init_array.*))
 *(.init_array*)
 .init_array    0x0000000008008020        0x4 c:/st/stm32cubeide_1.9.0/stm32cubeide/plugins/com.st.stm32cube.ide.mcu.externaltools.gnu-tools-for-stm32.10.3-2021.10.win32_1.0.0.202111181127/tools/bin/../lib/gcc/arm-none-eabi/10.3.1/thumb/v7e-m+fp/hard/crtbegin.o
                0x0000000008008024                PROVIDE (__init_array_end = .)
                0x0000000008008024                . = ALIGN (0x4)

.fini_array     0x0000000008008024        0x4
                0x0000000008008024                . = ALIGN (0x4)
                [!provide]                        PROVIDE (__fini_array_start = .)
 *(SORT_BY_NAME(.fini_array.*))
 *(.fini_array*)
 .fini_array    0x0000000008008024        0x4 c:/st/stm32cubeide_1.9.0/stm32cubeide/plugins/com.st.stm32cube.ide.mcu.externaltools.gnu-tools-for-stm32.10.3-2021.10.win32_1.0.0.202111181127/tools/bin/../lib/gcc/arm-none-eabi/10.3.1/thumb/v7e-m+fp/hard/crtbegin.o
                [!provide]                        PROVIDE (__fini_array_end = .)
                0x0000000008008028                . = ALIGN (0x4)
                0x0000000008008028                _sidata = LOADADDR (.data)

.data           0x0000000020000000      0x684 load address 0x0000000008008028
                0x0000000020000000                . = ALIGN (0x4)
                0x0000000020000000                _sdata = .
 *(.data)
 *(.data*)
 .data.BusVoltageSensor_M1
                0x0000000020000000       0x28 ./Application/User/mc_config.o
                0x0000000020000000                BusVoltageSensor_M1
 .data.CircleLimitationM1
                0x0000000020000028       0xb4 ./Application/User/mc_config.o
                0x0000000020000028                CircleLimitationM1
 .data.PIDIdHandle_M1
                0x00000000200000dc       0x2c ./Application/User/mc_config.o
                0x00000000200000dc                PIDIdHandle_M1
 .data.PIDIqHandle_M1
                0x0000000020000108       0x2c ./Application/User/mc_config.o
                0x0000000020000108                PIDIqHandle_M1
 .data.PIDSpeedHandle_M1
                0x0000000020000134       0x2c ./Application/User/mc_config.o
                0x0000000020000134                PIDSpeedHandle_M1
 .data.PQD_MotorPowMeasM1
                0x0000000020000160      0x114 ./Application/User/mc_config.o
                0x0000000020000160                PQD_MotorPowMeasM1
 .data.PWM_Handle_M1
                0x0000000020000274       0x98 ./Application/User/mc_config.o
                0x0000000020000274                PWM_Handle_M1
 .data.RampExtMngrHFParamsM1
                0x000000002000030c       0x18 ./Application/User/mc_config.o
                0x000000002000030c                RampExtMngrHFParamsM1
 .data.RevUpControlM1
                0x0000000020000324       0x78 ./Application/User/mc_config.o
                0x0000000020000324                RevUpControlM1
 .data.STO_M1   0x000000002000039c       0x14 ./Application/User/mc_config.o
                0x000000002000039c                STO_M1
 .data.STO_PLL_M1
                0x00000000200003b0      0x128 ./Application/User/mc_config.o
                0x00000000200003b0                STO_PLL_M1
 .data.SpeednTorqCtrlM1
                0x00000000200004d8       0x34 ./Application/User/mc_config.o
                0x00000000200004d8                SpeednTorqCtrlM1
 .data.TempSensor_M1
                0x000000002000050c       0x28 ./Application/User/mc_config.o
                0x000000002000050c                TempSensor_M1
 .data.VirtualSpeedSensorM1
                0x0000000020000534       0x38 ./Application/User/mc_config.o
                0x0000000020000534                VirtualSpeedSensorM1
 .data.pMPM     0x000000002000056c        0x4 ./Application/User/mc_config.o
                0x000000002000056c                pMPM
 .data.pPIDId   0x0000000020000570        0x4 ./Application/User/mc_config.o
                0x0000000020000570                pPIDId
 .data.pPIDIq   0x0000000020000574        0x4 ./Application/User/mc_config.o
                0x0000000020000574                pPIDIq
 .data.pSTC     0x0000000020000578        0x4 ./Application/User/mc_config.o
                0x0000000020000578                pSTC
 .data.pTemperatureSensor
                0x000000002000057c        0x4 ./Application/User/mc_config.o
                0x000000002000057c                pTemperatureSensor
 .data.ApplicationConfig_reg
                0x0000000020000580        0x4 ./Application/User/mc_configuration_registers.o
                0x0000000020000580                ApplicationConfig_reg
 .data.FOCConfig_reg
                0x0000000020000584        0x4 ./Application/User/mc_configuration_registers.o
                0x0000000020000584                FOCConfig_reg
 .data.MotorConfig_reg
                0x0000000020000588        0x4 ./Application/User/mc_configuration_registers.o
                0x0000000020000588                MotorConfig_reg
 .data.PWR_BOARD_NAME
                0x000000002000058c        0x4 ./Application/User/mc_configuration_registers.o
                0x000000002000058c                PWR_BOARD_NAME
 .data.Vphase   0x0000000020000590        0x2 ./Application/User/mc_tasks.o
                0x0000000020000590                Vphase
 *fill*         0x0000000020000592        0x2 
 .data.states   0x0000000020000594       0x1c ./Application/User/mc_tasks.o
                0x0000000020000594                states
 .data.MCPA_UART_A
                0x00000000200005b0       0x2c ./Application/User/mcp_config.o
                0x00000000200005b0                MCPA_UART_A
 .data.MCP_Over_UartA
                0x00000000200005dc       0x10 ./Application/User/mcp_config.o
                0x00000000200005dc                MCP_Over_UartA
 .data.UASPEP_A
                0x00000000200005ec       0x14 ./Application/User/mcp_config.o
 .data.aspepOverUartA
                0x0000000020000600       0x74 ./Application/User/mcp_config.o
                0x0000000020000600                aspepOverUartA
 .data.SystickDividerCounter.0
                0x0000000020000674        0x1 ./Application/User/stm32f4xx_mc_it.o
 *fill*         0x0000000020000675        0x3 
 .data.SystemCoreClock
                0x0000000020000678        0x4 ./Drivers/CMSIS/system_stm32f4xx.o
                0x0000000020000678                SystemCoreClock
 .data.uwTickFreq
                0x000000002000067c        0x1 ./Drivers/STM32F4xx_HAL_Driver/stm32f4xx_hal.o
                0x000000002000067c                uwTickFreq
 *fill*         0x000000002000067d        0x3 
 .data.uwTickPrio
                0x0000000020000680        0x4 ./Drivers/STM32F4xx_HAL_Driver/stm32f4xx_hal.o
                0x0000000020000680                uwTickPrio
 *(.RamFunc)
 *(.RamFunc*)
                0x0000000020000684                . = ALIGN (0x4)
                0x0000000020000684                _edata = .

.igot.plt       0x0000000020000684        0x0 load address 0x00000000080086ac
 .igot.plt      0x0000000020000684        0x0 c:/st/stm32cubeide_1.9.0/stm32cubeide/plugins/com.st.stm32cube.ide.mcu.externaltools.gnu-tools-for-stm32.10.3-2021.10.win32_1.0.0.202111181127/tools/bin/../lib/gcc/arm-none-eabi/10.3.1/thumb/v7e-m+fp/hard/crtbegin.o
                0x0000000020000684                . = ALIGN (0x4)

.bss            0x0000000020000688     0x1570 load address 0x00000000080086ac
                0x0000000020000688                _sbss = .
                0x0000000020000688                __bss_start__ = _sbss
 *(.bss)
 .bss           0x0000000020000688       0x1c c:/st/stm32cubeide_1.9.0/stm32cubeide/plugins/com.st.stm32cube.ide.mcu.externaltools.gnu-tools-for-stm32.10.3-2021.10.win32_1.0.0.202111181127/tools/bin/../lib/gcc/arm-none-eabi/10.3.1/thumb/v7e-m+fp/hard/crtbegin.o
 *(.bss*)
 *fill*         0x00000000200006a4        0x4 
 .bss.hadc1     0x00000000200006a8       0x48 ./Application/User/main.o
                0x00000000200006a8                hadc1
 .bss.hdma_usart2_rx
                0x00000000200006f0       0x60 ./Application/User/main.o
                0x00000000200006f0                hdma_usart2_rx
 .bss.hdma_usart2_tx
                0x0000000020000750       0x60 ./Application/User/main.o
                0x0000000020000750                hdma_usart2_tx
 .bss.htim1     0x00000000200007b0       0x48 ./Application/User/main.o
                0x00000000200007b0                htim1
 .bss.huart2    0x00000000200007f8       0x44 ./Application/User/main.o
                0x00000000200007f8                huart2
 .bss.Mci       0x000000002000083c       0x20 ./Application/User/mc_config.o
                0x000000002000083c                Mci
 .bss.RealBusVoltageSensorFilterBufferM1
                0x000000002000085c       0x14 ./Application/User/mc_config.o
 .bss.FOCVars   0x0000000020000870       0x26 ./Application/User/mc_tasks.o
 .bss.IdPred    0x0000000020000896        0x2 ./Application/User/mc_tasks.o
                0x0000000020000896                IdPred
 .bss.IdTemp    0x0000000020000898        0x2 ./Application/User/mc_tasks.o
                0x0000000020000898                IdTemp
 .bss.IqPred    0x000000002000089a        0x2 ./Application/User/mc_tasks.o
                0x000000002000089a                IqPred
 .bss.IqTemp    0x000000002000089c        0x2 ./Application/User/mc_tasks.o
                0x000000002000089c                IqTemp
 .bss.Sa        0x000000002000089e        0x1 ./Application/User/mc_tasks.o
                0x000000002000089e                Sa
 .bss.Sb        0x000000002000089f        0x1 ./Application/User/mc_tasks.o
                0x000000002000089f                Sb
 .bss.Sc        0x00000000200008a0        0x1 ./Application/User/mc_tasks.o
                0x00000000200008a0                Sc
 *fill*         0x00000000200008a1        0x3 
 .bss.Varray    0x00000000200008a4       0x54 ./Application/User/mc_tasks.o
                0x00000000200008a4                Varray
 .bss.bMCBootCompleted
                0x00000000200008f8        0x1 ./Application/User/mc_tasks.o
 *fill*         0x00000000200008f9        0x3 
 .bss.c1        0x00000000200008fc        0x4 ./Application/User/mc_tasks.o
                0x00000000200008fc                c1
 .bss.c2        0x0000000020000900        0x4 ./Application/User/mc_tasks.o
                0x0000000020000900                c2
 .bss.hBootCapDelayCounterM1
                0x0000000020000904        0x2 ./Application/User/mc_tasks.o
 .bss.hMFTaskCounterM1
                0x0000000020000906        0x2 ./Application/User/mc_tasks.o
 .bss.hStopPermanencyCounterM1
                0x0000000020000908        0x2 ./Application/User/mc_tasks.o
 *fill*         0x000000002000090a        0x2 
 .bss.hasMPCinit
                0x000000002000090c        0x4 ./Application/User/mc_tasks.o
                0x000000002000090c                hasMPCinit
 .bss.i         0x0000000020000910        0x4 ./Application/User/mc_tasks.o
                0x0000000020000910                i
 .bss.optimalVector
                0x0000000020000914        0x1 ./Application/User/mc_tasks.o
                0x0000000020000914                optimalVector
 *fill*         0x0000000020000915        0x3 
 .bss.pCLM      0x0000000020000918        0x4 ./Application/User/mc_tasks.o
 .bss.pREMNG    0x000000002000091c        0x4 ./Application/User/mc_tasks.o
 .bss.pwmcHandle
                0x0000000020000920        0x4 ./Application/User/mc_tasks.o
 .bss.runMPC    0x0000000020000924        0x4 ./Application/User/mc_tasks.o
                0x0000000020000924                runMPC
 .bss.MCPAsyncBuffUARTA_A
                0x0000000020000928      0x806 ./Application/User/mcp_config.o
 *fill*         0x000000002000112e        0x2 
 .bss.MCPAsyncBuffUARTA_B
                0x0000000020001130      0x806 ./Application/User/mcp_config.o
 *fill*         0x0000000020001936        0x2 
 .bss.MCPSyncRXBuff
                0x0000000020001938      0x102 ./Application/User/mcp_config.o
 *fill*         0x0000000020001a3a        0x2 
 .bss.MCPSyncTxBuff
                0x0000000020001a3c      0x106 ./Application/User/mcp_config.o
 *fill*         0x0000000020001b42        0x2 
 .bss.MCP_UserCallBack
                0x0000000020001b44        0x8 ./Application/User/mcp_config.o
                0x0000000020001b44                MCP_UserCallBack
 .bss.dataPtrTableA
                0x0000000020001b4c       0x28 ./Application/User/mcp_config.o
                0x0000000020001b4c                dataPtrTableA
 .bss.dataPtrTableBuffA
                0x0000000020001b74       0x28 ./Application/User/mcp_config.o
                0x0000000020001b74                dataPtrTableBuffA
 .bss.dataSizeTableA
                0x0000000020001b9c        0xa ./Application/User/mcp_config.o
                0x0000000020001b9c                dataSizeTableA
 *fill*         0x0000000020001ba6        0x2 
 .bss.dataSizeTableBuffA
                0x0000000020001ba8        0xa ./Application/User/mcp_config.o
                0x0000000020001ba8                dataSizeTableBuffA
 *fill*         0x0000000020001bb2        0x2 
 .bss.pMCI      0x0000000020001bb4        0x4 ./Application/User/motorcontrol.o
                0x0000000020001bb4                pMCI
 .bss.nullData16.0
                0x0000000020001bb8        0x2 ./Application/User/register_interface.o
 *fill*         0x0000000020001bba        0x2 
 .bss.RCM_CB_array
                0x0000000020001bbc       0x20 ./Application/User/regular_conversion_manager.o
 .bss.RCM_UserConvHandle
                0x0000000020001bdc        0x1 ./Application/User/regular_conversion_manager.o
 .bss.RCM_UserConvState
                0x0000000020001bdd        0x1 ./Application/User/regular_conversion_manager.o
 .bss.RCM_UserConvValue
                0x0000000020001bde        0x2 ./Application/User/regular_conversion_manager.o
 .bss.RCM_handle_array
                0x0000000020001be0       0x10 ./Application/User/regular_conversion_manager.o
 .bss.uwTick    0x0000000020001bf0        0x4 ./Drivers/STM32F4xx_HAL_Driver/stm32f4xx_hal.o
                0x0000000020001bf0                uwTick
 .bss.GLOBAL_TIMESTAMP
                0x0000000020001bf4        0x4 ./Middlewares/MotorControl/mcpa.o
                0x0000000020001bf4                GLOBAL_TIMESTAMP
 *(COMMON)
                0x0000000020001bf8                . = ALIGN (0x4)
                0x0000000020001bf8                _ebss = .
                0x0000000020001bf8                __bss_end__ = _ebss

._user_heap_stack
                0x0000000020001bf8      0x600 load address 0x00000000080086ac
                0x0000000020001bf8                . = ALIGN (0x8)
                [!provide]                        PROVIDE (end = .)
                0x0000000020001bf8                PROVIDE (_end = .)
                0x0000000020001df8                . = (. + _Min_Heap_Size)
 *fill*         0x0000000020001bf8      0x200 
                0x00000000200021f8                . = (. + _Min_Stack_Size)
 *fill*         0x0000000020001df8      0x400 
                0x00000000200021f8                . = ALIGN (0x8)

/DISCARD/
 libc.a(*)
 libm.a(*)
 libgcc.a(*)

.ARM.attributes
                0x0000000000000000       0x30
 *(.ARM.attributes)
 .ARM.attributes
                0x0000000000000000       0x1e c:/st/stm32cubeide_1.9.0/stm32cubeide/plugins/com.st.stm32cube.ide.mcu.externaltools.gnu-tools-for-stm32.10.3-2021.10.win32_1.0.0.202111181127/tools/bin/../lib/gcc/arm-none-eabi/10.3.1/thumb/v7e-m+fp/hard/crti.o
 .ARM.attributes
                0x000000000000001e       0x34 c:/st/stm32cubeide_1.9.0/stm32cubeide/plugins/com.st.stm32cube.ide.mcu.externaltools.gnu-tools-for-stm32.10.3-2021.10.win32_1.0.0.202111181127/tools/bin/../lib/gcc/arm-none-eabi/10.3.1/thumb/v7e-m+fp/hard/crtbegin.o
 .ARM.attributes
                0x0000000000000052       0x21 ./Application/Startup/startup_stm32f401retx.o
 .ARM.attributes
                0x0000000000000073       0x30 ./Application/User/aspep.o
 .ARM.attributes
                0x00000000000000a3       0x30 ./Application/User/main.o
 .ARM.attributes
                0x00000000000000d3       0x30 ./Application/User/mc_api.o
 .ARM.attributes
                0x0000000000000103       0x30 ./Application/User/mc_config.o
 .ARM.attributes
                0x0000000000000133       0x30 ./Application/User/mc_configuration_registers.o
 .ARM.attributes
                0x0000000000000163       0x30 ./Application/User/mc_interface.o
 .ARM.attributes
                0x0000000000000193       0x30 ./Application/User/mc_math.o
 .ARM.attributes
                0x00000000000001c3       0x30 ./Application/User/mc_parameters.o
 .ARM.attributes
                0x00000000000001f3       0x30 ./Application/User/mc_tasks.o
 .ARM.attributes
                0x0000000000000223       0x30 ./Application/User/mcp_config.o
 .ARM.attributes
                0x0000000000000253       0x30 ./Application/User/motorcontrol.o
 .ARM.attributes
                0x0000000000000283       0x30 ./Application/User/pwm_curr_fdbk.o
 .ARM.attributes
                0x00000000000002b3       0x30 ./Application/User/register_interface.o
 .ARM.attributes
                0x00000000000002e3       0x30 ./Application/User/regular_conversion_manager.o
 .ARM.attributes
                0x0000000000000313       0x30 ./Application/User/stm32f4xx_hal_msp.o
 .ARM.attributes
                0x0000000000000343       0x30 ./Application/User/stm32f4xx_mc_it.o
 .ARM.attributes
                0x0000000000000373       0x30 ./Application/User/usart_aspep_driver.o
 .ARM.attributes
                0x00000000000003a3       0x30 ./Drivers/CMSIS/system_stm32f4xx.o
 .ARM.attributes
                0x00000000000003d3       0x30 ./Drivers/STM32F4xx_HAL_Driver/stm32f4xx_hal.o
 .ARM.attributes
                0x0000000000000403       0x30 ./Drivers/STM32F4xx_HAL_Driver/stm32f4xx_hal_adc.o
 .ARM.attributes
                0x0000000000000433       0x30 ./Drivers/STM32F4xx_HAL_Driver/stm32f4xx_hal_adc_ex.o
 .ARM.attributes
                0x0000000000000463       0x30 ./Drivers/STM32F4xx_HAL_Driver/stm32f4xx_hal_cortex.o
 .ARM.attributes
                0x0000000000000493       0x30 ./Drivers/STM32F4xx_HAL_Driver/stm32f4xx_hal_dma.o
 .ARM.attributes
                0x00000000000004c3       0x30 ./Drivers/STM32F4xx_HAL_Driver/stm32f4xx_hal_gpio.o
 .ARM.attributes
                0x00000000000004f3       0x30 ./Drivers/STM32F4xx_HAL_Driver/stm32f4xx_hal_rcc.o
 .ARM.attributes
                0x0000000000000523       0x30 ./Drivers/STM32F4xx_HAL_Driver/stm32f4xx_hal_tim.o
 .ARM.attributes
                0x0000000000000553       0x30 ./Drivers/STM32F4xx_HAL_Driver/stm32f4xx_hal_tim_ex.o
 .ARM.attributes
                0x0000000000000583       0x30 ./Drivers/STM32F4xx_HAL_Driver/stm32f4xx_hal_uart.o
 .ARM.attributes
                0x00000000000005b3       0x30 ./Middlewares/MotorControl/bus_voltage_sensor.o
 .ARM.attributes
                0x00000000000005e3       0x30 ./Middlewares/MotorControl/circle_limitation.o
 .ARM.attributes
                0x0000000000000613       0x30 ./Middlewares/MotorControl/mcp.o
 .ARM.attributes
                0x0000000000000643       0x30 ./Middlewares/MotorControl/mcpa.o
 .ARM.attributes
                0x0000000000000673       0x30 ./Middlewares/MotorControl/motor_power_measurement.o
 .ARM.attributes
                0x00000000000006a3       0x30 ./Middlewares/MotorControl/ntc_temperature_sensor.o
 .ARM.attributes
                0x00000000000006d3       0x30 ./Middlewares/MotorControl/pid_regulator.o
 .ARM.attributes
                0x0000000000000703       0x30 ./Middlewares/MotorControl/pqd_motor_power_measurement.o
 .ARM.attributes
                0x0000000000000733       0x30 ./Middlewares/MotorControl/pwm_common.o
 .ARM.attributes
                0x0000000000000763       0x30 ./Middlewares/MotorControl/r3_1_f4xx_pwm_curr_fdbk.o
 .ARM.attributes
                0x0000000000000793       0x30 ./Middlewares/MotorControl/r_divider_bus_voltage_sensor.o
 .ARM.attributes
                0x00000000000007c3       0x30 ./Middlewares/MotorControl/ramp_ext_mngr.o
 .ARM.attributes
                0x00000000000007f3       0x30 ./Middlewares/MotorControl/revup_ctrl.o
 .ARM.attributes
                0x0000000000000823       0x30 ./Middlewares/MotorControl/speed_pos_fdbk.o
 .ARM.attributes
                0x0000000000000853       0x30 ./Middlewares/MotorControl/speed_torq_ctrl.o
 .ARM.attributes
                0x0000000000000883       0x30 ./Middlewares/MotorControl/sto_pll_speed_pos_fdbk.o
 .ARM.attributes
                0x00000000000008b3       0x30 ./Middlewares/MotorControl/virtual_speed_sensor.o
 .ARM.attributes
                0x00000000000008e3       0x34 c:/st/stm32cubeide_1.9.0/stm32cubeide/plugins/com.st.stm32cube.ide.mcu.externaltools.gnu-tools-for-stm32.10.3-2021.10.win32_1.0.0.202111181127/tools/bin/../lib/gcc/arm-none-eabi/10.3.1/../../../../arm-none-eabi/lib/thumb/v7e-m+fp/hard\libc_nano.a(lib_a-init.o)
 .ARM.attributes
                0x0000000000000917       0x34 c:/st/stm32cubeide_1.9.0/stm32cubeide/plugins/com.st.stm32cube.ide.mcu.externaltools.gnu-tools-for-stm32.10.3-2021.10.win32_1.0.0.202111181127/tools/bin/../lib/gcc/arm-none-eabi/10.3.1/../../../../arm-none-eabi/lib/thumb/v7e-m+fp/hard\libc_nano.a(lib_a-memcpy-stub.o)
 .ARM.attributes
                0x000000000000094b       0x34 c:/st/stm32cubeide_1.9.0/stm32cubeide/plugins/com.st.stm32cube.ide.mcu.externaltools.gnu-tools-for-stm32.10.3-2021.10.win32_1.0.0.202111181127/tools/bin/../lib/gcc/arm-none-eabi/10.3.1/../../../../arm-none-eabi/lib/thumb/v7e-m+fp/hard\libc_nano.a(lib_a-memset.o)
 .ARM.attributes
                0x000000000000097f       0x1e c:/st/stm32cubeide_1.9.0/stm32cubeide/plugins/com.st.stm32cube.ide.mcu.externaltools.gnu-tools-for-stm32.10.3-2021.10.win32_1.0.0.202111181127/tools/bin/../lib/gcc/arm-none-eabi/10.3.1/thumb/v7e-m+fp/hard\libgcc.a(_arm_muldf3.o)
 .ARM.attributes
                0x000000000000099d       0x1e c:/st/stm32cubeide_1.9.0/stm32cubeide/plugins/com.st.stm32cube.ide.mcu.externaltools.gnu-tools-for-stm32.10.3-2021.10.win32_1.0.0.202111181127/tools/bin/../lib/gcc/arm-none-eabi/10.3.1/thumb/v7e-m+fp/hard\libgcc.a(_arm_addsubdf3.o)
 .ARM.attributes
                0x00000000000009bb       0x1e c:/st/stm32cubeide_1.9.0/stm32cubeide/plugins/com.st.stm32cube.ide.mcu.externaltools.gnu-tools-for-stm32.10.3-2021.10.win32_1.0.0.202111181127/tools/bin/../lib/gcc/arm-none-eabi/10.3.1/thumb/v7e-m+fp/hard\libgcc.a(_arm_fixdfsi.o)
 .ARM.attributes
                0x00000000000009d9       0x1e c:/st/stm32cubeide_1.9.0/stm32cubeide/plugins/com.st.stm32cube.ide.mcu.externaltools.gnu-tools-for-stm32.10.3-2021.10.win32_1.0.0.202111181127/tools/bin/../lib/gcc/arm-none-eabi/10.3.1/thumb/v7e-m+fp/hard\libgcc.a(_aeabi_uldivmod.o)
 .ARM.attributes
                0x00000000000009f7       0x34 c:/st/stm32cubeide_1.9.0/stm32cubeide/plugins/com.st.stm32cube.ide.mcu.externaltools.gnu-tools-for-stm32.10.3-2021.10.win32_1.0.0.202111181127/tools/bin/../lib/gcc/arm-none-eabi/10.3.1/thumb/v7e-m+fp/hard\libgcc.a(_udivmoddi4.o)
 .ARM.attributes
                0x0000000000000a2b       0x1e c:/st/stm32cubeide_1.9.0/stm32cubeide/plugins/com.st.stm32cube.ide.mcu.externaltools.gnu-tools-for-stm32.10.3-2021.10.win32_1.0.0.202111181127/tools/bin/../lib/gcc/arm-none-eabi/10.3.1/thumb/v7e-m+fp/hard\libgcc.a(_dvmd_tls.o)
 .ARM.attributes
                0x0000000000000a49       0x1e c:/st/stm32cubeide_1.9.0/stm32cubeide/plugins/com.st.stm32cube.ide.mcu.externaltools.gnu-tools-for-stm32.10.3-2021.10.win32_1.0.0.202111181127/tools/bin/../lib/gcc/arm-none-eabi/10.3.1/thumb/v7e-m+fp/hard/crtn.o
OUTPUT(FOC401.elf elf32-littlearm)
LOAD linker stubs
LOAD c:/st/stm32cubeide_1.9.0/stm32cubeide/plugins/com.st.stm32cube.ide.mcu.externaltools.gnu-tools-for-stm32.10.3-2021.10.win32_1.0.0.202111181127/tools/bin/../lib/gcc/arm-none-eabi/10.3.1/../../../../arm-none-eabi/lib/thumb/v7e-m+fp/hard\libc.a
LOAD c:/st/stm32cubeide_1.9.0/stm32cubeide/plugins/com.st.stm32cube.ide.mcu.externaltools.gnu-tools-for-stm32.10.3-2021.10.win32_1.0.0.202111181127/tools/bin/../lib/gcc/arm-none-eabi/10.3.1/../../../../arm-none-eabi/lib/thumb/v7e-m+fp/hard\libm.a
LOAD c:/st/stm32cubeide_1.9.0/stm32cubeide/plugins/com.st.stm32cube.ide.mcu.externaltools.gnu-tools-for-stm32.10.3-2021.10.win32_1.0.0.202111181127/tools/bin/../lib/gcc/arm-none-eabi/10.3.1/thumb/v7e-m+fp/hard\libgcc.a

.debug_line     0x0000000000000000    0x3593c
 .debug_line    0x0000000000000000       0x8f ./Application/Startup/startup_stm32f401retx.o
 .debug_line    0x000000000000008f     0x160d ./Application/User/aspep.o
 .debug_line    0x000000000000169c     0x1302 ./Application/User/main.o
 .debug_line    0x000000000000299e     0x1040 ./Application/User/mc_api.o
 .debug_line    0x00000000000039de      0xb7d ./Application/User/mc_config.o
 .debug_line    0x000000000000455b      0x93a ./Application/User/mc_configuration_registers.o
 .debug_line    0x0000000000004e95     0x16bd ./Application/User/mc_interface.o
 .debug_line    0x0000000000006552      0xb9d ./Application/User/mc_math.o
 .debug_line    0x00000000000070ef      0xb81 ./Application/User/mc_parameters.o
 .debug_line    0x0000000000007c70     0x1a28 ./Application/User/mc_tasks.o
 .debug_line    0x0000000000009698      0x90a ./Application/User/mcp_config.o
 .debug_line    0x0000000000009fa2      0xba6 ./Application/User/motorcontrol.o
 .debug_line    0x000000000000ab48      0xfe8 ./Application/User/pwm_curr_fdbk.o
 .debug_line    0x000000000000bb30     0x2329 ./Application/User/register_interface.o
 .debug_line    0x000000000000de59     0x11e5 ./Application/User/regular_conversion_manager.o
 .debug_line    0x000000000000f03e      0xecf ./Application/User/stm32f4xx_hal_msp.o