Archive member included to satisfy reference by file (symbol)

c:/st/stm32cubeide_1.9.0/stm32cubeide/plugins/com.st.stm32cube.ide.mcu.externaltools.gnu-tools-for-stm32.10.3-2021.10.win32_1.0.0.202111181127/tools/bin/../lib/gcc/arm-none-eabi/10.3.1/../../../../arm-none-eabi/lib/thumb/v7e-m+fp/hard\libc_nano.a(lib_a-errno.o)
                              ./Application/User/syscalls.o (__errno)
c:/st/stm32cubeide_1.9.0/stm32cubeide/plugins/com.st.stm32cube.ide.mcu.externaltools.gnu-tools-for-stm32.10.3-2021.10.win32_1.0.0.202111181127/tools/bin/../lib/gcc/arm-none-eabi/10.3.1/../../../../arm-none-eabi/lib/thumb/v7e-m+fp/hard\libc_nano.a(lib_a-exit.o)
                              c:/st/stm32cubeide_1.9.0/stm32cubeide/plugins/com.st.stm32cube.ide.mcu.externaltools.gnu-tools-for-stm32.10.3-2021.10.win32_1.0.0.202111181127/tools/bin/../lib/gcc/arm-none-eabi/10.3.1/../../../../arm-none-eabi/lib/thumb/v7e-m+fp/hard/crt0.o (exit)
c:/st/stm32cubeide_1.9.0/stm32cubeide/plugins/com.st.stm32cube.ide.mcu.externaltools.gnu-tools-for-stm32.10.3-2021.10.win32_1.0.0.202111181127/tools/bin/../lib/gcc/arm-none-eabi/10.3.1/../../../../arm-none-eabi/lib/thumb/v7e-m+fp/hard\libc_nano.a(lib_a-impure.o)
                              c:/st/stm32cubeide_1.9.0/stm32cubeide/plugins/com.st.stm32cube.ide.mcu.externaltools.gnu-tools-for-stm32.10.3-2021.10.win32_1.0.0.202111181127/tools/bin/../lib/gcc/arm-none-eabi/10.3.1/../../../../arm-none-eabi/lib/thumb/v7e-m+fp/hard\libc_nano.a(lib_a-exit.o) (_global_impure_ptr)
c:/st/stm32cubeide_1.9.0/stm32cubeide/plugins/com.st.stm32cube.ide.mcu.externaltools.gnu-tools-for-stm32.10.3-2021.10.win32_1.0.0.202111181127/tools/bin/../lib/gcc/arm-none-eabi/10.3.1/../../../../arm-none-eabi/lib/thumb/v7e-m+fp/hard\libc_nano.a(lib_a-init.o)
                              c:/st/stm32cubeide_1.9.0/stm32cubeide/plugins/com.st.stm32cube.ide.mcu.externaltools.gnu-tools-for-stm32.10.3-2021.10.win32_1.0.0.202111181127/tools/bin/../lib/gcc/arm-none-eabi/10.3.1/../../../../arm-none-eabi/lib/thumb/v7e-m+fp/hard/crt0.o (__libc_init_array)
c:/st/stm32cubeide_1.9.0/stm32cubeide/plugins/com.st.stm32cube.ide.mcu.externaltools.gnu-tools-for-stm32.10.3-2021.10.win32_1.0.0.202111181127/tools/bin/../lib/gcc/arm-none-eabi/10.3.1/../../../../arm-none-eabi/lib/thumb/v7e-m+fp/hard\libc_nano.a(lib_a-memcpy-stub.o)
                              ./Middlewares/MotorControl/mcpa.o (memcpy)
c:/st/stm32cubeide_1.9.0/stm32cubeide/plugins/com.st.stm32cube.ide.mcu.externaltools.gnu-tools-for-stm32.10.3-2021.10.win32_1.0.0.202111181127/tools/bin/../lib/gcc/arm-none-eabi/10.3.1/../../../../arm-none-eabi/lib/thumb/v7e-m+fp/hard\libc_nano.a(lib_a-memset.o)
                              c:/st/stm32cubeide_1.9.0/stm32cubeide/plugins/com.st.stm32cube.ide.mcu.externaltools.gnu-tools-for-stm32.10.3-2021.10.win32_1.0.0.202111181127/tools/bin/../lib/gcc/arm-none-eabi/10.3.1/../../../../arm-none-eabi/lib/thumb/v7e-m+fp/hard/crt0.o (memset)
c:/st/stm32cubeide_1.9.0/stm32cubeide/plugins/com.st.stm32cube.ide.mcu.externaltools.gnu-tools-for-stm32.10.3-2021.10.win32_1.0.0.202111181127/tools/bin/../lib/gcc/arm-none-eabi/10.3.1/thumb/v7e-m+fp/hard\libgcc.a(_arm_muldf3.o)
                              ./Application/User/mc_interface.o (__aeabi_dmul)
c:/st/stm32cubeide_1.9.0/stm32cubeide/plugins/com.st.stm32cube.ide.mcu.externaltools.gnu-tools-for-stm32.10.3-2021.10.win32_1.0.0.202111181127/tools/bin/../lib/gcc/arm-none-eabi/10.3.1/thumb/v7e-m+fp/hard\libgcc.a(_arm_addsubdf3.o)
                              ./Application/User/mc_interface.o (__aeabi_i2d)
c:/st/stm32cubeide_1.9.0/stm32cubeide/plugins/com.st.stm32cube.ide.mcu.externaltools.gnu-tools-for-stm32.10.3-2021.10.win32_1.0.0.202111181127/tools/bin/../lib/gcc/arm-none-eabi/10.3.1/thumb/v7e-m+fp/hard\libgcc.a(_arm_fixdfsi.o)
                              ./Application/User/mc_interface.o (__aeabi_d2iz)
c:/st/stm32cubeide_1.9.0/stm32cubeide/plugins/com.st.stm32cube.ide.mcu.externaltools.gnu-tools-for-stm32.10.3-2021.10.win32_1.0.0.202111181127/tools/bin/../lib/gcc/arm-none-eabi/10.3.1/thumb/v7e-m+fp/hard\libgcc.a(_arm_truncdfsf2.o)
                              ./Application/User/mc_interface.o (__aeabi_d2f)
c:/st/stm32cubeide_1.9.0/stm32cubeide/plugins/com.st.stm32cube.ide.mcu.externaltools.gnu-tools-for-stm32.10.3-2021.10.win32_1.0.0.202111181127/tools/bin/../lib/gcc/arm-none-eabi/10.3.1/thumb/v7e-m+fp/hard\libgcc.a(_aeabi_ldivmod.o)
                              ./Drivers/STM32G4xx_HAL_Driver/stm32g4xx_hal_uart.o (__aeabi_ldivmod)
c:/st/stm32cubeide_1.9.0/stm32cubeide/plugins/com.st.stm32cube.ide.mcu.externaltools.gnu-tools-for-stm32.10.3-2021.10.win32_1.0.0.202111181127/tools/bin/../lib/gcc/arm-none-eabi/10.3.1/thumb/v7e-m+fp/hard\libgcc.a(_aeabi_uldivmod.o)
                              ./Drivers/STM32G4xx_HAL_Driver/stm32g4xx_hal_uart.o (__aeabi_uldivmod)
[...]
Memory Configuration

Name             Origin             Length             Attributes
RAM              0x0000000020000000 0x0000000000008000 xrw
FLASH            0x0000000008000000 0x0000000000020000 xr
*default*        0x0000000000000000 0xffffffffffffffff

Linker script and memory map

LOAD c:/st/stm32cubeide_1.9.0/stm32cubeide/plugins/com.st.stm32cube.ide.mcu.externaltools.gnu-tools-for-stm32.10.3-2021.10.win32_1.0.0.202111181127/tools/bin/../lib/gcc/arm-none-eabi/10.3.1/thumb/v7e-m+fp/hard/crti.o
LOAD c:/st/stm32cubeide_1.9.0/stm32cubeide/plugins/com.st.stm32cube.ide.mcu.externaltools.gnu-tools-for-stm32.10.3-2021.10.win32_1.0.0.202111181127/tools/bin/../lib/gcc/arm-none-eabi/10.3.1/thumb/v7e-m+fp/hard/crtbegin.o
LOAD c:/st/stm32cubeide_1.9.0/stm32cubeide/plugins/com.st.stm32cube.ide.mcu.externaltools.gnu-tools-for-stm32.10.3-2021.10.win32_1.0.0.202111181127/tools/bin/../lib/gcc/arm-none-eabi/10.3.1/../../../../arm-none-eabi/lib/thumb/v7e-m+fp/hard/crt0.o
LOAD ./Application/Startup/startup_stm32g431rbtx.o
LOAD ./Application/User/aspep.o
LOAD ./Application/User/dac_ui.o
LOAD ./Application/User/main.o
LOAD ./Application/User/mc_api.o
LOAD ./Application/User/mc_config.o
LOAD ./Application/User/mc_configuration_registers.o
LOAD ./Application/User/mc_interface.o
LOAD ./Application/User/mc_math.o
LOAD ./Application/User/mc_parameters.o
LOAD ./Application/User/mc_perf.o
LOAD ./Application/User/mc_tasks.o
LOAD ./Application/User/mcp_config.o
LOAD ./Application/User/motorcontrol.o
LOAD ./Application/User/pwm_curr_fdbk.o
LOAD ./Application/User/register_interface.o
LOAD ./Application/User/regular_conversion_manager.o
LOAD ./Application/User/stm32g4xx_hal_msp.o
LOAD ./Application/User/stm32g4xx_it.o
LOAD ./Application/User/stm32g4xx_mc_it.o
LOAD ./Application/User/syscalls.o
LOAD ./Application/User/sysmem.o
LOAD ./Application/User/usart_aspep_driver.o
LOAD ./Drivers/CMSIS/system_stm32g4xx.o
LOAD ./Drivers/STM32G4xx_HAL_Driver/stm32g4xx_hal.o
LOAD ./Drivers/STM32G4xx_HAL_Driver/stm32g4xx_hal_adc.o
LOAD ./Drivers/STM32G4xx_HAL_Driver/stm32g4xx_hal_adc_ex.o
LOAD ./Drivers/STM32G4xx_HAL_Driver/stm32g4xx_hal_cordic.o
LOAD ./Drivers/STM32G4xx_HAL_Driver/stm32g4xx_hal_cortex.o
LOAD ./Drivers/STM32G4xx_HAL_Driver/stm32g4xx_hal_dac.o
LOAD ./Drivers/STM32G4xx_HAL_Driver/stm32g4xx_hal_dac_ex.o
LOAD ./Drivers/STM32G4xx_HAL_Driver/stm32g4xx_hal_dma.o
LOAD ./Drivers/STM32G4xx_HAL_Driver/stm32g4xx_hal_dma_ex.o
LOAD ./Drivers/STM32G4xx_HAL_Driver/stm32g4xx_hal_exti.o
LOAD ./Drivers/STM32G4xx_HAL_Driver/stm32g4xx_hal_flash.o
LOAD ./Drivers/STM32G4xx_HAL_Driver/stm32g4xx_hal_flash_ex.o
LOAD ./Drivers/STM32G4xx_HAL_Driver/stm32g4xx_hal_flash_ramfunc.o
LOAD ./Drivers/STM32G4xx_HAL_Driver/stm32g4xx_hal_gpio.o
LOAD ./Drivers/STM32G4xx_HAL_Driver/stm32g4xx_hal_pwr.o
LOAD ./Drivers/STM32G4xx_HAL_Driver/stm32g4xx_hal_pwr_ex.o
LOAD ./Drivers/STM32G4xx_HAL_Driver/stm32g4xx_hal_rcc.o
LOAD ./Drivers/STM32G4xx_HAL_Driver/stm32g4xx_hal_rcc_ex.o
LOAD ./Drivers/STM32G4xx_HAL_Driver/stm32g4xx_hal_tim.o
LOAD ./Drivers/STM32G4xx_HAL_Driver/stm32g4xx_hal_tim_ex.o
LOAD ./Drivers/STM32G4xx_HAL_Driver/stm32g4xx_hal_uart.o
LOAD ./Drivers/STM32G4xx_HAL_Driver/stm32g4xx_hal_uart_ex.o
LOAD ./Drivers/STM32G4xx_HAL_Driver/stm32g4xx_ll_adc.o
LOAD ./Middlewares/MotorControl/bus_voltage_sensor.o
LOAD ./Middlewares/MotorControl/circle_limitation.o
LOAD ./Middlewares/MotorControl/digital_output.o
LOAD ./Middlewares/MotorControl/mcp.o
LOAD ./Middlewares/MotorControl/mcpa.o
LOAD ./Middlewares/MotorControl/motor_power_measurement.o
LOAD ./Middlewares/MotorControl/ntc_temperature_sensor.o
LOAD ./Middlewares/MotorControl/open_loop.o
LOAD ./Middlewares/MotorControl/pid_regulator.o
LOAD ./Middlewares/MotorControl/pqd_motor_power_measurement.o
LOAD ./Middlewares/MotorControl/pwm_common.o
LOAD ./Middlewares/MotorControl/r3_2_g4xx_pwm_curr_fdbk.o
LOAD ./Middlewares/MotorControl/r_divider_bus_voltage_sensor.o
LOAD ./Middlewares/MotorControl/ramp_ext_mngr.o
LOAD ./Middlewares/MotorControl/revup_ctrl.o
LOAD ./Middlewares/MotorControl/speed_pos_fdbk.o
LOAD ./Middlewares/MotorControl/speed_torq_ctrl.o
LOAD ./Middlewares/MotorControl/sto_pll_speed_pos_fdbk.o
LOAD ./Middlewares/MotorControl/virtual_speed_sensor.o
START GROUP
LOAD c:/st/stm32cubeide_1.9.0/stm32cubeide/plugins/com.st.stm32cube.ide.mcu.externaltools.gnu-tools-for-stm32.10.3-2021.10.win32_1.0.0.202111181127/tools/bin/../lib/gcc/arm-none-eabi/10.3.1/../../../../arm-none-eabi/lib/thumb/v7e-m+fp/hard\libc_nano.a
LOAD c:/st/stm32cubeide_1.9.0/stm32cubeide/plugins/com.st.stm32cube.ide.mcu.externaltools.gnu-tools-for-stm32.10.3-2021.10.win32_1.0.0.202111181127/tools/bin/../lib/gcc/arm-none-eabi/10.3.1/../../../../arm-none-eabi/lib/thumb/v7e-m+fp/hard\libm.a
END GROUP
START GROUP
LOAD c:/st/stm32cubeide_1.9.0/stm32cubeide/plugins/com.st.stm32cube.ide.mcu.externaltools.gnu-tools-for-stm32.10.3-2021.10.win32_1.0.0.202111181127/tools/bin/../lib/gcc/arm-none-eabi/10.3.1/thumb/v7e-m+fp/hard\libgcc.a
LOAD c:/st/stm32cubeide_1.9.0/stm32cubeide/plugins/com.st.stm32cube.ide.mcu.externaltools.gnu-tools-for-stm32.10.3-2021.10.win32_1.0.0.202111181127/tools/bin/../lib/gcc/arm-none-eabi/10.3.1/../../../../arm-none-eabi/lib/thumb/v7e-m+fp/hard\libc_nano.a
END GROUP
START GROUP
LOAD c:/st/stm32cubeide_1.9.0/stm32cubeide/plugins/com.st.stm32cube.ide.mcu.externaltools.gnu-tools-for-stm32.10.3-2021.10.win32_1.0.0.202111181127/tools/bin/../lib/gcc/arm-none-eabi/10.3.1/thumb/v7e-m+fp/hard\libgcc.a
LOAD c:/st/stm32cubeide_1.9.0/stm32cubeide/plugins/com.st.stm32cube.ide.mcu.externaltools.gnu-tools-for-stm32.10.3-2021.10.win32_1.0.0.202111181127/tools/bin/../lib/gcc/arm-none-eabi/10.3.1/../../../../arm-none-eabi/lib/thumb/v7e-m+fp/hard\libc_nano.a
LOAD c:/st/stm32cubeide_1.9.0/stm32cubeide/plugins/com.st.stm32cube.ide.mcu.externaltools.gnu-tools-for-stm32.10.3-2021.10.win32_1.0.0.202111181127/tools/bin/../lib/gcc/arm-none-eabi/10.3.1/../../../../arm-none-eabi/lib/thumb/v7e-m+fp/hard\libnosys.a
END GROUP
START GROUP
LOAD c:/st/stm32cubeide_1.9.0/stm32cubeide/plugins/com.st.stm32cube.ide.mcu.externaltools.gnu-tools-for-stm32.10.3-2021.10.win32_1.0.0.202111181127/tools/bin/../lib/gcc/arm-none-eabi/10.3.1/thumb/v7e-m+fp/hard\libgcc.a
LOAD c:/st/stm32cubeide_1.9.0/stm32cubeide/plugins/com.st.stm32cube.ide.mcu.externaltools.gnu-tools-for-stm32.10.3-2021.10.win32_1.0.0.202111181127/tools/bin/../lib/gcc/arm-none-eabi/10.3.1/../../../../arm-none-eabi/lib/thumb/v7e-m+fp/hard\libc_nano.a
LOAD c:/st/stm32cubeide_1.9.0/stm32cubeide/plugins/com.st.stm32cube.ide.mcu.externaltools.gnu-tools-for-stm32.10.3-2021.10.win32_1.0.0.202111181127/tools/bin/../lib/gcc/arm-none-eabi/10.3.1/../../../../arm-none-eabi/lib/thumb/v7e-m+fp/hard\libnosys.a
END GROUP
LOAD c:/st/stm32cubeide_1.9.0/stm32cubeide/plugins/com.st.stm32cube.ide.mcu.externaltools.gnu-tools-for-stm32.10.3-2021.10.win32_1.0.0.202111181127/tools/bin/../lib/gcc/arm-none-eabi/10.3.1/thumb/v7e-m+fp/hard/crtend.o
LOAD c:/st/stm32cubeide_1.9.0/stm32cubeide/plugins/com.st.stm32cube.ide.mcu.externaltools.gnu-tools-for-stm32.10.3-2021.10.win32_1.0.0.202111181127/tools/bin/../lib/gcc/arm-none-eabi/10.3.1/thumb/v7e-m+fp/hard/crtn.o
                0x0000000020008000                _estack = (ORIGIN (RAM) + LENGTH (RAM))
                0x0000000000000200                _Min_Heap_Size = 0x200
                0x0000000000000400                _Min_Stack_Size = 0x400

.isr_vector     0x0000000008000000      0x1d8
                0x0000000008000000                . = ALIGN (0x4)
 *(.isr_vector)
 .isr_vector    0x0000000008000000      0x1d8 ./Application/Startup/startup_stm32g431rbtx.o
                0x0000000008000000                g_pfnVectors
                0x00000000080001d8                . = ALIGN (0x4)

.text           0x00000000080001d8     0x9cec
                0x00000000080001d8                . = ALIGN (0x4)
 *(.text)
 .text          0x00000000080001d8       0x40 c:/st/stm32cubeide_1.9.0/stm32cubeide/plugins/com.st.stm32cube.ide.mcu.externaltools.gnu-tools-for-stm32.10.3-2021.10.win32_1.0.0.202111181127/tools/bin/../lib/gcc/arm-none-eabi/10.3.1/thumb/v7e-m+fp/hard/crtbegin.o
 .text          0x0000000008000218      0x254 c:/st/stm32cubeide_1.9.0/stm32cubeide/plugins/com.st.stm32cube.ide.mcu.externaltools.gnu-tools-for-stm32.10.3-2021.10.win32_1.0.0.202111181127/tools/bin/../lib/gcc/arm-none-eabi/10.3.1/thumb/v7e-m+fp/hard\libgcc.a(_arm_muldf3.o)
                0x0000000008000218                __muldf3
                0x0000000008000218                __aeabi_dmul
 .text          0x000000000800046c      0x378 c:/st/stm32cubeide_1.9.0/stm32cubeide/plugins/com.st.stm32cube.ide.mcu.externaltools.gnu-tools-for-stm32.10.3-2021.10.win32_1.0.0.202111181127/tools/bin/../lib/gcc/arm-none-eabi/10.3.1/thumb/v7e-m+fp/hard\libgcc.a(_arm_addsubdf3.o)
                0x000000000800046c                __aeabi_drsub
                0x0000000008000474                __aeabi_dsub
                0x0000000008000474                __subdf3
                0x0000000008000478                __aeabi_dadd
                0x0000000008000478                __adddf3
                0x00000000080006f0                __floatunsidf
                0x00000000080006f0                __aeabi_ui2d
                0x0000000008000710                __floatsidf
                0x0000000008000710                __aeabi_i2d
                0x0000000008000734                __aeabi_f2d
                0x0000000008000734                __extendsfdf2
                0x0000000008000778                __floatundidf
                0x0000000008000778                __aeabi_ul2d
                0x0000000008000788                __floatdidf
                0x0000000008000788                __aeabi_l2d
 .text          0x00000000080007e4       0x50 c:/st/stm32cubeide_1.9.0/stm32cubeide/plugins/com.st.stm32cube.ide.mcu.externaltools.gnu-tools-for-stm32.10.3-2021.10.win32_1.0.0.202111181127/tools/bin/../lib/gcc/arm-none-eabi/10.3.1/thumb/v7e-m+fp/hard\libgcc.a(_arm_fixdfsi.o)
                0x00000000080007e4                __aeabi_d2iz
                0x00000000080007e4                __fixdfsi
 .text          0x0000000008000834       0x30 c:/st/stm32cubeide_1.9.0/stm32cubeide/plugins/com.st.stm32cube.ide.mcu.externaltools.gnu-tools-for-stm32.10.3-2021.10.win32_1.0.0.202111181127/tools/bin/../lib/gcc/arm-none-eabi/10.3.1/thumb/v7e-m+fp/hard\libgcc.a(_aeabi_uldivmod.o)
                0x0000000008000834                __aeabi_uldivmod
 .text          0x0000000008000864      0x2d0 c:/st/stm32cubeide_1.9.0/stm32cubeide/plugins/com.st.stm32cube.ide.mcu.externaltools.gnu-tools-for-stm32.10.3-2021.10.win32_1.0.0.202111181127/tools/bin/../lib/gcc/arm-none-eabi/10.3.1/thumb/v7e-m+fp/hard\libgcc.a(_udivmoddi4.o)
                0x0000000008000864                __udivmoddi4
 .text          0x0000000008000b34        0x4 c:/st/stm32cubeide_1.9.0/stm32cubeide/plugins/com.st.stm32cube.ide.mcu.externaltools.gnu-tools-for-stm32.10.3-2021.10.win32_1.0.0.202111181127/tools/bin/../lib/gcc/arm-none-eabi/10.3.1/thumb/v7e-m+fp/hard\libgcc.a(_dvmd_tls.o)
                0x0000000008000b34                __aeabi_idiv0
                0x0000000008000b34                __aeabi_ldiv0
 *(.text*)
 .text.Reset_Handler
                0x0000000008000b38       0x50 ./Application/Startup/startup_stm32g431rbtx.o
                0x0000000008000b38                Reset_Handler
 .text.Default_Handler
                0x0000000008000b88        0x2 ./Application/Startup/startup_stm32g431rbtx.o
                0x0000000008000b88                RTC_Alarm_IRQHandler
                0x0000000008000b88                EXTI2_IRQHandler
                0x0000000008000b88                TIM8_TRG_COM_IRQHandler
                0x0000000008000b88                TIM8_CC_IRQHandler
                0x0000000008000b88                DebugMon_Handler
                0x0000000008000b88                TIM1_CC_IRQHandler
                0x0000000008000b88                USB_HP_IRQHandler
                0x0000000008000b88                CORDIC_IRQHandler
                0x0000000008000b88                PendSV_Handler
                0x0000000008000b88                NMI_Handler
                0x0000000008000b88                EXTI3_IRQHandler
                0x0000000008000b88                I2C3_ER_IRQHandler
                0x0000000008000b88                EXTI0_IRQHandler
                0x0000000008000b88                I2C2_EV_IRQHandler
                0x0000000008000b88                FPU_IRQHandler
                0x0000000008000b88                FDCAN1_IT1_IRQHandler
                0x0000000008000b88                UsageFault_Handler
                0x0000000008000b88                SPI1_IRQHandler
                0x0000000008000b88                TIM6_DAC_IRQHandler
                0x0000000008000b88                TIM8_UP_IRQHandler
                0x0000000008000b88                DMA1_Channel4_IRQHandler
                0x0000000008000b88                USART3_IRQHandler
                0x0000000008000b88                TIM4_IRQHandler
                0x0000000008000b88                DMA2_Channel1_IRQHandler
                0x0000000008000b88                I2C1_EV_IRQHandler
                0x0000000008000b88                DMA1_Channel6_IRQHandler
                0x0000000008000b88                UART4_IRQHandler
                0x0000000008000b88                DMA2_Channel4_IRQHandler
                0x0000000008000b88                TIM3_IRQHandler
                0x0000000008000b88                RCC_IRQHandler
                0x0000000008000b88                DMA1_Channel1_IRQHandler
                0x0000000008000b88                Default_Handler
                0x0000000008000b88                RTC_TAMP_LSECSS_IRQHandler
                0x0000000008000b88                FMAC_IRQHandler
                0x0000000008000b88                TIM7_IRQHandler
                0x0000000008000b88                UCPD1_IRQHandler
                0x0000000008000b88                I2C3_EV_IRQHandler
                0x0000000008000b88                EXTI9_5_IRQHandler
                0x0000000008000b88                RTC_WKUP_IRQHandler
                0x0000000008000b88                PVD_PVM_IRQHandler
                0x0000000008000b88                SPI2_IRQHandler
                0x0000000008000b88                MemManage_Handler
                0x0000000008000b88                SVC_Handler
                0x0000000008000b88                DMA2_Channel5_IRQHandler
                0x0000000008000b88                CRS_IRQHandler
                0x0000000008000b88                DMA1_Channel5_IRQHandler
                0x0000000008000b88                USB_LP_IRQHandler
                0x0000000008000b88                EXTI4_IRQHandler
                0x0000000008000b88                RNG_IRQHandler
                0x0000000008000b88                TIM1_TRG_COM_TIM17_IRQHandler
                0x0000000008000b88                DMA1_Channel3_IRQHandler
                0x0000000008000b88                WWDG_IRQHandler
                0x0000000008000b88                LPUART1_IRQHandler
                0x0000000008000b88                DMA2_Channel6_IRQHandler
                0x0000000008000b88                FDCAN1_IT0_IRQHandler
                0x0000000008000b88                TIM2_IRQHandler
                0x0000000008000b88                COMP1_2_3_IRQHandler
                0x0000000008000b88                EXTI1_IRQHandler
                0x0000000008000b88                I2C2_ER_IRQHandler
                0x0000000008000b88                DMA1_Channel2_IRQHandler
                0x0000000008000b88                TIM8_BRK_IRQHandler
                0x0000000008000b88                FLASH_IRQHandler
                0x0000000008000b88                BusFault_Handler
                0x0000000008000b88                USART1_IRQHandler
                0x0000000008000b88                SPI3_IRQHandler
                0x0000000008000b88                I2C1_ER_IRQHandler
                0x0000000008000b88                LPTIM1_IRQHandler
                0x0000000008000b88                DMAMUX_OVR_IRQHandler
                0x0000000008000b88                USBWakeUp_IRQHandler
                0x0000000008000b88                SAI1_IRQHandler
                0x0000000008000b88                DMA2_Channel3_IRQHandler
                0x0000000008000b88                COMP4_IRQHandler
 *fill*         0x0000000008000b8a        0x2 
 .text.ASPEP_start
                0x0000000008000b8c       0x28 ./Application/User/aspep.o
                0x0000000008000b8c                ASPEP_start
 .text.ASPEP_sendBeacon
                0x0000000008000bb4       0x8c ./Application/User/aspep.o
                0x0000000008000bb4                ASPEP_sendBeacon
 .text.ASPEP_sendPing
                0x0000000008000c40       0x90 ./Application/User/aspep.o
                0x0000000008000c40                ASPEP_sendPing
 .text.ASPEP_getBuffer
                0x0000000008000cd0       0x6c ./Application/User/aspep.o
                0x0000000008000cd0                ASPEP_getBuffer
 .text.ASPEP_sendPacket
                0x0000000008000d3c      0x118 ./Application/User/aspep.o
                0x0000000008000d3c                ASPEP_sendPacket
 .text.ASPEP_HWDataTransmittedIT
                0x0000000008000e54       0x98 ./Application/User/aspep.o
                0x0000000008000e54                ASPEP_HWDataTransmittedIT
 .text.ASPEP_RXframeProcess
                0x0000000008000eec      0x2a8 ./Application/User/aspep.o
                0x0000000008000eec                ASPEP_RXframeProcess
 .text.ASPEP_HWDataReceivedIT
                0x0000000008001194       0x9c ./Application/User/aspep.o
                0x0000000008001194                ASPEP_HWDataReceivedIT
 .text.ASPEP_HWDMAReset
                0x0000000008001230       0x14 ./Application/User/aspep.o
                0x0000000008001230                ASPEP_HWDMAReset
 .text.DAC_Init
                0x0000000008001244       0x1c ./Application/User/dac_ui.o
                0x0000000008001244                DAC_Init
 .text.DAC_Exec
                0x0000000008001260       0x34 ./Application/User/dac_ui.o
                0x0000000008001260                DAC_Exec
 .text.DAC_SetChannelConfig
                0x0000000008001294       0x10 ./Application/User/dac_ui.o
                0x0000000008001294                DAC_SetChannelConfig
 .text.DAC_GetChannelConfig
                0x00000000080012a4        0x8 ./Application/User/dac_ui.o
                0x00000000080012a4                DAC_GetChannelConfig
 *fill*         0x00000000080012ac        0x4 
 .text.SystemClock_Config
                0x00000000080012b0       0x90 ./Application/User/main.o
                0x00000000080012b0                SystemClock_Config
 .text.startup.main
                0x0000000008001340      0x518 ./Application/User/main.o
                0x0000000008001340                main
 .text.Error_Handler
                0x0000000008001858        0x4 ./Application/User/main.o
                0x0000000008001858                Error_Handler
 .text.MC_StartMotor1
                0x000000000800185c        0xc ./Application/User/mc_api.o
                0x000000000800185c                MC_StartMotor1
 .text.MC_StopMotor1
                0x0000000008001868        0xc ./Application/User/mc_api.o
                0x0000000008001868                MC_StopMotor1
 .text.MC_GetMecSpeedAverageMotor1
                0x0000000008001874        0xc ./Application/User/mc_api.o
                0x0000000008001874                MC_GetMecSpeedAverageMotor1
 .text.MC_GetSTMStateMotor1
                0x0000000008001880        0xc ./Application/User/mc_api.o
                0x0000000008001880                MC_GetSTMStateMotor1
 .text.MCI_Init
                0x000000000800188c       0x24 ./Application/User/mc_interface.o
                0x000000000800188c                MCI_Init
 .text.MCI_ExecSpeedRamp
                0x00000000080018b0       0x14 ./Application/User/mc_interface.o
                0x00000000080018b0                MCI_ExecSpeedRamp
 .text.MCI_ExecTorqueRamp
                0x00000000080018c4       0x14 ./Application/User/mc_interface.o
                0x00000000080018c4                MCI_ExecTorqueRamp
 .text.MCI_SetCurrentReferences
                0x00000000080018d8       0x14 ./Application/User/mc_interface.o
                0x00000000080018d8                MCI_SetCurrentReferences
 .text.MCI_FaultProcessing
                0x00000000080018ec       0x18 ./Application/User/mc_interface.o
                0x00000000080018ec                MCI_FaultProcessing
 .text.MCI_ExecBufferedCommands
                0x0000000008001904       0x70 ./Application/User/mc_interface.o
                0x0000000008001904                MCI_ExecBufferedCommands
 .text.MCI_GetSTMState
                0x0000000008001974        0x4 ./Application/User/mc_interface.o
                0x0000000008001974                MCI_GetSTMState
 .text.MCI_GetOccurredFaults
                0x0000000008001978        0x4 ./Application/User/mc_interface.o
                0x0000000008001978                MCI_GetOccurredFaults
 .text.MCI_GetCurrentFaults
                0x000000000800197c        0x4 ./Application/User/mc_interface.o
                0x000000000800197c                MCI_GetCurrentFaults
 .text.MCI_StartMotor
                0x0000000008001980       0x2c ./Application/User/mc_interface.o
                0x0000000008001980                MCI_StartMotor
 .text.MCI_StopMotor
                0x00000000080019ac       0x40 ./Application/User/mc_interface.o
                0x00000000080019ac                MCI_StopMotor
 .text.MCI_FaultAcknowledged
                0x00000000080019ec       0x24 ./Application/User/mc_interface.o
                0x00000000080019ec                MCI_FaultAcknowledged
 .text.MCI_GetFaultState
                0x0000000008001a10        0xc ./Application/User/mc_interface.o
                0x0000000008001a10                MCI_GetFaultState
 .text.MCI_GetControlMode
                0x0000000008001a1c        0x4 ./Application/User/mc_interface.o
                0x0000000008001a1c                MCI_GetControlMode
 .text.MCI_GetImposedMotorDirection
                0x0000000008001a20       0x44 ./Application/User/mc_interface.o
                0x0000000008001a20                MCI_GetImposedMotorDirection
 .text.MCI_GetLastRampFinalSpeed
                0x0000000008001a64        0x8 ./Application/User/mc_interface.o
                0x0000000008001a64                MCI_GetLastRampFinalSpeed
 .text.MCI_GetLastRampFinalTorque
                0x0000000008001a6c        0x8 ./Application/User/mc_interface.o
                0x0000000008001a6c                MCI_GetLastRampFinalTorque
 .text.MCI_GetLastRampFinalDuration
                0x0000000008001a74        0x4 ./Application/User/mc_interface.o
                0x0000000008001a74                MCI_GetLastRampFinalDuration
 .text.MCI_StopRamp
                0x0000000008001a78        0x8 ./Application/User/mc_interface.o
                0x0000000008001a78                MCI_StopRamp
 .text.MCI_GetAvrgMecSpeedUnit
                0x0000000008001a80       0x10 ./Application/User/mc_interface.o
                0x0000000008001a80                MCI_GetAvrgMecSpeedUnit
 .text.MCI_GetMecSpeedRefUnit
                0x0000000008001a90        0x8 ./Application/User/mc_interface.o
                0x0000000008001a90                MCI_GetMecSpeedRefUnit
 .text.MCI_GetIab
                0x0000000008001a98       0x1c ./Application/User/mc_interface.o
                0x0000000008001a98                MCI_GetIab
 .text.MCI_GetIalphabeta
                0x0000000008001ab4       0x1c ./Application/User/mc_interface.o
                0x0000000008001ab4                MCI_GetIalphabeta
 .text.MCI_GetIqd
                0x0000000008001ad0       0x1c ./Application/User/mc_interface.o
                0x0000000008001ad0                MCI_GetIqd
 .text.MCI_GetIqdref
                0x0000000008001aec       0x1c ./Application/User/mc_interface.o
                0x0000000008001aec                MCI_GetIqdref
 .text.MCI_GetVqd
                0x0000000008001b08       0x1c ./Application/User/mc_interface.o
                0x0000000008001b08                MCI_GetVqd
 .text.MCI_GetValphabeta
                0x0000000008001b24       0x1c ./Application/User/mc_interface.o
                0x0000000008001b24                MCI_GetValphabeta
 .text.MCI_GetTeref
                0x0000000008001b40        0x8 ./Application/User/mc_interface.o
                0x0000000008001b40                MCI_GetTeref
 .text.MCI_Clear_Iqdref
                0x0000000008001b48       0x14 ./Application/User/mc_interface.o
                0x0000000008001b48                MCI_Clear_Iqdref
 .text.MCM_Clarke
                0x0000000008001b5c       0x54 ./Application/User/mc_math.o
                0x0000000008001b5c                MCM_Clarke
 .text.MCM_Trig_Functions
                0x0000000008001bb0       0x2c ./Application/User/mc_math.o
                0x0000000008001bb0                MCM_Trig_Functions
 .text.MCM_Park
                0x0000000008001bdc       0x88 ./Application/User/mc_math.o
                0x0000000008001bdc                MCM_Park
 .text.MCM_Rev_Park
                0x0000000008001c64       0x40 ./Application/User/mc_math.o
                0x0000000008001c64                MCM_Rev_Park
 .text.MCM_Sqrt
                0x0000000008001ca4       0x20 ./Application/User/mc_math.o
                0x0000000008001ca4                MCM_Sqrt
 .text.initModelPredictiveControl
                0x0000000008001cc4      0x11c ./Application/User/mc_tasks.o
                0x0000000008001cc4                initModelPredictiveControl
 .text.FOC_Clear
                0x0000000008001de0       0x74 ./Application/User/mc_tasks.o
                0x0000000008001de0                FOC_Clear
 .text.MCboot   0x0000000008001e54      0x148 ./Application/User/mc_tasks.o
                0x0000000008001e54                MCboot
 .text.FOC_InitAdditionalMethods
                0x0000000008001f9c        0x4 ./Application/User/mc_tasks.o
                0x0000000008001f9c                FOC_InitAdditionalMethods
 .text.FOC_CalcCurrRef
                0x0000000008001fa0       0x2c ./Application/User/mc_tasks.o
                0x0000000008001fa0                FOC_CalcCurrRef
 .text.TSK_SetChargeBootCapDelayM1
                0x0000000008001fcc        0xc ./Application/User/mc_tasks.o
                0x0000000008001fcc                TSK_SetChargeBootCapDelayM1
 .text.TSK_ChargeBootCapDelayHasElapsedM1
                0x0000000008001fd8       0x14 ./Application/User/mc_tasks.o
                0x0000000008001fd8                TSK_ChargeBootCapDelayHasElapsedM1
 .text.TSK_SetStopPermanencyTimeM1
                0x0000000008001fec        0xc ./Application/User/mc_tasks.o
                0x0000000008001fec                TSK_SetStopPermanencyTimeM1
 .text.TSK_StopPermanencyTimeHasElapsedM1
                0x0000000008001ff8       0x14 ./Application/User/mc_tasks.o
                0x0000000008001ff8                TSK_StopPermanencyTimeHasElapsedM1
 .text.TSK_MediumFrequencyTaskM1
                0x000000000800200c      0x318 ./Application/User/mc_tasks.o
                0x000000000800200c                TSK_MediumFrequencyTaskM1
 .text.MC_Scheduler
                0x0000000008002324       0x88 ./Application/User/mc_tasks.o
                0x0000000008002324                MC_Scheduler
 *fill*         0x00000000080023ac        0x4 
 .text.TSK_HighFrequencyTask
                0x00000000080023b0      0x428 ./Application/User/mc_tasks.o
                0x00000000080023b0                TSK_HighFrequencyTask
 .text.TSK_SafetyTask_PWMOFF
                0x00000000080027d8       0x98 ./Application/User/mc_tasks.o
                0x00000000080027d8                TSK_SafetyTask_PWMOFF
 .text.TSK_SafetyTask
                0x0000000008002870       0x20 ./Application/User/mc_tasks.o
                0x0000000008002870                TSK_SafetyTask
 .text.MC_RunMotorControlTasks
                0x0000000008002890       0x18 ./Application/User/mc_tasks.o
                0x0000000008002890                MC_RunMotorControlTasks
 .text.TSK_HardwareFaultTask
                0x00000000080028a8       0x20 ./Application/User/mc_tasks.o
                0x00000000080028a8                TSK_HardwareFaultTask
 .text.UI_HandleStartStopButton_cb
                0x00000000080028c8       0x18 ./Application/User/mc_tasks.o
                0x00000000080028c8                UI_HandleStartStopButton_cb
 .text.mc_lock_pins
                0x00000000080028e0      0x100 ./Application/User/mc_tasks.o
                0x00000000080028e0                mc_lock_pins
 .text.MX_MotorControl_Init
                0x00000000080029e0       0x3c ./Application/User/motorcontrol.o
                0x00000000080029e0                MX_MotorControl_Init
 .text.PWMC_GetPhaseCurrents
                0x0000000008002a1c        0x4 ./Application/User/pwm_curr_fdbk.o
                0x0000000008002a1c                PWMC_GetPhaseCurrents
 .text.PWMC_SetPhaseVoltage
                0x0000000008002a20      0x294 ./Application/User/pwm_curr_fdbk.o
                0x0000000008002a20                PWMC_SetPhaseVoltage
 .text.PWMC_SwitchOffPWM
                0x0000000008002cb4        0x4 ./Application/User/pwm_curr_fdbk.o
                0x0000000008002cb4                PWMC_SwitchOffPWM
 .text.PWMC_SwitchOnPWM
                0x0000000008002cb8        0x4 ./Application/User/pwm_curr_fdbk.o
                0x0000000008002cb8                PWMC_SwitchOnPWM
 .text.PWMC_CurrentReadingCalibr
                0x0000000008002cbc       0x54 ./Application/User/pwm_curr_fdbk.o
                0x0000000008002cbc                PWMC_CurrentReadingCalibr
 .text.PWMC_CheckOverCurrent
                0x0000000008002d10        0x4 ./Application/User/pwm_curr_fdbk.o
                0x0000000008002d10                PWMC_CheckOverCurrent
 .text.RI_SetRegCommandParser
                0x0000000008002d14      0x7a8 ./Application/User/register_interface.o
                0x0000000008002d14                RI_SetRegCommandParser
 .text.RI_GetRegCommandParser
                0x00000000080034bc      0x8bc ./Application/User/register_interface.o
                0x00000000080034bc                RI_GetRegCommandParser
 .text.RI_GetIDSize
                0x0000000008003d78       0x18 ./Application/User/register_interface.o
                0x0000000008003d78                RI_GetIDSize
 .text.RI_GetPtrReg
                0x0000000008003d90      0x144 ./Application/User/register_interface.o
                0x0000000008003d90                RI_GetPtrReg
 .text.RCM_RegisterRegConv
                0x0000000008003ed4      0x1d0 ./Application/User/regular_conversion_manager.o
                0x0000000008003ed4                RCM_RegisterRegConv
 .text.RCM_ExecRegularConv
                0x00000000080040a4      0x18c ./Application/User/regular_conversion_manager.o
                0x00000000080040a4                RCM_ExecRegularConv
 .text.RCM_ExecUserConv
                0x0000000008004230       0x60 ./Application/User/regular_conversion_manager.o
                0x0000000008004230                RCM_ExecUserConv
 .text.HAL_MspInit
                0x0000000008004290       0x40 ./Application/User/stm32g4xx_hal_msp.o
                0x0000000008004290                HAL_MspInit
 .text.HAL_ADC_MspInit
                0x00000000080042d0      0x144 ./Application/User/stm32g4xx_hal_msp.o
                0x00000000080042d0                HAL_ADC_MspInit
 .text.HAL_CORDIC_MspInit
                0x0000000008004414       0x30 ./Application/User/stm32g4xx_hal_msp.o
                0x0000000008004414                HAL_CORDIC_MspInit
 *fill*         0x0000000008004444        0x4 
 .text.HAL_DAC_MspInit
                0x0000000008004448       0x74 ./Application/User/stm32g4xx_hal_msp.o
                0x0000000008004448                HAL_DAC_MspInit
 *fill*         0x00000000080044bc        0x4 
 .text.HAL_TIM_Base_MspInit
                0x00000000080044c0       0x74 ./Application/User/stm32g4xx_hal_msp.o
                0x00000000080044c0                HAL_TIM_Base_MspInit
 *fill*         0x0000000008004534        0x4 
 .text.HAL_TIM_MspPostInit
                0x0000000008004538       0x74 ./Application/User/stm32g4xx_hal_msp.o
                0x0000000008004538                HAL_TIM_MspPostInit
 .text.HAL_UART_MspInit
                0x00000000080045ac       0xf8 ./Application/User/stm32g4xx_hal_msp.o
                0x00000000080045ac                HAL_UART_MspInit
 .text.ADC1_2_IRQHandler
                0x00000000080046a4        0xc ./Application/User/stm32g4xx_mc_it.o
                0x00000000080046a4                ADC1_2_IRQHandler
 .text.TIM1_UP_TIM16_IRQHandler
                0x00000000080046b0       0x18 ./Application/User/stm32g4xx_mc_it.o
                0x00000000080046b0                TIM1_UP_TIM16_IRQHandler
 .text.TIM1_BRK_TIM15_IRQHandler
                0x00000000080046c8       0x3c ./Application/User/stm32g4xx_mc_it.o
                0x00000000080046c8                TIM1_BRK_TIM15_IRQHandler
 .text.DMA2_Channel2_IRQHandler
                0x0000000008004704       0x1c ./Application/User/stm32g4xx_mc_it.o
                0x0000000008004704                DMA2_Channel2_IRQHandler
 .text.USART2_IRQHandler
                0x0000000008004720       0xe0 ./Application/User/stm32g4xx_mc_it.o
                0x0000000008004720                USART2_IRQHandler
 .text.HardFault_Handler
                0x0000000008004800        0x8 ./Application/User/stm32g4xx_mc_it.o
                0x0000000008004800                HardFault_Handler
 .text.SysTick_Handler
                0x0000000008004808       0x30 ./Application/User/stm32g4xx_mc_it.o
                0x0000000008004808                SysTick_Handler
 .text.EXTI15_10_IRQHandler
                0x0000000008004838       0x18 ./Application/User/stm32g4xx_mc_it.o
                0x0000000008004838                EXTI15_10_IRQHandler
 .text.UASPEP_INIT
                0x0000000008004850       0x90 ./Application/User/usart_aspep_driver.o
                0x0000000008004850                UASPEP_INIT
 .text.UASPEP_SEND_PACKET
                0x00000000080048e0       0x3c ./Application/User/usart_aspep_driver.o
                0x00000000080048e0                UASPEP_SEND_PACKET
 .text.UASPEP_RECEIVE_BUFFER
                0x000000000800491c       0x38 ./Application/User/usart_aspep_driver.o
                0x000000000800491c                UASPEP_RECEIVE_BUFFER
 .text.UASPEP_IDLE_ENABLE
                0x0000000008004954       0x18 ./Application/User/usart_aspep_driver.o
                0x0000000008004954                UASPEP_IDLE_ENABLE
 .text.SystemInit
                0x000000000800496c       0x14 ./Drivers/CMSIS/system_stm32g4xx.o
                0x000000000800496c                SystemInit
 .text.HAL_InitTick
                0x0000000008004980       0x4c ./Drivers/STM32G4xx_HAL_Driver/stm32g4xx_hal.o
                0x0000000008004980                HAL_InitTick
 .text.HAL_Init
                0x00000000080049cc       0x20 ./Drivers/STM32G4xx_HAL_Driver/stm32g4xx_hal.o
                0x00000000080049cc                HAL_Init
 .text.HAL_IncTick
                0x00000000080049ec       0x18 ./Drivers/STM32G4xx_HAL_Driver/stm32g4xx_hal.o
                0x00000000080049ec                HAL_IncTick
 .text.HAL_GetTick
                0x0000000008004a04        0xc ./Drivers/STM32G4xx_HAL_Driver/stm32g4xx_hal.o
                0x0000000008004a04                HAL_GetTick
 .text.HAL_Delay
                0x0000000008004a10       0x24 ./Drivers/STM32G4xx_HAL_Driver/stm32g4xx_hal.o
                0x0000000008004a10                HAL_Delay
 .text.HAL_ADC_Init
                0x0000000008004a34      0x208 ./Drivers/STM32G4xx_HAL_Driver/stm32g4xx_hal_adc.o
                0x0000000008004a34                HAL_ADC_Init
 .text.HAL_ADC_ConfigChannel
                0x0000000008004c3c      0x4d8 ./Drivers/STM32G4xx_HAL_Driver/stm32g4xx_hal_adc.o
                0x0000000008004c3c                HAL_ADC_ConfigChannel
 .text.HAL_ADCEx_InjectedConfigChannel
                0x0000000008005114      0x5f4 ./Drivers/STM32G4xx_HAL_Driver/stm32g4xx_hal_adc_ex.o
                0x0000000008005114                HAL_ADCEx_InjectedConfigChannel
 .text.HAL_ADCEx_MultiModeConfigChannel
                0x0000000008005708       0xcc ./Drivers/STM32G4xx_HAL_Driver/stm32g4xx_hal_adc_ex.o
                0x0000000008005708                HAL_ADCEx_MultiModeConfigChannel
 .text.HAL_CORDIC_Init
                0x00000000080057d4       0x34 ./Drivers/STM32G4xx_HAL_Driver/stm32g4xx_hal_cordic.o
                0x00000000080057d4                HAL_CORDIC_Init
 .text.HAL_NVIC_SetPriorityGrouping
                0x0000000008005808       0x24 ./Drivers/STM32G4xx_HAL_Driver/stm32g4xx_hal_cortex.o
                0x0000000008005808                HAL_NVIC_SetPriorityGrouping
 .text.HAL_NVIC_SetPriority
                0x000000000800582c       0x7c ./Drivers/STM32G4xx_HAL_Driver/stm32g4xx_hal_cortex.o
                0x000000000800582c                HAL_NVIC_SetPriority
 .text.HAL_NVIC_EnableIRQ
                0x00000000080058a8       0x1c ./Drivers/STM32G4xx_HAL_Driver/stm32g4xx_hal_cortex.o
                0x00000000080058a8                HAL_NVIC_EnableIRQ
 .text.HAL_SYSTICK_Config
                0x00000000080058c4       0x34 ./Drivers/STM32G4xx_HAL_Driver/stm32g4xx_hal_cortex.o
                0x00000000080058c4                HAL_SYSTICK_Config
 .text.HAL_SYSTICK_Callback
                0x00000000080058f8        0x4 ./Drivers/STM32G4xx_HAL_Driver/stm32g4xx_hal_cortex.o
                0x00000000080058f8                HAL_SYSTICK_Callback
 .text.HAL_SYSTICK_IRQHandler
                0x00000000080058fc        0x8 ./Drivers/STM32G4xx_HAL_Driver/stm32g4xx_hal_cortex.o
                0x00000000080058fc                HAL_SYSTICK_IRQHandler
 .text.HAL_DAC_Init
                0x0000000008005904       0x2c ./Drivers/STM32G4xx_HAL_Driver/stm32g4xx_hal_dac.o
                0x0000000008005904                HAL_DAC_Init
 .text.HAL_DAC_ConfigChannel
                0x0000000008005930      0x1c8 ./Drivers/STM32G4xx_HAL_Driver/stm32g4xx_hal_dac.o
                0x0000000008005930                HAL_DAC_ConfigChannel
 .text.HAL_DMA_Init
                0x0000000008005af8      0x12c ./Drivers/STM32G4xx_HAL_Driver/stm32g4xx_hal_dma.o
                0x0000000008005af8                HAL_DMA_Init
 .text.HAL_GPIO_Init
                0x0000000008005c24      0x1f0 ./Drivers/STM32G4xx_HAL_Driver/stm32g4xx_hal_gpio.o
                0x0000000008005c24                HAL_GPIO_Init
 .text.HAL_GPIO_WritePin
                0x0000000008005e14        0xc ./Drivers/STM32G4xx_HAL_Driver/stm32g4xx_hal_gpio.o
                0x0000000008005e14                HAL_GPIO_WritePin
 .text.HAL_PWREx_ControlVoltageScaling
                0x0000000008005e20       0xfc ./Drivers/STM32G4xx_HAL_Driver/stm32g4xx_hal_pwr_ex.o
                0x0000000008005e20                HAL_PWREx_ControlVoltageScaling
 .text.HAL_PWREx_DisableUCPDDeadBattery
                0x0000000008005f1c       0x10 ./Drivers/STM32G4xx_HAL_Driver/stm32g4xx_hal_pwr_ex.o
                0x0000000008005f1c                HAL_PWREx_DisableUCPDDeadBattery
 .text.HAL_RCC_OscConfig
                0x0000000008005f2c      0x498 ./Drivers/STM32G4xx_HAL_Driver/stm32g4xx_hal_rcc.o
                0x0000000008005f2c                HAL_RCC_OscConfig
 .text.HAL_RCC_GetSysClockFreq
                0x00000000080063c4       0x70 ./Drivers/STM32G4xx_HAL_Driver/stm32g4xx_hal_rcc.o
                0x00000000080063c4                HAL_RCC_GetSysClockFreq
 .text.HAL_RCC_ClockConfig
                0x0000000008006434      0x224 ./Drivers/STM32G4xx_HAL_Driver/stm32g4xx_hal_rcc.o
                0x0000000008006434                HAL_RCC_ClockConfig
 .text.HAL_RCC_GetHCLKFreq
                0x0000000008006658        0xc ./Drivers/STM32G4xx_HAL_Driver/stm32g4xx_hal_rcc.o
                0x0000000008006658                HAL_RCC_GetHCLKFreq
 .text.HAL_RCC_GetPCLK1Freq
                0x0000000008006664       0x24 ./Drivers/STM32G4xx_HAL_Driver/stm32g4xx_hal_rcc.o
                0x0000000008006664                HAL_RCC_GetPCLK1Freq
 .text.HAL_RCC_GetPCLK2Freq
                0x0000000008006688       0x24 ./Drivers/STM32G4xx_HAL_Driver/stm32g4xx_hal_rcc.o
                0x0000000008006688                HAL_RCC_GetPCLK2Freq
 .text.HAL_RCC_EnableCSS
                0x00000000080066ac       0x10 ./Drivers/STM32G4xx_HAL_Driver/stm32g4xx_hal_rcc.o
                0x00000000080066ac                HAL_RCC_EnableCSS
 .text.HAL_RCCEx_PeriphCLKConfig
                0x00000000080066bc      0x298 ./Drivers/STM32G4xx_HAL_Driver/stm32g4xx_hal_rcc_ex.o
                0x00000000080066bc                HAL_RCCEx_PeriphCLKConfig
 .text.TIM_OC1_SetConfig
                0x0000000008006954       0x78 ./Drivers/STM32G4xx_HAL_Driver/stm32g4xx_hal_tim.o
 .text.TIM_OC3_SetConfig
                0x00000000080069cc       0x80 ./Drivers/STM32G4xx_HAL_Driver/stm32g4xx_hal_tim.o
 .text.TIM_OC4_SetConfig
                0x0000000008006a4c       0x80 ./Drivers/STM32G4xx_HAL_Driver/stm32g4xx_hal_tim.o
 .text.HAL_TIM_Base_Init
                0x0000000008006acc      0x110 ./Drivers/STM32G4xx_HAL_Driver/stm32g4xx_hal_tim.o
                0x0000000008006acc                HAL_TIM_Base_Init
 .text.HAL_TIM_PWM_MspInit
                0x0000000008006bdc        0x4 ./Drivers/STM32G4xx_HAL_Driver/stm32g4xx_hal_tim.o
                0x0000000008006bdc                HAL_TIM_PWM_MspInit
 .text.HAL_TIM_PWM_Init
                0x0000000008006be0      0x110 ./Drivers/STM32G4xx_HAL_Driver/stm32g4xx_hal_tim.o
                0x0000000008006be0                HAL_TIM_PWM_Init
 .text.HAL_TIM_SlaveConfigSynchro
                0x0000000008006cf0      0x14c ./Drivers/STM32G4xx_HAL_Driver/stm32g4xx_hal_tim.o
                0x0000000008006cf0                HAL_TIM_SlaveConfigSynchro
 .text.TIM_OC2_SetConfig
                0x0000000008006e3c       0x80 ./Drivers/STM32G4xx_HAL_Driver/stm32g4xx_hal_tim.o
                0x0000000008006e3c                TIM_OC2_SetConfig
 .text.HAL_TIM_PWM_ConfigChannel
                0x0000000008006ebc      0x1fc ./Drivers/STM32G4xx_HAL_Driver/stm32g4xx_hal_tim.o
                0x0000000008006ebc                HAL_TIM_PWM_ConfigChannel
 .text.HAL_TIMEx_MasterConfigSynchronization
                0x00000000080070b8       0x94 ./Drivers/STM32G4xx_HAL_Driver/stm32g4xx_hal_tim_ex.o
                0x00000000080070b8                HAL_TIMEx_MasterConfigSynchronization
 .text.HAL_TIMEx_ConfigBreakDeadTime
                0x000000000800714c       0x9c ./Drivers/STM32G4xx_HAL_Driver/stm32g4xx_hal_tim_ex.o
                0x000000000800714c                HAL_TIMEx_ConfigBreakDeadTime
 .text.HAL_TIMEx_ConfigBreakInput
                0x00000000080071e8       0xb8 ./Drivers/STM32G4xx_HAL_Driver/stm32g4xx_hal_tim_ex.o
                0x00000000080071e8                HAL_TIMEx_ConfigBreakInput
 .text.UART_SetConfig
                0x00000000080072a0      0x2e0 ./Drivers/STM32G4xx_HAL_Driver/stm32g4xx_hal_uart.o
                0x00000000080072a0                UART_SetConfig
 .text.UART_AdvFeatureConfig
                0x0000000008007580       0xb0 ./Drivers/STM32G4xx_HAL_Driver/stm32g4xx_hal_uart.o
                0x0000000008007580                UART_AdvFeatureConfig
 .text.UART_WaitOnFlagUntilTimeout
                0x0000000008007630       0xf0 ./Drivers/STM32G4xx_HAL_Driver/stm32g4xx_hal_uart.o
                0x0000000008007630                UART_WaitOnFlagUntilTimeout
 .text.HAL_UART_Init
                0x0000000008007720       0xd8 ./Drivers/STM32G4xx_HAL_Driver/stm32g4xx_hal_uart.o
                0x0000000008007720                HAL_UART_Init
 .text.HAL_UARTEx_DisableFifoMode
                0x00000000080077f8       0x3c ./Drivers/STM32G4xx_HAL_Driver/stm32g4xx_hal_uart_ex.o
                0x00000000080077f8                HAL_UARTEx_DisableFifoMode
 .text.HAL_UARTEx_SetTxFifoThreshold
                0x0000000008007834       0x84 ./Drivers/STM32G4xx_HAL_Driver/stm32g4xx_hal_uart_ex.o
                0x0000000008007834                HAL_UARTEx_SetTxFifoThreshold
 .text.HAL_UARTEx_SetRxFifoThreshold
                0x00000000080078b8       0x84 ./Drivers/STM32G4xx_HAL_Driver/stm32g4xx_hal_uart_ex.o
                0x00000000080078b8                HAL_UARTEx_SetRxFifoThreshold
 .text.VBS_GetAvBusVoltage_d
                0x000000000800793c        0x4 ./Middlewares/MotorControl/bus_voltage_sensor.o
                0x000000000800793c                VBS_GetAvBusVoltage_d
 .text.VBS_GetAvBusVoltage_V
                0x0000000008007940        0xc ./Middlewares/MotorControl/bus_voltage_sensor.o
                0x0000000008007940                VBS_GetAvBusVoltage_V
 .text.Circle_Limitation
                0x000000000800794c       0x60 ./Middlewares/MotorControl/circle_limitation.o
                0x000000000800794c                Circle_Limitation
 .text.MCP_ReceivedPacket
                0x00000000080079ac      0x1ec ./Middlewares/MotorControl/mcp.o
                0x00000000080079ac                MCP_ReceivedPacket
 .text.MCPA_dataLog
                0x0000000008007b98      0x188 ./Middlewares/MotorControl/mcpa.o
                0x0000000008007b98                MCPA_dataLog
 .text.MCPA_flushDataLog
                0x0000000008007d20       0x5c ./Middlewares/MotorControl/mcpa.o
                0x0000000008007d20                MCPA_flushDataLog
 .text.MCPA_cfgLog
                0x0000000008007d7c       0xec ./Middlewares/MotorControl/mcpa.o
                0x0000000008007d7c                MCPA_cfgLog
 .text.MPM_Clear
                0x0000000008007e68       0x18 ./Middlewares/MotorControl/motor_power_measurement.o
                0x0000000008007e68                MPM_Clear
 .text.MPM_CalcElMotorPower
                0x0000000008007e80       0x40 ./Middlewares/MotorControl/motor_power_measurement.o
                0x0000000008007e80                MPM_CalcElMotorPower
 .text.MPM_GetAvrgElMotorPowerW
                0x0000000008007ec0        0x8 ./Middlewares/MotorControl/motor_power_measurement.o
                0x0000000008007ec0                MPM_GetAvrgElMotorPowerW
 .text.NTC_SetFaultState
                0x0000000008007ec8       0x1c ./Middlewares/MotorControl/ntc_temperature_sensor.o
                0x0000000008007ec8                NTC_SetFaultState
 .text.NTC_Clear
                0x0000000008007ee4        0x8 ./Middlewares/MotorControl/ntc_temperature_sensor.o
                0x0000000008007ee4                NTC_Clear
 .text.NTC_Init
                0x0000000008007eec       0x24 ./Middlewares/MotorControl/ntc_temperature_sensor.o
                0x0000000008007eec                NTC_Init
 .text.NTC_CalcAvTemp
                0x0000000008007f10       0x38 ./Middlewares/MotorControl/ntc_temperature_sensor.o
                0x0000000008007f10                NTC_CalcAvTemp
 .text.NTC_GetAvTemp_C
                0x0000000008007f48       0x24 ./Middlewares/MotorControl/ntc_temperature_sensor.o
                0x0000000008007f48                NTC_GetAvTemp_C
 .text.PID_HandleInit
                0x0000000008007f6c       0x10 ./Middlewares/MotorControl/pid_regulator.o
                0x0000000008007f6c                PID_HandleInit
 .text.PID_SetKP
                0x0000000008007f7c        0x4 ./Middlewares/MotorControl/pid_regulator.o
                0x0000000008007f7c                PID_SetKP
 .text.PID_SetKI
                0x0000000008007f80        0x4 ./Middlewares/MotorControl/pid_regulator.o
                0x0000000008007f80                PID_SetKI
 .text.PID_GetKP
                0x0000000008007f84        0x8 ./Middlewares/MotorControl/pid_regulator.o
                0x0000000008007f84                PID_GetKP
 .text.PID_GetKI
                0x0000000008007f8c        0x8 ./Middlewares/MotorControl/pid_regulator.o
                0x0000000008007f8c                PID_GetKI
 .text.PID_SetIntegralTerm
                0x0000000008007f94        0x4 ./Middlewares/MotorControl/pid_regulator.o
                0x0000000008007f94                PID_SetIntegralTerm
 .text.PID_GetKPDivisorPOW2
                0x0000000008007f98        0x4 ./Middlewares/MotorControl/pid_regulator.o
                0x0000000008007f98                PID_GetKPDivisorPOW2
 .text.PID_SetKPDivisorPOW2
                0x0000000008007f9c        0xc ./Middlewares/MotorControl/pid_regulator.o
                0x0000000008007f9c                PID_SetKPDivisorPOW2
 .text.PID_GetKIDivisor
                0x0000000008007fa8        0x4 ./Middlewares/MotorControl/pid_regulator.o
                0x0000000008007fa8                PID_GetKIDivisor
 .text.PID_GetKIDivisorPOW2
                0x0000000008007fac        0x4 ./Middlewares/MotorControl/pid_regulator.o
                0x0000000008007fac                PID_GetKIDivisorPOW2
 .text.PID_SetLowerIntegralTermLimit
                0x0000000008007fb0        0x4 ./Middlewares/MotorControl/pid_regulator.o
                0x0000000008007fb0                PID_SetLowerIntegralTermLimit
 .text.PID_SetUpperIntegralTermLimit
                0x0000000008007fb4        0x4 ./Middlewares/MotorControl/pid_regulator.o
                0x0000000008007fb4                PID_SetUpperIntegralTermLimit
 .text.PID_SetKIDivisorPOW2
                0x0000000008007fb8       0x28 ./Middlewares/MotorControl/pid_regulator.o
                0x0000000008007fb8                PID_SetKIDivisorPOW2
 .text.PID_SetKD
                0x0000000008007fe0        0x4 ./Middlewares/MotorControl/pid_regulator.o
                0x0000000008007fe0                PID_SetKD
 .text.PID_GetKD
                0x0000000008007fe4        0x8 ./Middlewares/MotorControl/pid_regulator.o
                0x0000000008007fe4                PID_GetKD
 .text.PID_GetKDDivisorPOW2
                0x0000000008007fec        0x4 ./Middlewares/MotorControl/pid_regulator.o
                0x0000000008007fec                PID_GetKDDivisorPOW2
 .text.PID_SetKDDivisorPOW2
                0x0000000008007ff0        0xc ./Middlewares/MotorControl/pid_regulator.o
                0x0000000008007ff0                PID_SetKDDivisorPOW2
 .text.PI_Controller
                0x0000000008007ffc       0x8c ./Middlewares/MotorControl/pid_regulator.o
                0x0000000008007ffc                PI_Controller
 .text.PQD_CalcElMotorPower
                0x0000000008008088       0x6c ./Middlewares/MotorControl/pqd_motor_power_measurement.o
                0x0000000008008088                PQD_CalcElMotorPower
 .text.startTimers
                0x00000000080080f4       0x70 ./Middlewares/MotorControl/pwm_common.o
                0x00000000080080f4                startTimers
 .text.waitForPolarizationEnd
                0x0000000008008164       0x3c ./Middlewares/MotorControl/pwm_common.o
                0x0000000008008164                waitForPolarizationEnd
 .text.R3_2_ADCxInit
                0x00000000080081a0       0xb4 ./Middlewares/MotorControl/r3_2_g4xx_pwm_curr_fdbk.o
 .text.R3_2_GetPhaseCurrents
                0x0000000008008254      0x184 ./Middlewares/MotorControl/r3_2_g4xx_pwm_curr_fdbk.o
                0x0000000008008254                R3_2_GetPhaseCurrents
 .text.R3_2_SetADCSampPointPolarization
                0x00000000080083d8       0x44 ./Middlewares/MotorControl/r3_2_g4xx_pwm_curr_fdbk.o
                0x00000000080083d8                R3_2_SetADCSampPointPolarization
 .text.R3_2_HFCurrentsPolarizationAB
                0x000000000800841c       0x54 ./Middlewares/MotorControl/r3_2_g4xx_pwm_curr_fdbk.o
 .text.R3_2_HFCurrentsPolarizationC
                0x0000000008008470       0x4c ./Middlewares/MotorControl/r3_2_g4xx_pwm_curr_fdbk.o
 .text.R3_2_TurnOnLowSides
                0x00000000080084bc       0x54 ./Middlewares/MotorControl/r3_2_g4xx_pwm_curr_fdbk.o
                0x00000000080084bc                R3_2_TurnOnLowSides
 .text.R3_2_SwitchOnPWM
                0x0000000008008510       0x98 ./Middlewares/MotorControl/r3_2_g4xx_pwm_curr_fdbk.o
                0x0000000008008510                R3_2_SwitchOnPWM
 .text.R3_2_SwitchOffPWM
                0x00000000080085a8       0x80 ./Middlewares/MotorControl/r3_2_g4xx_pwm_curr_fdbk.o
                0x00000000080085a8                R3_2_SwitchOffPWM
 .text.R3_2_RLGetPhaseCurrents
                0x0000000008008628       0x5c ./Middlewares/MotorControl/r3_2_g4xx_pwm_curr_fdbk.o
 .text.R3_2_RLTurnOnLowSides
                0x0000000008008684       0x4c ./Middlewares/MotorControl/r3_2_g4xx_pwm_curr_fdbk.o
 .text.R3_2_RLSwitchOnPWM
                0x00000000080086d0       0xb4 ./Middlewares/MotorControl/r3_2_g4xx_pwm_curr_fdbk.o
 .text.R3_2_SetAOReferenceVoltage
                0x0000000008008784       0x98 ./Middlewares/MotorControl/r3_2_g4xx_pwm_curr_fdbk.o
 .text.R3_2_Init
                0x000000000800881c      0x2a0 ./Middlewares/MotorControl/r3_2_g4xx_pwm_curr_fdbk.o
                0x000000000800881c                R3_2_Init
 .text.R3_2_SetOffsetCalib
                0x0000000008008abc       0x1c ./Middlewares/MotorControl/r3_2_g4xx_pwm_curr_fdbk.o
                0x0000000008008abc                R3_2_SetOffsetCalib
 .text.R3_2_GetOffsetCalib
                0x0000000008008ad8       0x10 ./Middlewares/MotorControl/r3_2_g4xx_pwm_curr_fdbk.o
                0x0000000008008ad8                R3_2_GetOffsetCalib
 .text.R3_2_CurrentReadingPolarization
                0x0000000008008ae8      0x170 ./Middlewares/MotorControl/r3_2_g4xx_pwm_curr_fdbk.o
                0x0000000008008ae8                R3_2_CurrentReadingPolarization
 .text.R3_2_SetADCSampPointSectX
                0x0000000008008c58       0x8c ./Middlewares/MotorControl/r3_2_g4xx_pwm_curr_fdbk.o
                0x0000000008008c58                R3_2_SetADCSampPointSectX
 .text.R3_2_TIMx_UP_IRQHandler
                0x0000000008008ce4       0x80 ./Middlewares/MotorControl/r3_2_g4xx_pwm_curr_fdbk.o
                0x0000000008008ce4                R3_2_TIMx_UP_IRQHandler
 .text.R3_2_BRK2_IRQHandler
                0x0000000008008d64       0x48 ./Middlewares/MotorControl/r3_2_g4xx_pwm_curr_fdbk.o
                0x0000000008008d64                R3_2_BRK2_IRQHandler
 .text.R3_2_BRK_IRQHandler
                0x0000000008008dac       0x20 ./Middlewares/MotorControl/r3_2_g4xx_pwm_curr_fdbk.o
                0x0000000008008dac                R3_2_BRK_IRQHandler
 .text.R3_2_IsOverCurrentOccurred
                0x0000000008008dcc       0x28 ./Middlewares/MotorControl/r3_2_g4xx_pwm_curr_fdbk.o
                0x0000000008008dcc                R3_2_IsOverCurrentOccurred
 .text.R3_2_RLDetectionModeEnable
                0x0000000008008df4       0xd4 ./Middlewares/MotorControl/r3_2_g4xx_pwm_curr_fdbk.o
                0x0000000008008df4                R3_2_RLDetectionModeEnable
 .text.R3_2_RLDetectionModeDisable
                0x0000000008008ec8      0x134 ./Middlewares/MotorControl/r3_2_g4xx_pwm_curr_fdbk.o
                0x0000000008008ec8                R3_2_RLDetectionModeDisable
 .text.R3_2_RLDetectionModeSetDuty
                0x0000000008008ffc       0x88 ./Middlewares/MotorControl/r3_2_g4xx_pwm_curr_fdbk.o
                0x0000000008008ffc                R3_2_RLDetectionModeSetDuty
 .text.RVBS_Clear
                0x0000000008009084       0x40 ./Middlewares/MotorControl/r_divider_bus_voltage_sensor.o
                0x0000000008009084                RVBS_Clear
 .text.RVBS_Init
                0x00000000080090c4       0x18 ./Middlewares/MotorControl/r_divider_bus_voltage_sensor.o
                0x00000000080090c4                RVBS_Init
 .text.RVBS_CheckFaultState
                0x00000000080090dc       0x18 ./Middlewares/MotorControl/r_divider_bus_voltage_sensor.o
                0x00000000080090dc                RVBS_CheckFaultState
 .text.RVBS_CalcAvVbus
                0x00000000080090f4       0x68 ./Middlewares/MotorControl/r_divider_bus_voltage_sensor.o
                0x00000000080090f4                RVBS_CalcAvVbus
 .text.REMNG_Init
                0x000000000800915c       0x10 ./Middlewares/MotorControl/ramp_ext_mngr.o
                0x000000000800915c                REMNG_Init
 .text.REMNG_Calc
                0x000000000800916c       0x44 ./Middlewares/MotorControl/ramp_ext_mngr.o
                0x000000000800916c                REMNG_Calc
 .text.REMNG_RampCompleted
                0x00000000080091b0        0xc ./Middlewares/MotorControl/ramp_ext_mngr.o
                0x00000000080091b0                REMNG_RampCompleted
 .text.getScalingFactor
                0x00000000080091bc       0x2c ./Middlewares/MotorControl/ramp_ext_mngr.o
                0x00000000080091bc                getScalingFactor
 .text.REMNG_ExecRamp
                0x00000000080091e8       0x88 ./Middlewares/MotorControl/ramp_ext_mngr.o
                0x00000000080091e8                REMNG_ExecRamp
 .text.RUC_Init
                0x0000000008009270       0x70 ./Middlewares/MotorControl/revup_ctrl.o
                0x0000000008009270                RUC_Init
 .text.RUC_Clear
                0x00000000080092e0       0x88 ./Middlewares/MotorControl/revup_ctrl.o
                0x00000000080092e0                RUC_Clear
 .text.RUC_Exec
                0x0000000008009368       0x6c ./Middlewares/MotorControl/revup_ctrl.o
                0x0000000008009368                RUC_Exec
 .text.RUC_FirstAccelerationStageReached
                0x00000000080093d4       0x14 ./Middlewares/MotorControl/revup_ctrl.o
                0x00000000080093d4                RUC_FirstAccelerationStageReached
 .text.RUC_SetPhase
                0x00000000080093e8       0x1c ./Middlewares/MotorControl/revup_ctrl.o
                0x00000000080093e8                RUC_SetPhase
 .text.RUC_GetNumberOfPhases
                0x0000000008009404        0x8 ./Middlewares/MotorControl/revup_ctrl.o
                0x0000000008009404                RUC_GetNumberOfPhases
 .text.RUC_GetPhase
                0x000000000800940c       0x20 ./Middlewares/MotorControl/revup_ctrl.o
                0x000000000800940c                RUC_GetPhase
 .text.SPD_GetElAngle
                0x000000000800942c        0x8 ./Middlewares/MotorControl/speed_pos_fdbk.o
                0x000000000800942c                SPD_GetElAngle
 .text.SPD_GetAvrgMecSpeedUnit
                0x0000000008009434        0x8 ./Middlewares/MotorControl/speed_pos_fdbk.o
                0x0000000008009434                SPD_GetAvrgMecSpeedUnit
 .text.SPD_GetInstElSpeedDpp
                0x000000000800943c        0x8 ./Middlewares/MotorControl/speed_pos_fdbk.o
                0x000000000800943c                SPD_GetInstElSpeedDpp
 .text.SPD_IsMecSpeedReliable
                0x0000000008009444       0x6c ./Middlewares/MotorControl/speed_pos_fdbk.o
                0x0000000008009444                SPD_IsMecSpeedReliable
 .text.SPD_GetS16Speed
                0x00000000080094b0       0x14 ./Middlewares/MotorControl/speed_pos_fdbk.o
                0x00000000080094b0                SPD_GetS16Speed
 .text.STC_Init
                0x00000000080094c4       0x2c ./Middlewares/MotorControl/speed_torq_ctrl.o
                0x00000000080094c4                STC_Init
 .text.STC_SetSpeedSensor
                0x00000000080094f0        0x4 ./Middlewares/MotorControl/speed_torq_ctrl.o
                0x00000000080094f0                STC_SetSpeedSensor
 .text.STC_GetSpeedSensor
                0x00000000080094f4        0x4 ./Middlewares/MotorControl/speed_torq_ctrl.o
                0x00000000080094f4                STC_GetSpeedSensor
 .text.STC_Clear
                0x00000000080094f8       0x10 ./Middlewares/MotorControl/speed_torq_ctrl.o
                0x00000000080094f8                STC_Clear
 .text.STC_GetMecSpeedRefUnit
                0x0000000008009508        0x8 ./Middlewares/MotorControl/speed_torq_ctrl.o
                0x0000000008009508                STC_GetMecSpeedRefUnit
 .text.STC_GetTorqueRef
                0x0000000008009510        0x8 ./Middlewares/MotorControl/speed_torq_ctrl.o
                0x0000000008009510                STC_GetTorqueRef
 .text.STC_SetControlMode
                0x0000000008009518        0x8 ./Middlewares/MotorControl/speed_torq_ctrl.o
                0x0000000008009518                STC_SetControlMode
 .text.STC_ExecRamp
                0x0000000008009520       0x84 ./Middlewares/MotorControl/speed_torq_ctrl.o
                0x0000000008009520                STC_ExecRamp
 .text.STC_StopRamp
                0x00000000080095a4        0x8 ./Middlewares/MotorControl/speed_torq_ctrl.o
                0x00000000080095a4                STC_StopRamp
 .text.STC_CalcTorqueReference
                0x00000000080095ac       0x54 ./Middlewares/MotorControl/speed_torq_ctrl.o
                0x00000000080095ac                STC_CalcTorqueReference
 .text.STC_GetMecSpeedRefUnitDefault
                0x0000000008009600        0x8 ./Middlewares/MotorControl/speed_torq_ctrl.o
                0x0000000008009600                STC_GetMecSpeedRefUnitDefault
 .text.STC_GetDefaultIqdref
                0x0000000008009608       0x1c ./Middlewares/MotorControl/speed_torq_ctrl.o
                0x0000000008009608                STC_GetDefaultIqdref
 .text.STC_ForceSpeedReferenceToCurrentSpeed
                0x0000000008009624       0x10 ./Middlewares/MotorControl/speed_torq_ctrl.o
                0x0000000008009624                STC_ForceSpeedReferenceToCurrentSpeed
 .text.STO_PLL_CalcElAngle
                0x0000000008009634      0x1f0 ./Middlewares/MotorControl/sto_pll_speed_pos_fdbk.o
                0x0000000008009634                STO_PLL_CalcElAngle
 .text.STO_PLL_CalcAvrgMecSpeedUnit
                0x0000000008009824      0x154 ./Middlewares/MotorControl/sto_pll_speed_pos_fdbk.o
                0x0000000008009824                STO_PLL_CalcAvrgMecSpeedUnit
 .text.STO_PLL_CalcAvrgElSpeedDpp
                0x0000000008009978       0x64 ./Middlewares/MotorControl/sto_pll_speed_pos_fdbk.o
                0x0000000008009978                STO_PLL_CalcAvrgElSpeedDpp
 .text.STO_PLL_Clear
                0x00000000080099dc       0x4c ./Middlewares/MotorControl/sto_pll_speed_pos_fdbk.o
                0x00000000080099dc                STO_PLL_Clear
 .text.STO_PLL_Init
                0x0000000008009a28       0x74 ./Middlewares/MotorControl/sto_pll_speed_pos_fdbk.o
                0x0000000008009a28                STO_PLL_Init
 .text.STO_PLL_IsObserverConverged
                0x0000000008009a9c       0xc4 ./Middlewares/MotorControl/sto_pll_speed_pos_fdbk.o
                0x0000000008009a9c                STO_PLL_IsObserverConverged
 .text.STO_PLL_GetEstimatedBemf
                0x0000000008009b60       0x18 ./Middlewares/MotorControl/sto_pll_speed_pos_fdbk.o
                0x0000000008009b60                STO_PLL_GetEstimatedBemf
 .text.STO_PLL_GetEstimatedCurrent
                0x0000000008009b78       0x28 ./Middlewares/MotorControl/sto_pll_speed_pos_fdbk.o
                0x0000000008009b78                STO_PLL_GetEstimatedCurrent
 .text.STO_PLL_GetObserverGains
                0x0000000008009ba0       0x10 ./Middlewares/MotorControl/sto_pll_speed_pos_fdbk.o
                0x0000000008009ba0                STO_PLL_GetObserverGains
 .text.STO_PLL_SetObserverGains
                0x0000000008009bb0        0x8 ./Middlewares/MotorControl/sto_pll_speed_pos_fdbk.o
                0x0000000008009bb0                STO_PLL_SetObserverGains
 .text.STO_OTF_ResetPLL
                0x0000000008009bb8        0xc ./Middlewares/MotorControl/sto_pll_speed_pos_fdbk.o
                0x0000000008009bb8                STO_OTF_ResetPLL
 .text.STO_ResetPLL
                0x0000000008009bc4        0x8 ./Middlewares/MotorControl/sto_pll_speed_pos_fdbk.o
                0x0000000008009bc4                STO_ResetPLL
 .text.STO_PLL_GetEstimatedBemfLevel
                0x0000000008009bcc        0x8 ./Middlewares/MotorControl/sto_pll_speed_pos_fdbk.o
                0x0000000008009bcc                STO_PLL_GetEstimatedBemfLevel
 .text.STO_PLL_GetObservedBemfLevel
                0x0000000008009bd4        0x8 ./Middlewares/MotorControl/sto_pll_speed_pos_fdbk.o
                0x0000000008009bd4                STO_PLL_GetObservedBemfLevel
 .text.STO_PLL_IsVarianceTight
                0x0000000008009bdc        0x8 ./Middlewares/MotorControl/sto_pll_speed_pos_fdbk.o
                0x0000000008009bdc                STO_PLL_IsVarianceTight
 .text.STO_PLL_ForceConvergency1
                0x0000000008009be4        0xc ./Middlewares/MotorControl/sto_pll_speed_pos_fdbk.o
                0x0000000008009be4                STO_PLL_ForceConvergency1
 .text.STO_PLL_ForceConvergency2
                0x0000000008009bf0        0xc ./Middlewares/MotorControl/sto_pll_speed_pos_fdbk.o
                0x0000000008009bf0                STO_PLL_ForceConvergency2
 .text.STO_SetDirection
                0x0000000008009bfc        0x8 ./Middlewares/MotorControl/sto_pll_speed_pos_fdbk.o
                0x0000000008009bfc                STO_SetDirection
 .text.VSS_Clear
                0x0000000008009c04       0x1c ./Middlewares/MotorControl/virtual_speed_sensor.o
                0x0000000008009c04                VSS_Clear
 .text.VSS_Init
                0x0000000008009c20        0x8 ./Middlewares/MotorControl/virtual_speed_sensor.o
                0x0000000008009c20                VSS_Init
 .text.VSS_CalcElAngle
                0x0000000008009c28       0xa8 ./Middlewares/MotorControl/virtual_speed_sensor.o
                0x0000000008009c28                VSS_CalcElAngle
 .text.VSS_CalcAvrgMecSpeedUnit
                0x0000000008009cd0       0xa4 ./Middlewares/MotorControl/virtual_speed_sensor.o
                0x0000000008009cd0                VSS_CalcAvrgMecSpeedUnit
 .text.VSS_SetMecAngle
                0x0000000008009d74       0x10 ./Middlewares/MotorControl/virtual_speed_sensor.o
                0x0000000008009d74                VSS_SetMecAngle
 .text.VSS_SetMecAcceleration
                0x0000000008009d84       0x90 ./Middlewares/MotorControl/virtual_speed_sensor.o
                0x0000000008009d84                VSS_SetMecAcceleration
 .text.VSS_SetStartTransition
                0x0000000008009e14       0x1c ./Middlewares/MotorControl/virtual_speed_sensor.o
                0x0000000008009e14                VSS_SetStartTransition
 .text.VSS_TransitionEnded
                0x0000000008009e30        0x8 ./Middlewares/MotorControl/virtual_speed_sensor.o
                0x0000000008009e30                VSS_TransitionEnded
 .text.__libc_init_array
                0x0000000008009e38       0x48 c:/st/stm32cubeide_1.9.0/stm32cubeide/plugins/com.st.stm32cube.ide.mcu.externaltools.gnu-tools-for-stm32.10.3-2021.10.win32_1.0.0.202111181127/tools/bin/../lib/gcc/arm-none-eabi/10.3.1/../../../../arm-none-eabi/lib/thumb/v7e-m+fp/hard\libc_nano.a(lib_a-init.o)
                0x0000000008009e38                __libc_init_array
 .text.memcpy   0x0000000008009e80       0x1c c:/st/stm32cubeide_1.9.0/stm32cubeide/plugins/com.st.stm32cube.ide.mcu.externaltools.gnu-tools-for-stm32.10.3-2021.10.win32_1.0.0.202111181127/tools/bin/../lib/gcc/arm-none-eabi/10.3.1/../../../../arm-none-eabi/lib/thumb/v7e-m+fp/hard\libc_nano.a(lib_a-memcpy-stub.o)
                0x0000000008009e80                memcpy
 .text.memset   0x0000000008009e9c       0x10 c:/st/stm32cubeide_1.9.0/stm32cubeide/plugins/com.st.stm32cube.ide.mcu.externaltools.gnu-tools-for-stm32.10.3-2021.10.win32_1.0.0.202111181127/tools/bin/../lib/gcc/arm-none-eabi/10.3.1/../../../../arm-none-eabi/lib/thumb/v7e-m+fp/hard\libc_nano.a(lib_a-memset.o)
                0x0000000008009e9c                memset
 *(.glue_7)
 .glue_7        0x0000000008009eac        0x0 linker stubs
 *(.glue_7t)
 .glue_7t       0x0000000008009eac        0x0 linker stubs
 *(.eh_frame)
 .eh_frame      0x0000000008009eac        0x0 c:/st/stm32cubeide_1.9.0/stm32cubeide/plugins/com.st.stm32cube.ide.mcu.externaltools.gnu-tools-for-stm32.10.3-2021.10.win32_1.0.0.202111181127/tools/bin/../lib/gcc/arm-none-eabi/10.3.1/thumb/v7e-m+fp/hard/crtbegin.o
 *(.init)
 .init          0x0000000008009eac        0x4 c:/st/stm32cubeide_1.9.0/stm32cubeide/plugins/com.st.stm32cube.ide.mcu.externaltools.gnu-tools-for-stm32.10.3-2021.10.win32_1.0.0.202111181127/tools/bin/../lib/gcc/arm-none-eabi/10.3.1/thumb/v7e-m+fp/hard/crti.o
                0x0000000008009eac                _init
 .init          0x0000000008009eb0        0x8 c:/st/stm32cubeide_1.9.0/stm32cubeide/plugins/com.st.stm32cube.ide.mcu.externaltools.gnu-tools-for-stm32.10.3-2021.10.win32_1.0.0.202111181127/tools/bin/../lib/gcc/arm-none-eabi/10.3.1/thumb/v7e-m+fp/hard/crtn.o
 *(.fini)
 .fini          0x0000000008009eb8        0x4 c:/st/stm32cubeide_1.9.0/stm32cubeide/plugins/com.st.stm32cube.ide.mcu.externaltools.gnu-tools-for-stm32.10.3-2021.10.win32_1.0.0.202111181127/tools/bin/../lib/gcc/arm-none-eabi/10.3.1/thumb/v7e-m+fp/hard/crti.o
                0x0000000008009eb8                _fini
 .fini          0x0000000008009ebc        0x8 c:/st/stm32cubeide_1.9.0/stm32cubeide/plugins/com.st.stm32cube.ide.mcu.externaltools.gnu-tools-for-stm32.10.3-2021.10.win32_1.0.0.202111181127/tools/bin/../lib/gcc/arm-none-eabi/10.3.1/thumb/v7e-m+fp/hard/crtn.o
                0x0000000008009ec4                . = ALIGN (0x4)
                0x0000000008009ec4                _etext = .

.vfp11_veneer   0x0000000008009ec4        0x0
 .vfp11_veneer  0x0000000008009ec4        0x0 linker stubs

.v4_bx          0x0000000008009ec4        0x0
 .v4_bx         0x0000000008009ec4        0x0 linker stubs

.iplt           0x0000000008009ec4        0x0
 .iplt          0x0000000008009ec4        0x0 c:/st/stm32cubeide_1.9.0/stm32cubeide/plugins/com.st.stm32cube.ide.mcu.externaltools.gnu-tools-for-stm32.10.3-2021.10.win32_1.0.0.202111181127/tools/bin/../lib/gcc/arm-none-eabi/10.3.1/thumb/v7e-m+fp/hard/crtbegin.o

.rodata         0x0000000008009ec4      0x3f0
                0x0000000008009ec4                . = ALIGN (0x4)
 *(.rodata)
 *(.rodata*)
 .rodata.CRC4_Lookup4
                0x0000000008009ec4       0x10 ./Application/User/aspep.o
 .rodata.CRC4_Lookup8
                0x0000000008009ed4      0x100 ./Application/User/aspep.o
 .rodata.CTL_BOARD
                0x0000000008009fd4       0x10 ./Application/User/mc_configuration_registers.o
                0x0000000008009fd4                CTL_BOARD
 .rodata.FIRMWARE_NAME
                0x0000000008009fe4       0x18 ./Application/User/mc_configuration_registers.o
                0x0000000008009fe4                FIRMWARE_NAME
 .rodata.M1_ApplicationConfig_reg
                0x0000000008009ffc        0xe ./Application/User/mc_configuration_registers.o
 *fill*         0x000000000800a00a        0x2 
 .rodata.M1_FOCConfig_reg
                0x000000000800a00c        0xe ./Application/User/mc_configuration_registers.o
 *fill*         0x000000000800a01a        0x2 
 .rodata.M1_MotorConfig_reg
                0x000000000800a01c       0x3c ./Application/User/mc_configuration_registers.o
                0x000000000800a01c                M1_MotorConfig_reg
 .rodata.M1_PWR_BOARD
                0x000000000800a058       0x11 ./Application/User/mc_configuration_registers.o
 *fill*         0x000000000800a069        0x3 
 .rodata.globalConfig_reg
                0x000000000800a06c        0xa ./Application/User/mc_configuration_registers.o
                0x000000000800a06c                globalConfig_reg
 *fill*         0x000000000800a076        0x2 
 .rodata.R3_2_ParamsM1
                0x000000000800a078       0xcc ./Application/User/mc_parameters.o
                0x000000000800a078                R3_2_ParamsM1
 .rodata.CSWTCH.42
                0x000000000800a144       0x11 ./Application/User/register_interface.o
 *fill*         0x000000000800a155        0x3 
 .rodata.CHANNEL_OFFSET_TAB
                0x000000000800a158        0x6 ./Application/User/usart_aspep_driver.o
 *fill*         0x000000000800a15e        0x2 
 .rodata.AHBPrescTable
                0x000000000800a160       0x10 ./Drivers/CMSIS/system_stm32g4xx.o
                0x000000000800a160                AHBPrescTable
 .rodata.APBPrescTable
                0x000000000800a170        0x8 ./Drivers/CMSIS/system_stm32g4xx.o
                0x000000000800a170                APBPrescTable
 .rodata.CSWTCH.112
                0x000000000800a178       0x40 ./Drivers/STM32G4xx_HAL_Driver/stm32g4xx_hal_tim_ex.o
 .rodata.CSWTCH.113
                0x000000000800a1b8       0x40 ./Drivers/STM32G4xx_HAL_Driver/stm32g4xx_hal_tim_ex.o
 .rodata.CSWTCH.114
                0x000000000800a1f8       0x40 ./Drivers/STM32G4xx_HAL_Driver/stm32g4xx_hal_tim_ex.o
 .rodata.CSWTCH.115
                0x000000000800a238       0x40 ./Drivers/STM32G4xx_HAL_Driver/stm32g4xx_hal_tim_ex.o
 .rodata.CSWTCH.60
                0x000000000800a278        0x3 ./Drivers/STM32G4xx_HAL_Driver/stm32g4xx_hal_uart.o
 *fill*         0x000000000800a27b        0x1 
 .rodata.CSWTCH.61
                0x000000000800a27c        0xd ./Drivers/STM32G4xx_HAL_Driver/stm32g4xx_hal_uart.o
 *fill*         0x000000000800a289        0x3 
 .rodata.UARTPrescTable
                0x000000000800a28c       0x18 ./Drivers/STM32G4xx_HAL_Driver/stm32g4xx_hal_uart.o
                0x000000000800a28c                UARTPrescTable
 .rodata.denominator.0
                0x000000000800a2a4        0x8 ./Drivers/STM32G4xx_HAL_Driver/stm32g4xx_hal_uart_ex.o
 .rodata.numerator.1
                0x000000000800a2ac        0x8 ./Drivers/STM32G4xx_HAL_Driver/stm32g4xx_hal_uart_ex.o
                0x000000000800a2b4                . = ALIGN (0x4)

.ARM.extab      0x000000000800a2b4        0x0
                0x000000000800a2b4                . = ALIGN (0x4)
 *(.ARM.extab* .gnu.linkonce.armextab.*)
                0x000000000800a2b4                . = ALIGN (0x4)

.ARM            0x000000000800a2b4        0x8
                0x000000000800a2b4                . = ALIGN (0x4)
                0x000000000800a2b4                __exidx_start = .
 *(.ARM.exidx*)
 .ARM.exidx     0x000000000800a2b4        0x8 c:/st/stm32cubeide_1.9.0/stm32cubeide/plugins/com.st.stm32cube.ide.mcu.externaltools.gnu-tools-for-stm32.10.3-2021.10.win32_1.0.0.202111181127/tools/bin/../lib/gcc/arm-none-eabi/10.3.1/thumb/v7e-m+fp/hard\libgcc.a(_udivmoddi4.o)
                0x000000000800a2bc                __exidx_end = .
                0x000000000800a2bc                . = ALIGN (0x4)

.rel.dyn        0x000000000800a2bc        0x0
 .rel.iplt      0x000000000800a2bc        0x0 c:/st/stm32cubeide_1.9.0/stm32cubeide/plugins/com.st.stm32cube.ide.mcu.externaltools.gnu-tools-for-stm32.10.3-2021.10.win32_1.0.0.202111181127/tools/bin/../lib/gcc/arm-none-eabi/10.3.1/thumb/v7e-m+fp/hard/crtbegin.o

.preinit_array  0x000000000800a2bc        0x0
                0x000000000800a2bc                . = ALIGN (0x4)
                0x000000000800a2bc                PROVIDE (__preinit_array_start = .)
 *(.preinit_array*)
                0x000000000800a2bc                PROVIDE (__preinit_array_end = .)
                0x000000000800a2bc                . = ALIGN (0x4)

.init_array     0x000000000800a2bc        0x4
                0x000000000800a2bc                . = ALIGN (0x4)
                0x000000000800a2bc                PROVIDE (__init_array_start = .)
 *(SORT_BY_NAME(.init_array.*))
 *(.init_array*)
 .init_array    0x000000000800a2bc        0x4 c:/st/stm32cubeide_1.9.0/stm32cubeide/plugins/com.st.stm32cube.ide.mcu.externaltools.gnu-tools-for-stm32.10.3-2021.10.win32_1.0.0.202111181127/tools/bin/../lib/gcc/arm-none-eabi/10.3.1/thumb/v7e-m+fp/hard/crtbegin.o
                0x000000000800a2c0                PROVIDE (__init_array_end = .)
                0x000000000800a2c0                . = ALIGN (0x4)

.fini_array     0x000000000800a2c0        0x4
                0x000000000800a2c0                . = ALIGN (0x4)
                [!provide]                        PROVIDE (__fini_array_start = .)
 *(SORT_BY_NAME(.fini_array.*))
 *(.fini_array*)
 .fini_array    0x000000000800a2c0        0x4 c:/st/stm32cubeide_1.9.0/stm32cubeide/plugins/com.st.stm32cube.ide.mcu.externaltools.gnu-tools-for-stm32.10.3-2021.10.win32_1.0.0.202111181127/tools/bin/../lib/gcc/arm-none-eabi/10.3.1/thumb/v7e-m+fp/hard/crtbegin.o
                [!provide]                        PROVIDE (__fini_array_end = .)
                0x000000000800a2c4                . = ALIGN (0x4)
                0x000000000800a2c4                _sidata = LOADADDR (.data)

.data           0x0000000020000000      0x684 load address 0x000000000800a2c4
                0x0000000020000000                . = ALIGN (0x4)
                0x0000000020000000                _sdata = .
 *(.data)
 *(.data*)
 .data.BusVoltageSensor_M1
                0x0000000020000000       0x28 ./Application/User/mc_config.o
                0x0000000020000000                BusVoltageSensor_M1
 .data.CircleLimitationM1
                0x0000000020000028       0xb4 ./Application/User/mc_config.o
                0x0000000020000028                CircleLimitationM1
 .data.PIDIdHandle_M1
                0x00000000200000dc       0x2c ./Application/User/mc_config.o
                0x00000000200000dc                PIDIdHandle_M1
 .data.PIDIqHandle_M1
                0x0000000020000108       0x2c ./Application/User/mc_config.o
                0x0000000020000108                PIDIqHandle_M1
 .data.PIDSpeedHandle_M1
                0x0000000020000134       0x2c ./Application/User/mc_config.o
                0x0000000020000134                PIDSpeedHandle_M1
 .data.PQD_MotorPowMeasM1
                0x0000000020000160      0x114 ./Application/User/mc_config.o
                0x0000000020000160                PQD_MotorPowMeasM1
 .data.PWM_Handle_M1
                0x0000000020000274       0x98 ./Application/User/mc_config.o
                0x0000000020000274                PWM_Handle_M1
 .data.RampExtMngrHFParamsM1
                0x000000002000030c       0x18 ./Application/User/mc_config.o
                0x000000002000030c                RampExtMngrHFParamsM1
 .data.RevUpControlM1
                0x0000000020000324       0x78 ./Application/User/mc_config.o
                0x0000000020000324                RevUpControlM1
 .data.STO_M1   0x000000002000039c       0x14 ./Application/User/mc_config.o
                0x000000002000039c                STO_M1
 .data.STO_PLL_M1
                0x00000000200003b0      0x128 ./Application/User/mc_config.o
                0x00000000200003b0                STO_PLL_M1
 .data.SpeednTorqCtrlM1
                0x00000000200004d8       0x34 ./Application/User/mc_config.o
                0x00000000200004d8                SpeednTorqCtrlM1
 .data.TempSensor_M1
                0x000000002000050c       0x28 ./Application/User/mc_config.o
                0x000000002000050c                TempSensor_M1
 .data.VirtualSpeedSensorM1
                0x0000000020000534       0x38 ./Application/User/mc_config.o
                0x0000000020000534                VirtualSpeedSensorM1
 .data.pMPM     0x000000002000056c        0x4 ./Application/User/mc_config.o
                0x000000002000056c                pMPM
 .data.pPIDId   0x0000000020000570        0x4 ./Application/User/mc_config.o
                0x0000000020000570                pPIDId
 .data.pPIDIq   0x0000000020000574        0x4 ./Application/User/mc_config.o
                0x0000000020000574                pPIDIq
 .data.pSTC     0x0000000020000578        0x4 ./Application/User/mc_config.o
                0x0000000020000578                pSTC
 .data.pTemperatureSensor
                0x000000002000057c        0x4 ./Application/User/mc_config.o
                0x000000002000057c                pTemperatureSensor
 .data.ApplicationConfig_reg
                0x0000000020000580        0x4 ./Application/User/mc_configuration_registers.o
                0x0000000020000580                ApplicationConfig_reg
 .data.FOCConfig_reg
                0x0000000020000584        0x4 ./Application/User/mc_configuration_registers.o
                0x0000000020000584                FOCConfig_reg
 .data.MotorConfig_reg
                0x0000000020000588        0x4 ./Application/User/mc_configuration_registers.o
                0x0000000020000588                MotorConfig_reg
 .data.PWR_BOARD_NAME
                0x000000002000058c        0x4 ./Application/User/mc_configuration_registers.o
                0x000000002000058c                PWR_BOARD_NAME
 .data.Vphase   0x0000000020000590        0x2 ./Application/User/mc_tasks.o
                0x0000000020000590                Vphase
 *fill*         0x0000000020000592        0x2 
 .data.states   0x0000000020000594       0x1c ./Application/User/mc_tasks.o
                0x0000000020000594                states
 .data.MCPA_UART_A
                0x00000000200005b0       0x2c ./Application/User/mcp_config.o
                0x00000000200005b0                MCPA_UART_A
 .data.MCP_Over_UartA
                0x00000000200005dc       0x10 ./Application/User/mcp_config.o
                0x00000000200005dc                MCP_Over_UartA
 .data.UASPEP_A
                0x00000000200005ec       0x14 ./Application/User/mcp_config.o
 .data.aspepOverUartA
                0x0000000020000600       0x74 ./Application/User/mcp_config.o
                0x0000000020000600                aspepOverUartA
 .data.SystickDividerCounter.0
                0x0000000020000674        0x1 ./Application/User/stm32g4xx_mc_it.o
 *fill*         0x0000000020000675        0x3 
 .data.SystemCoreClock
                0x0000000020000678        0x4 ./Drivers/CMSIS/system_stm32g4xx.o
                0x0000000020000678                SystemCoreClock
 .data.uwTickFreq
                0x000000002000067c        0x4 ./Drivers/STM32G4xx_HAL_Driver/stm32g4xx_hal.o
                0x000000002000067c                uwTickFreq
 .data.uwTickPrio
                0x0000000020000680        0x4 ./Drivers/STM32G4xx_HAL_Driver/stm32g4xx_hal.o
                0x0000000020000680                uwTickPrio
 *(.RamFunc)
 *(.RamFunc*)
                0x0000000020000684                . = ALIGN (0x4)
                0x0000000020000684                _edata = .

.igot.plt       0x0000000020000684        0x0 load address 0x000000000800a948
 .igot.plt      0x0000000020000684        0x0 c:/st/stm32cubeide_1.9.0/stm32cubeide/plugins/com.st.stm32cube.ide.mcu.externaltools.gnu-tools-for-stm32.10.3-2021.10.win32_1.0.0.202111181127/tools/bin/../lib/gcc/arm-none-eabi/10.3.1/thumb/v7e-m+fp/hard/crtbegin.o
                0x0000000020000684                . = ALIGN (0x4)

.bss            0x0000000020000684     0x16d8 load address 0x000000000800a948
                0x0000000020000684                _sbss = .
                0x0000000020000684                __bss_start__ = _sbss
 *(.bss)
 .bss           0x0000000020000684       0x1c c:/st/stm32cubeide_1.9.0/stm32cubeide/plugins/com.st.stm32cube.ide.mcu.externaltools.gnu-tools-for-stm32.10.3-2021.10.win32_1.0.0.202111181127/tools/bin/../lib/gcc/arm-none-eabi/10.3.1/thumb/v7e-m+fp/hard/crtbegin.o
 *(.bss*)
 .bss.DAC_Handle
                0x00000000200006a0        0xc ./Application/User/dac_ui.o
                0x00000000200006a0                DAC_Handle
 .bss.hadc1     0x00000000200006ac       0x6c ./Application/User/main.o
                0x00000000200006ac                hadc1
 .bss.hadc2     0x0000000020000718       0x6c ./Application/User/main.o
                0x0000000020000718                hadc2
 .bss.hcordic   0x0000000020000784       0x28 ./Application/User/main.o
                0x0000000020000784                hcordic
 .bss.hdac1     0x00000000200007ac       0x14 ./Application/User/main.o
                0x00000000200007ac                hdac1
 .bss.hdma_usart2_rx
                0x00000000200007c0       0x60 ./Application/User/main.o
                0x00000000200007c0                hdma_usart2_rx
 .bss.hdma_usart2_tx
                0x0000000020000820       0x60 ./Application/User/main.o
                0x0000000020000820                hdma_usart2_tx
 .bss.htim1     0x0000000020000880       0x4c ./Application/User/main.o
                0x0000000020000880                htim1
 .bss.huart2    0x00000000200008cc       0x90 ./Application/User/main.o
                0x00000000200008cc                huart2
 .bss.Mci       0x000000002000095c       0x20 ./Application/User/mc_config.o
                0x000000002000095c                Mci
 .bss.RealBusVoltageSensorFilterBufferM1
                0x000000002000097c        0xc ./Application/User/mc_config.o
 .bss.FOCVars   0x0000000020000988       0x26 ./Application/User/mc_tasks.o
 .bss.IdPred    0x00000000200009ae        0x2 ./Application/User/mc_tasks.o
                0x00000000200009ae                IdPred
 .bss.IdTemp    0x00000000200009b0        0x2 ./Application/User/mc_tasks.o
                0x00000000200009b0                IdTemp
 .bss.IqPred    0x00000000200009b2        0x2 ./Application/User/mc_tasks.o
                0x00000000200009b2                IqPred
 .bss.IqTemp    0x00000000200009b4        0x2 ./Application/User/mc_tasks.o
                0x00000000200009b4                IqTemp
 .bss.Sa        0x00000000200009b6        0x1 ./Application/User/mc_tasks.o
                0x00000000200009b6                Sa
 .bss.Sb        0x00000000200009b7        0x1 ./Application/User/mc_tasks.o
                0x00000000200009b7                Sb
 .bss.Sc        0x00000000200009b8        0x1 ./Application/User/mc_tasks.o
                0x00000000200009b8                Sc
 *fill*         0x00000000200009b9        0x3 
 .bss.Varray    0x00000000200009bc       0x54 ./Application/User/mc_tasks.o
                0x00000000200009bc                Varray
 .bss.bMCBootCompleted
                0x0000000020000a10        0x1 ./Application/User/mc_tasks.o
 *fill*         0x0000000020000a11        0x3 
 .bss.c1_mpc    0x0000000020000a14        0x4 ./Application/User/mc_tasks.o
                0x0000000020000a14                c1_mpc
 .bss.c2_mpc    0x0000000020000a18        0x4 ./Application/User/mc_tasks.o
                0x0000000020000a18                c2_mpc
 .bss.hBootCapDelayCounterM1
                0x0000000020000a1c        0x2 ./Application/User/mc_tasks.o
 .bss.hMFTaskCounterM1
                0x0000000020000a1e        0x2 ./Application/User/mc_tasks.o
 .bss.hStopPermanencyCounterM1
                0x0000000020000a20        0x2 ./Application/User/mc_tasks.o
 *fill*         0x0000000020000a22        0x2 
 .bss.hasMPCinit
                0x0000000020000a24        0x4 ./Application/User/mc_tasks.o
                0x0000000020000a24                hasMPCinit
 .bss.i         0x0000000020000a28        0x4 ./Application/User/mc_tasks.o
                0x0000000020000a28                i
 .bss.optimalVector
                0x0000000020000a2c        0x1 ./Application/User/mc_tasks.o
                0x0000000020000a2c                optimalVector
 *fill*         0x0000000020000a2d        0x3 
 .bss.pCLM      0x0000000020000a30        0x4 ./Application/User/mc_tasks.o
 .bss.pREMNG    0x0000000020000a34        0x4 ./Application/User/mc_tasks.o
 .bss.pwmcHandle
                0x0000000020000a38        0x4 ./Application/User/mc_tasks.o
 .bss.runMPC    0x0000000020000a3c        0x4 ./Application/User/mc_tasks.o
                0x0000000020000a3c                runMPC
 .bss.timerPWMPeriod
                0x0000000020000a40       0x2a ./Application/User/mc_tasks.o
                0x0000000020000a40                timerPWMPeriod
 *fill*         0x0000000020000a6a        0x2 
 .bss.MCPAsyncBuffUARTA_A
                0x0000000020000a6c      0x806 ./Application/User/mcp_config.o
 *fill*         0x0000000020001272        0x2 
 .bss.MCPAsyncBuffUARTA_B
                0x0000000020001274      0x806 ./Application/User/mcp_config.o
 *fill*         0x0000000020001a7a        0x2 
 .bss.MCPSyncRXBuff
                0x0000000020001a7c      0x102 ./Application/User/mcp_config.o
 *fill*         0x0000000020001b7e        0x2 
 .bss.MCPSyncTxBuff
                0x0000000020001b80      0x106 ./Application/User/mcp_config.o
 *fill*         0x0000000020001c86        0x2 
 .bss.MCP_UserCallBack
                0x0000000020001c88        0x8 ./Application/User/mcp_config.o
                0x0000000020001c88                MCP_UserCallBack
 .bss.dataPtrTableA
                0x0000000020001c90       0x28 ./Application/User/mcp_config.o
                0x0000000020001c90                dataPtrTableA
 .bss.dataPtrTableBuffA
                0x0000000020001cb8       0x28 ./Application/User/mcp_config.o
                0x0000000020001cb8                dataPtrTableBuffA
 .bss.dataSizeTableA
                0x0000000020001ce0        0xa ./Application/User/mcp_config.o
                0x0000000020001ce0                dataSizeTableA
 *fill*         0x0000000020001cea        0x2 
 .bss.dataSizeTableBuffA
                0x0000000020001cec        0xa ./Application/User/mcp_config.o
                0x0000000020001cec                dataSizeTableBuffA
 *fill*         0x0000000020001cf6        0x2 
 .bss.pMCI      0x0000000020001cf8        0x4 ./Application/User/motorcontrol.o
                0x0000000020001cf8                pMCI
 .bss.nullData16.0
                0x0000000020001cfc        0x2 ./Application/User/register_interface.o
 *fill*         0x0000000020001cfe        0x2 
 .bss.RCM_CB_array
                0x0000000020001d00       0x20 ./Application/User/regular_conversion_manager.o
 .bss.RCM_NoInj_array
                0x0000000020001d20       0x18 ./Application/User/regular_conversion_manager.o
 .bss.RCM_UserConvHandle
                0x0000000020001d38        0x1 ./Application/User/regular_conversion_manager.o
 .bss.RCM_UserConvState
                0x0000000020001d39        0x1 ./Application/User/regular_conversion_manager.o
 .bss.RCM_UserConvValue
                0x0000000020001d3a        0x2 ./Application/User/regular_conversion_manager.o
 .bss.RCM_currentHandle
                0x0000000020001d3c        0x1 ./Application/User/regular_conversion_manager.o
 *fill*         0x0000000020001d3d        0x3 
 .bss.RCM_handle_array
                0x0000000020001d40       0x10 ./Application/User/regular_conversion_manager.o
 .bss.HAL_RCC_ADC12_CLK_ENABLED
                0x0000000020001d50        0x4 ./Application/User/stm32g4xx_hal_msp.o
 .bss.uwTick    0x0000000020001d54        0x4 ./Drivers/STM32G4xx_HAL_Driver/stm32g4xx_hal.o
                0x0000000020001d54                uwTick
 .bss.GLOBAL_TIMESTAMP
                0x0000000020001d58        0x4 ./Middlewares/MotorControl/mcpa.o
                0x0000000020001d58                GLOBAL_TIMESTAMP
 *(COMMON)
                0x0000000020001d5c                . = ALIGN (0x4)
                0x0000000020001d5c                _ebss = .
                0x0000000020001d5c                __bss_end__ = _ebss

._user_heap_stack
                0x0000000020001d5c      0x604 load address 0x000000000800a948
                0x0000000020001d60                . = ALIGN (0x8)
 *fill*         0x0000000020001d5c        0x4 
                [!provide]                        PROVIDE (end = .)
                0x0000000020001d60                PROVIDE (_end = .)
                0x0000000020001f60                . = (. + _Min_Heap_Size)
 *fill*         0x0000000020001d60      0x200 
                0x0000000020002360                . = (. + _Min_Stack_Size)
 *fill*         0x0000000020001f60      0x400 
                0x0000000020002360                . = ALIGN (0x8)

/DISCARD/
 libc.a(*)
 libm.a(*)
 libgcc.a(*)

.ARM.attributes
                0x0000000000000000       0x30
 *(.ARM.attributes)
 .ARM.attributes
                0x0000000000000000       0x1e c:/st/stm32cubeide_1.9.0/stm32cubeide/plugins/com.st.stm32cube.ide.mcu.externaltools.gnu-tools-for-stm32.10.3-2021.10.win32_1.0.0.202111181127/tools/bin/../lib/gcc/arm-none-eabi/10.3.1/thumb/v7e-m+fp/hard/crti.o
 .ARM.attributes
                0x000000000000001e       0x34 c:/st/stm32cubeide_1.9.0/stm32cubeide/plugins/com.st.stm32cube.ide.mcu.externaltools.gnu-tools-for-stm32.10.3-2021.10.win32_1.0.0.202111181127/tools/bin/../lib/gcc/arm-none-eabi/10.3.1/thumb/v7e-m+fp/hard/crtbegin.o
 .ARM.attributes
                0x0000000000000052       0x21 ./Application/Startup/startup_stm32g431rbtx.o
 .ARM.attributes
                0x0000000000000073       0x30 ./Application/User/aspep.o
 .ARM.attributes
                0x00000000000000a3       0x30 ./Application/User/dac_ui.o
 .ARM.attributes
                0x00000000000000d3       0x30 ./Application/User/main.o
 .ARM.attributes
                0x0000000000000103       0x30 ./Application/User/mc_api.o
 .ARM.attributes
                0x0000000000000133       0x30 ./Application/User/mc_config.o
 .ARM.attributes
                0x0000000000000163       0x30 ./Application/User/mc_configuration_registers.o
 .ARM.attributes
                0x0000000000000193       0x30 ./Application/User/mc_interface.o
 .ARM.attributes
                0x00000000000001c3       0x30 ./Application/User/mc_math.o
 .ARM.attributes
                0x00000000000001f3       0x30 ./Application/User/mc_parameters.o
 .ARM.attributes
                0x0000000000000223       0x30 ./Application/User/mc_tasks.o
 .ARM.attributes
                0x0000000000000253       0x30 ./Application/User/mcp_config.o
 .ARM.attributes
                0x0000000000000283       0x30 ./Application/User/motorcontrol.o
 .ARM.attributes
                0x00000000000002b3       0x30 ./Application/User/pwm_curr_fdbk.o
 .ARM.attributes
                0x00000000000002e3       0x30 ./Application/User/register_interface.o
 .ARM.attributes
                0x0000000000000313       0x30 ./Application/User/regular_conversion_manager.o
 .ARM.attributes
                0x0000000000000343       0x30 ./Application/User/stm32g4xx_hal_msp.o
 .ARM.attributes
                0x0000000000000373       0x30 ./Application/User/stm32g4xx_mc_it.o
 .ARM.attributes
                0x00000000000003a3       0x30 ./Application/User/usart_aspep_driver.o
 .ARM.attributes
                0x00000000000003d3       0x30 ./Drivers/CMSIS/system_stm32g4xx.o
 .ARM.attributes
                0x0000000000000403       0x30 ./Drivers/STM32G4xx_HAL_Driver/stm32g4xx_hal.o
 .ARM.attributes