C:/Users/parangeo/OneDrive - STMicroelectronics/Documents/FOC401/STSPING4/stsping4/MCSDK_v5.Y.4-Full/MotorControl/MCSDK/MCLib/G4xx/Src/r3_2_g4xx_pwm_curr_fdbk.c:257:13:R3_2_ADCxInit	8	static
C:/Users/parangeo/OneDrive - STMicroelectronics/Documents/FOC401/STSPING4/stsping4/MCSDK_v5.Y.4-Full/MotorControl/MCSDK/MCLib/G4xx/Src/r3_2_g4xx_pwm_curr_fdbk.c:568:13:R3_2_GetPhaseCurrents	12	static
C:/Users/parangeo/OneDrive - STMicroelectronics/Documents/FOC401/STSPING4/stsping4/MCSDK_v5.Y.4-Full/MotorControl/MCSDK/MCLib/G4xx/Src/r3_2_g4xx_pwm_curr_fdbk.c:1069:10:R3_2_SetADCSampPointPolarization	4	static
C:/Users/parangeo/OneDrive - STMicroelectronics/Documents/FOC401/STSPING4/stsping4/MCSDK_v5.Y.4-Full/MotorControl/MCSDK/MCLib/G4xx/Src/r3_2_g4xx_pwm_curr_fdbk.c:1274:13:R3_2_HFCurrentsPolarizationAB	8	static
C:/Users/parangeo/OneDrive - STMicroelectronics/Documents/FOC401/STSPING4/stsping4/MCSDK_v5.Y.4-Full/MotorControl/MCSDK/MCLib/G4xx/Src/r3_2_g4xx_pwm_curr_fdbk.c:1317:13:R3_2_HFCurrentsPolarizationC	4	static
C:/Users/parangeo/OneDrive - STMicroelectronics/Documents/FOC401/STSPING4/stsping4/MCSDK_v5.Y.4-Full/MotorControl/MCSDK/MCLib/G4xx/Src/r3_2_g4xx_pwm_curr_fdbk.c:1356:13:R3_2_TurnOnLowSides	4	static
C:/Users/parangeo/OneDrive - STMicroelectronics/Documents/FOC401/STSPING4/stsping4/MCSDK_v5.Y.4-Full/MotorControl/MCSDK/MCLib/G4xx/Src/r3_2_g4xx_pwm_curr_fdbk.c:1400:13:R3_2_SwitchOnPWM	8	static
C:/Users/parangeo/OneDrive - STMicroelectronics/Documents/FOC401/STSPING4/stsping4/MCSDK_v5.Y.4-Full/MotorControl/MCSDK/MCLib/G4xx/Src/r3_2_g4xx_pwm_curr_fdbk.c:1460:13:R3_2_SwitchOffPWM	4	static
C:/Users/parangeo/OneDrive - STMicroelectronics/Documents/FOC401/STSPING4/stsping4/MCSDK_v5.Y.4-Full/MotorControl/MCSDK/MCLib/G4xx/Src/r3_2_g4xx_pwm_curr_fdbk.c:1931:13:R3_2_RLGetPhaseCurrents	4	static
C:/Users/parangeo/OneDrive - STMicroelectronics/Documents/FOC401/STSPING4/stsping4/MCSDK_v5.Y.4-Full/MotorControl/MCSDK/MCLib/G4xx/Src/r3_2_g4xx_pwm_curr_fdbk.c:1979:13:R3_2_RLTurnOnLowSides	4	static
C:/Users/parangeo/OneDrive - STMicroelectronics/Documents/FOC401/STSPING4/stsping4/MCSDK_v5.Y.4-Full/MotorControl/MCSDK/MCLib/G4xx/Src/r3_2_g4xx_pwm_curr_fdbk.c:2020:13:R3_2_RLSwitchOnPWM	16	static
C:/Users/parangeo/OneDrive - STMicroelectronics/Documents/FOC401/STSPING4/stsping4/MCSDK_v5.Y.4-Full/MotorControl/MCSDK/MCLib/G4xx/Src/r3_2_g4xx_pwm_curr_fdbk.c:1693:13:R3_2_SetAOReferenceVoltage	16	static
C:/Users/parangeo/OneDrive - STMicroelectronics/Documents/FOC401/STSPING4/stsping4/MCSDK_v5.Y.4-Full/MotorControl/MCSDK/MCLib/G4xx/Src/r3_2_g4xx_pwm_curr_fdbk.c:81:13:R3_2_Init	64	static
C:/Users/parangeo/OneDrive - STMicroelectronics/Documents/FOC401/STSPING4/stsping4/MCSDK_v5.Y.4-Full/MotorControl/MCSDK/MCLib/G4xx/Src/r3_2_g4xx_pwm_curr_fdbk.c:413:13:R3_2_SetOffsetCalib	4	static
C:/Users/parangeo/OneDrive - STMicroelectronics/Documents/FOC401/STSPING4/stsping4/MCSDK_v5.Y.4-Full/MotorControl/MCSDK/MCLib/G4xx/Src/r3_2_g4xx_pwm_curr_fdbk.c:429:13:R3_2_GetOffsetCalib	0	static
C:/Users/parangeo/OneDrive - STMicroelectronics/Documents/FOC401/STSPING4/stsping4/MCSDK_v5.Y.4-Full/MotorControl/MCSDK/MCLib/G4xx/Src/r3_2_g4xx_pwm_curr_fdbk.c:445:13:R3_2_CurrentReadingPolarization	40	static
C:/Users/parangeo/OneDrive - STMicroelectronics/Documents/FOC401/STSPING4/stsping4/MCSDK_v5.Y.4-Full/MotorControl/MCSDK/MCLib/G4xx/Src/r3_2_g4xx_pwm_curr_fdbk.c:737:13:R3_2_GetPhaseCurrents_OVM	12	static
C:/Users/parangeo/OneDrive - STMicroelectronics/Documents/FOC401/STSPING4/stsping4/MCSDK_v5.Y.4-Full/MotorControl/MCSDK/MCLib/G4xx/Src/r3_2_g4xx_pwm_curr_fdbk.c:1092:10:R3_2_SetADCSampPointSectX	12	static
C:/Users/parangeo/OneDrive - STMicroelectronics/Documents/FOC401/STSPING4/stsping4/MCSDK_v5.Y.4-Full/MotorControl/MCSDK/MCLib/G4xx/Src/r3_2_g4xx_pwm_curr_fdbk.c:1167:10:R3_2_SetADCSampPointSectX_OVM	12	static
C:/Users/parangeo/OneDrive - STMicroelectronics/Documents/FOC401/STSPING4/stsping4/MCSDK_v5.Y.4-Full/MotorControl/MCSDK/MCLib/G4xx/Src/r3_2_g4xx_pwm_curr_fdbk.c:1514:14:R3_2_TIMx_UP_IRQHandler	20	static
C:/Users/parangeo/OneDrive - STMicroelectronics/Documents/FOC401/STSPING4/stsping4/MCSDK_v5.Y.4-Full/MotorControl/MCSDK/MCLib/G4xx/Src/r3_2_g4xx_pwm_curr_fdbk.c:1586:14:R3_2_BRK2_IRQHandler	8	static
C:/Users/parangeo/OneDrive - STMicroelectronics/Documents/FOC401/STSPING4/stsping4/MCSDK_v5.Y.4-Full/MotorControl/MCSDK/MCLib/G4xx/Src/r3_2_g4xx_pwm_curr_fdbk.c:1630:14:R3_2_BRK_IRQHandler	0	static
C:/Users/parangeo/OneDrive - STMicroelectronics/Documents/FOC401/STSPING4/stsping4/MCSDK_v5.Y.4-Full/MotorControl/MCSDK/MCLib/G4xx/Src/r3_2_g4xx_pwm_curr_fdbk.c:1654:17:R3_2_IsOverCurrentOccurred	0	static
C:/Users/parangeo/OneDrive - STMicroelectronics/Documents/FOC401/STSPING4/stsping4/MCSDK_v5.Y.4-Full/MotorControl/MCSDK/MCLib/G4xx/Src/r3_2_g4xx_pwm_curr_fdbk.c:1728:6:R3_2_RLDetectionModeEnable	8	static
C:/Users/parangeo/OneDrive - STMicroelectronics/Documents/FOC401/STSPING4/stsping4/MCSDK_v5.Y.4-Full/MotorControl/MCSDK/MCLib/G4xx/Src/r3_2_g4xx_pwm_curr_fdbk.c:1780:6:R3_2_RLDetectionModeDisable	4	static
C:/Users/parangeo/OneDrive - STMicroelectronics/Documents/FOC401/STSPING4/stsping4/MCSDK_v5.Y.4-Full/MotorControl/MCSDK/MCLib/G4xx/Src/r3_2_g4xx_pwm_curr_fdbk.c:1860:10:R3_2_RLDetectionModeSetDuty	4	static
C:/Users/parangeo/OneDrive - STMicroelectronics/Documents/FOC401/STSPING4/stsping4/MCSDK_v5.Y.4-Full/MotorControl/MCSDK/MCLib/G4xx/Src/r3_2_g4xx_pwm_curr_fdbk.c:2095:6:RLTurnOnLowSidesAndStart	8	static
