C:/Users/parangeo/OneDrive - STMicroelectronics/Documents/FOC401/STSPING4/stsping4/MCSDK_v5.Y.4-Full/MotorControl/MCSDK/MCLib/Any/Src/sto_pll_speed_pos_fdbk.c:139:13:STO_PLL_Return	0	static
C:/Users/parangeo/OneDrive - STMicroelectronics/Documents/FOC401/STSPING4/stsping4/MCSDK_v5.Y.4-Full/MotorControl/MCSDK/MCLib/Any/Src/sto_pll_speed_pos_fdbk.c:169:16:STO_PLL_CalcElAngle	64	static
C:/Users/parangeo/OneDrive - STMicroelectronics/Documents/FOC401/STSPING4/stsping4/MCSDK_v5.Y.4-Full/MotorControl/MCSDK/MCLib/Any/Src/sto_pll_speed_pos_fdbk.c:416:13:STO_PLL_CalcAvrgMecSpeedUnit	16	static
C:/Users/parangeo/OneDrive - STMicroelectronics/Documents/FOC401/STSPING4/stsping4/MCSDK_v5.Y.4-Full/MotorControl/MCSDK/MCLib/Any/Src/sto_pll_speed_pos_fdbk.c:573:13:STO_PLL_CalcAvrgElSpeedDpp	8	static
C:/Users/parangeo/OneDrive - STMicroelectronics/Documents/FOC401/STSPING4/stsping4/MCSDK_v5.Y.4-Full/MotorControl/MCSDK/MCLib/Any/Src/sto_pll_speed_pos_fdbk.c:640:13:STO_PLL_Clear	8	static
C:/Users/parangeo/OneDrive - STMicroelectronics/Documents/FOC401/STSPING4/stsping4/MCSDK_v5.Y.4-Full/MotorControl/MCSDK/MCLib/Any/Src/sto_pll_speed_pos_fdbk.c:88:13:STO_PLL_Init	8	static
C:/Users/parangeo/OneDrive - STMicroelectronics/Documents/FOC401/STSPING4/stsping4/MCSDK_v5.Y.4-Full/MotorControl/MCSDK/MCLib/Any/Src/sto_pll_speed_pos_fdbk.c:765:13:STO_PLL_IsObserverConverged	8	static
C:/Users/parangeo/OneDrive - STMicroelectronics/Documents/FOC401/STSPING4/stsping4/MCSDK_v5.Y.4-Full/MotorControl/MCSDK/MCLib/Any/Src/sto_pll_speed_pos_fdbk.c:870:20:STO_PLL_GetEstimatedBemf	8	static
C:/Users/parangeo/OneDrive - STMicroelectronics/Documents/FOC401/STSPING4/stsping4/MCSDK_v5.Y.4-Full/MotorControl/MCSDK/MCLib/Any/Src/sto_pll_speed_pos_fdbk.c:897:20:STO_PLL_GetEstimatedCurrent	8	static
C:/Users/parangeo/OneDrive - STMicroelectronics/Documents/FOC401/STSPING4/stsping4/MCSDK_v5.Y.4-Full/MotorControl/MCSDK/MCLib/Any/Src/sto_pll_speed_pos_fdbk.c:935:13:STO_PLL_GetObserverGains	0	static
C:/Users/parangeo/OneDrive - STMicroelectronics/Documents/FOC401/STSPING4/stsping4/MCSDK_v5.Y.4-Full/MotorControl/MCSDK/MCLib/Any/Src/sto_pll_speed_pos_fdbk.c:960:13:STO_PLL_SetObserverGains	0	static
C:/Users/parangeo/OneDrive - STMicroelectronics/Documents/FOC401/STSPING4/stsping4/MCSDK_v5.Y.4-Full/MotorControl/MCSDK/MCLib/Any/Src/sto_pll_speed_pos_fdbk.c:984:13:STO_GetPLLGains	16	static
C:/Users/parangeo/OneDrive - STMicroelectronics/Documents/FOC401/STSPING4/stsping4/MCSDK_v5.Y.4-Full/MotorControl/MCSDK/MCLib/Any/Src/sto_pll_speed_pos_fdbk.c:1009:13:STO_SetPLLGains	16	static
C:/Users/parangeo/OneDrive - STMicroelectronics/Documents/FOC401/STSPING4/stsping4/MCSDK_v5.Y.4-Full/MotorControl/MCSDK/MCLib/Any/Src/sto_pll_speed_pos_fdbk.c:1037:13:STO_PLL_SetMecAngle	0	static
C:/Users/parangeo/OneDrive - STMicroelectronics/Documents/FOC401/STSPING4/stsping4/MCSDK_v5.Y.4-Full/MotorControl/MCSDK/MCLib/Any/Src/sto_pll_speed_pos_fdbk.c:1056:13:STO_OTF_ResetPLL	0	static
C:/Users/parangeo/OneDrive - STMicroelectronics/Documents/FOC401/STSPING4/stsping4/MCSDK_v5.Y.4-Full/MotorControl/MCSDK/MCLib/Any/Src/sto_pll_speed_pos_fdbk.c:1085:13:STO_ResetPLL	0	static
C:/Users/parangeo/OneDrive - STMicroelectronics/Documents/FOC401/STSPING4/stsping4/MCSDK_v5.Y.4-Full/MotorControl/MCSDK/MCLib/Any/Src/sto_pll_speed_pos_fdbk.c:1108:13:STO_SetPLL	24	static
C:/Users/parangeo/OneDrive - STMicroelectronics/Documents/FOC401/STSPING4/stsping4/MCSDK_v5.Y.4-Full/MotorControl/MCSDK/MCLib/Any/Src/sto_pll_speed_pos_fdbk.c:1131:16:STO_PLL_GetEstimatedBemfLevel	0	static
C:/Users/parangeo/OneDrive - STMicroelectronics/Documents/FOC401/STSPING4/stsping4/MCSDK_v5.Y.4-Full/MotorControl/MCSDK/MCLib/Any/Src/sto_pll_speed_pos_fdbk.c:1145:16:STO_PLL_GetObservedBemfLevel	0	static
C:/Users/parangeo/OneDrive - STMicroelectronics/Documents/FOC401/STSPING4/stsping4/MCSDK_v5.Y.4-Full/MotorControl/MCSDK/MCLib/Any/Src/sto_pll_speed_pos_fdbk.c:1159:13:STO_PLL_BemfConsistencyCheckSwitch	0	static
C:/Users/parangeo/OneDrive - STMicroelectronics/Documents/FOC401/STSPING4/stsping4/MCSDK_v5.Y.4-Full/MotorControl/MCSDK/MCLib/Any/Src/sto_pll_speed_pos_fdbk.c:1180:13:STO_PLL_IsBemfConsistent	0	static
C:/Users/parangeo/OneDrive - STMicroelectronics/Documents/FOC401/STSPING4/stsping4/MCSDK_v5.Y.4-Full/MotorControl/MCSDK/MCLib/Any/Src/sto_pll_speed_pos_fdbk.c:1194:13:STO_PLL_IsVarianceTight	0	static
C:/Users/parangeo/OneDrive - STMicroelectronics/Documents/FOC401/STSPING4/stsping4/MCSDK_v5.Y.4-Full/MotorControl/MCSDK/MCLib/Any/Src/sto_pll_speed_pos_fdbk.c:1217:13:STO_PLL_ForceConvergency1	0	static
C:/Users/parangeo/OneDrive - STMicroelectronics/Documents/FOC401/STSPING4/stsping4/MCSDK_v5.Y.4-Full/MotorControl/MCSDK/MCLib/Any/Src/sto_pll_speed_pos_fdbk.c:1238:13:STO_PLL_ForceConvergency2	0	static
C:/Users/parangeo/OneDrive - STMicroelectronics/Documents/FOC401/STSPING4/stsping4/MCSDK_v5.Y.4-Full/MotorControl/MCSDK/MCLib/Any/Src/sto_pll_speed_pos_fdbk.c:1261:13:STO_SetMinStartUpValidSpeedUnit	0	static
C:/Users/parangeo/OneDrive - STMicroelectronics/Documents/FOC401/STSPING4/stsping4/MCSDK_v5.Y.4-Full/MotorControl/MCSDK/MCLib/Any/Src/sto_pll_speed_pos_fdbk.c:1281:13:STO_SetDirection	0	static
