C:/Users/parangeo/OneDrive - STMicroelectronics/Documents/FOC401/STSPING4/stsping4/MCSDK_v5.Y.4-Full/MotorControl/MCSDK/MCLib/G4xx/Src/stspin32g4.c:44:19:STSPIN32G4_init	48	static
C:/Users/parangeo/OneDrive - STMicroelectronics/Documents/FOC401/STSPING4/stsping4/MCSDK_v5.Y.4-Full/MotorControl/MCSDK/MCLib/G4xx/Src/stspin32g4.c:84:19:STSPIN32G4_deInit	16	static
C:/Users/parangeo/OneDrive - STMicroelectronics/Documents/FOC401/STSPING4/stsping4/MCSDK_v5.Y.4-Full/MotorControl/MCSDK/MCLib/G4xx/Src/stspin32g4.c:99:19:STSPIN32G4_lockReg	48	static
C:/Users/parangeo/OneDrive - STMicroelectronics/Documents/FOC401/STSPING4/stsping4/MCSDK_v5.Y.4-Full/MotorControl/MCSDK/MCLib/G4xx/Src/stspin32g4.c:129:19:STSPIN32G4_unlockReg	48	static
C:/Users/parangeo/OneDrive - STMicroelectronics/Documents/FOC401/STSPING4/stsping4/MCSDK_v5.Y.4-Full/MotorControl/MCSDK/MCLib/G4xx/Src/stspin32g4.c:159:19:STSPIN32G4_readReg	24	static
C:/Users/parangeo/OneDrive - STMicroelectronics/Documents/FOC401/STSPING4/stsping4/MCSDK_v5.Y.4-Full/MotorControl/MCSDK/MCLib/G4xx/Src/stspin32g4.c:177:19:STSPIN32G4_writeReg	32	static
C:/Users/parangeo/OneDrive - STMicroelectronics/Documents/FOC401/STSPING4/stsping4/MCSDK_v5.Y.4-Full/MotorControl/MCSDK/MCLib/G4xx/Src/stspin32g4.c:190:19:STSPIN32G4_writeVerifyReg	56	static
C:/Users/parangeo/OneDrive - STMicroelectronics/Documents/FOC401/STSPING4/stsping4/MCSDK_v5.Y.4-Full/MotorControl/MCSDK/MCLib/G4xx/Src/stspin32g4.c:211:19:STSPIN32G4_set3V3	48	static
C:/Users/parangeo/OneDrive - STMicroelectronics/Documents/FOC401/STSPING4/stsping4/MCSDK_v5.Y.4-Full/MotorControl/MCSDK/MCLib/G4xx/Src/stspin32g4.c:251:19:STSPIN32G4_get3V3	32	static
C:/Users/parangeo/OneDrive - STMicroelectronics/Documents/FOC401/STSPING4/stsping4/MCSDK_v5.Y.4-Full/MotorControl/MCSDK/MCLib/G4xx/Src/stspin32g4.c:272:19:STSPIN32G4_setVCC	56	static
C:/Users/parangeo/OneDrive - STMicroelectronics/Documents/FOC401/STSPING4/stsping4/MCSDK_v5.Y.4-Full/MotorControl/MCSDK/MCLib/G4xx/Src/stspin32g4.c:372:19:STSPIN32G4_getVCC	48	static
C:/Users/parangeo/OneDrive - STMicroelectronics/Documents/FOC401/STSPING4/stsping4/MCSDK_v5.Y.4-Full/MotorControl/MCSDK/MCLib/G4xx/Src/stspin32g4.c:437:19:STSPIN32G4_setInterlocking	48	static
C:/Users/parangeo/OneDrive - STMicroelectronics/Documents/FOC401/STSPING4/stsping4/MCSDK_v5.Y.4-Full/MotorControl/MCSDK/MCLib/G4xx/Src/stspin32g4.c:477:19:STSPIN32G4_getInterlocking	32	static
C:/Users/parangeo/OneDrive - STMicroelectronics/Documents/FOC401/STSPING4/stsping4/MCSDK_v5.Y.4-Full/MotorControl/MCSDK/MCLib/G4xx/Src/stspin32g4.c:498:19:STSPIN32G4_setMinimumDeadTime	48	static
C:/Users/parangeo/OneDrive - STMicroelectronics/Documents/FOC401/STSPING4/stsping4/MCSDK_v5.Y.4-Full/MotorControl/MCSDK/MCLib/G4xx/Src/stspin32g4.c:538:19:STSPIN32G4_getMinimumDeadTime	32	static
C:/Users/parangeo/OneDrive - STMicroelectronics/Documents/FOC401/STSPING4/stsping4/MCSDK_v5.Y.4-Full/MotorControl/MCSDK/MCLib/G4xx/Src/stspin32g4.c:559:19:STSPIN32G4_setVDSP	56	static
C:/Users/parangeo/OneDrive - STMicroelectronics/Documents/FOC401/STSPING4/stsping4/MCSDK_v5.Y.4-Full/MotorControl/MCSDK/MCLib/G4xx/Src/stspin32g4.c:635:19:STSPIN32G4_getVDSP	40	static
C:/Users/parangeo/OneDrive - STMicroelectronics/Documents/FOC401/STSPING4/stsping4/MCSDK_v5.Y.4-Full/MotorControl/MCSDK/MCLib/G4xx/Src/stspin32g4.c:687:19:STSPIN32G4_setTHSD	56	static
C:/Users/parangeo/OneDrive - STMicroelectronics/Documents/FOC401/STSPING4/stsping4/MCSDK_v5.Y.4-Full/MotorControl/MCSDK/MCLib/G4xx/Src/stspin32g4.c:744:19:STSPIN32G4_getTHSD	48	static
C:/Users/parangeo/OneDrive - STMicroelectronics/Documents/FOC401/STSPING4/stsping4/MCSDK_v5.Y.4-Full/MotorControl/MCSDK/MCLib/G4xx/Src/stspin32g4.c:772:19:STSPIN32G4_clearFaults	32	static
C:/Users/parangeo/OneDrive - STMicroelectronics/Documents/FOC401/STSPING4/stsping4/MCSDK_v5.Y.4-Full/MotorControl/MCSDK/MCLib/G4xx/Src/stspin32g4.c:784:19:STSPIN32G4_reset	48	static
C:/Users/parangeo/OneDrive - STMicroelectronics/Documents/FOC401/STSPING4/stsping4/MCSDK_v5.Y.4-Full/MotorControl/MCSDK/MCLib/G4xx/Src/stspin32g4.c:809:19:STSPIN32G4_standby	56	static
C:/Users/parangeo/OneDrive - STMicroelectronics/Documents/FOC401/STSPING4/stsping4/MCSDK_v5.Y.4-Full/MotorControl/MCSDK/MCLib/G4xx/Src/stspin32g4.c:907:19:STSPIN32G4_wakeup	16	static
C:/Users/parangeo/OneDrive - STMicroelectronics/Documents/FOC401/STSPING4/stsping4/MCSDK_v5.Y.4-Full/MotorControl/MCSDK/MCLib/G4xx/Src/stspin32g4.c:967:19:STSPIN32G4_getStatus	24	static
