C:/Users/parangeo/OneDrive - STMicroelectronics/Documents/FOC401/FOCG431/FOCG431/Src/mc_tasks.c:143:6:initModelPredictiveControl	48	static
C:/Users/parangeo/OneDrive - STMicroelectronics/Documents/FOC401/FOCG431/FOCG431/Src/mc_tasks.c:169:5:absVal	0	static
C:/Users/parangeo/OneDrive - STMicroelectronics/Documents/FOC401/FOCG431/FOCG431/Src/mc_tasks.c:726:13:FOC_Clear	16	static
C:/Users/parangeo/OneDrive - STMicroelectronics/Documents/FOC401/FOCG431/FOCG431/Src/mc_tasks.c:186:13:MCboot	56	static
C:/Users/parangeo/OneDrive - STMicroelectronics/Documents/FOC401/FOCG431/FOCG431/Src/mc_tasks.c:762:13:FOC_InitAdditionalMethods	0	static
C:/Users/parangeo/OneDrive - STMicroelectronics/Documents/FOC401/FOCG431/FOCG431/Src/mc_tasks.c:786:13:FOC_CalcCurrRef	8	static
C:/Users/parangeo/OneDrive - STMicroelectronics/Documents/FOC401/FOCG431/FOCG431/Src/mc_tasks.c:813:13:TSK_SetChargeBootCapDelayM1	0	static
C:/Users/parangeo/OneDrive - STMicroelectronics/Documents/FOC401/FOCG431/FOCG431/Src/mc_tasks.c:824:13:TSK_ChargeBootCapDelayHasElapsedM1	0	static
C:/Users/parangeo/OneDrive - STMicroelectronics/Documents/FOC401/FOCG431/FOCG431/Src/mc_tasks.c:840:13:TSK_SetStopPermanencyTimeM1	0	static
C:/Users/parangeo/OneDrive - STMicroelectronics/Documents/FOC401/FOCG431/FOCG431/Src/mc_tasks.c:324:6:TSK_MF_StopProcessing	8	static
C:/Users/parangeo/OneDrive - STMicroelectronics/Documents/FOC401/FOCG431/FOCG431/Src/mc_tasks.c:851:13:TSK_StopPermanencyTimeHasElapsedM1	0	static
C:/Users/parangeo/OneDrive - STMicroelectronics/Documents/FOC401/FOCG431/FOCG431/Src/mc_tasks.c:411:13:TSK_MediumFrequencyTaskM1	24	static
C:/Users/parangeo/OneDrive - STMicroelectronics/Documents/FOC401/FOCG431/FOCG431/Src/mc_tasks.c:340:13:MC_Scheduler	16	static
C:/Users/parangeo/OneDrive - STMicroelectronics/Documents/FOC401/FOCG431/FOCG431/Src/mc_tasks.c:877:16:TSK_HighFrequencyTask	104	static
C:/Users/parangeo/OneDrive - STMicroelectronics/Documents/FOC401/FOCG431/FOCG431/Src/mc_tasks.c:1110:13:TSK_SafetyTask_PWMOFF	24	static
C:/Users/parangeo/OneDrive - STMicroelectronics/Documents/FOC401/FOCG431/FOCG431/Src/mc_tasks.c:1088:13:TSK_SafetyTask	8	static
C:/Users/parangeo/OneDrive - STMicroelectronics/Documents/FOC401/FOCG431/FOCG431/Src/mc_tasks.c:302:13:MC_RunMotorControlTasks	8	static
C:/Users/parangeo/OneDrive - STMicroelectronics/Documents/FOC401/FOCG431/FOCG431/Src/mc_tasks.c:1158:23:GetMCI	0	static
C:/Users/parangeo/OneDrive - STMicroelectronics/Documents/FOC401/FOCG431/FOCG431/Src/mc_tasks.c:1174:13:TSK_HardwareFaultTask	8	static
C:/Users/parangeo/OneDrive - STMicroelectronics/Documents/FOC401/FOCG431/FOCG431/Src/mc_tasks.c:1186:13:UI_HandleStartStopButton_cb	8	static
C:/Users/parangeo/OneDrive - STMicroelectronics/Documents/FOC401/FOCG431/FOCG431/Src/mc_tasks.c:1204:13:mc_lock_pins	80	static
