C:/Users/parangeo/OneDrive - STMicroelectronics/Documents/FOC401/FOCG431/FOCG431/Src/pwm_curr_fdbk.c:74:6:PWMC_Clear	0	static
C:/Users/parangeo/OneDrive - STMicroelectronics/Documents/FOC401/FOCG431/FOCG431/Src/pwm_curr_fdbk.c:101:13:PWMC_SetOffsetCalib	0	static
C:/Users/parangeo/OneDrive - STMicroelectronics/Documents/FOC401/FOCG431/FOCG431/Src/pwm_curr_fdbk.c:120:13:PWMC_GetOffsetCalib	0	static
C:/Users/parangeo/OneDrive - STMicroelectronics/Documents/FOC401/FOCG431/FOCG431/Src/pwm_curr_fdbk.c:154:13:PWMC_GetPhaseCurrents	0	static
C:/Users/parangeo/OneDrive - STMicroelectronics/Documents/FOC401/FOCG431/FOCG431/Src/pwm_curr_fdbk.c:203:17:PWMC_SetPhaseVoltage	24	static
C:/Users/parangeo/OneDrive - STMicroelectronics/Documents/FOC401/FOCG431/FOCG431/Src/pwm_curr_fdbk.c:357:13:PWMC_SwitchOffPWM	0	static
C:/Users/parangeo/OneDrive - STMicroelectronics/Documents/FOC401/FOCG431/FOCG431/Src/pwm_curr_fdbk.c:378:13:PWMC_SwitchOnPWM	0	static
C:/Users/parangeo/OneDrive - STMicroelectronics/Documents/FOC401/FOCG431/FOCG431/Src/pwm_curr_fdbk.c:406:13:PWMC_CurrentReadingCalibr	16	static
C:/Users/parangeo/OneDrive - STMicroelectronics/Documents/FOC401/FOCG431/FOCG431/Src/pwm_curr_fdbk.c:500:6:PWMC_CalcPhaseCurrentsEst	24	static
C:/Users/parangeo/OneDrive - STMicroelectronics/Documents/FOC401/FOCG431/FOCG431/Src/pwm_curr_fdbk.c:552:13:PWMC_TurnOnLowSides	0	static
C:/Users/parangeo/OneDrive - STMicroelectronics/Documents/FOC401/FOCG431/FOCG431/Src/pwm_curr_fdbk.c:572:17:PWMC_CheckOverCurrent	0	static
C:/Users/parangeo/OneDrive - STMicroelectronics/Documents/FOC401/FOCG431/FOCG431/Src/pwm_curr_fdbk.c:591:13:PWMC_OCPSetReferenceVoltage	0	static
C:/Users/parangeo/OneDrive - STMicroelectronics/Documents/FOC401/FOCG431/FOCG431/Src/pwm_curr_fdbk.c:616:13:PWMC_GetTurnOnLowSidesAction	0	static
C:/Users/parangeo/OneDrive - STMicroelectronics/Documents/FOC401/FOCG431/FOCG431/Src/pwm_curr_fdbk.c:626:13:PWMC_DPWM_ModeEnable	0	static
C:/Users/parangeo/OneDrive - STMicroelectronics/Documents/FOC401/FOCG431/FOCG431/Src/pwm_curr_fdbk.c:643:13:PWMC_DPWM_ModeDisable	0	static
C:/Users/parangeo/OneDrive - STMicroelectronics/Documents/FOC401/FOCG431/FOCG431/Src/pwm_curr_fdbk.c:660:13:PWMC_GetDPWM_Mode	0	static
C:/Users/parangeo/OneDrive - STMicroelectronics/Documents/FOC401/FOCG431/FOCG431/Src/pwm_curr_fdbk.c:671:13:PWMC_RLDetectionModeEnable	0	static
C:/Users/parangeo/OneDrive - STMicroelectronics/Documents/FOC401/FOCG431/FOCG431/Src/pwm_curr_fdbk.c:689:13:PWMC_RLDetectionModeDisable	0	static
C:/Users/parangeo/OneDrive - STMicroelectronics/Documents/FOC401/FOCG431/FOCG431/Src/pwm_curr_fdbk.c:715:17:PWMC_RLDetectionModeSetDuty	0	static
C:/Users/parangeo/OneDrive - STMicroelectronics/Documents/FOC401/FOCG431/FOCG431/Src/pwm_curr_fdbk.c:740:6:PWMC_SetAlignFlag	0	static
C:/Users/parangeo/OneDrive - STMicroelectronics/Documents/FOC401/FOCG431/FOCG431/Src/pwm_curr_fdbk.c:762:13:PWMC_RegisterGetPhaseCurrentsCallBack	0	static
C:/Users/parangeo/OneDrive - STMicroelectronics/Documents/FOC401/FOCG431/FOCG431/Src/pwm_curr_fdbk.c:785:13:PWMC_RegisterSwitchOffPwmCallBack	0	static
C:/Users/parangeo/OneDrive - STMicroelectronics/Documents/FOC401/FOCG431/FOCG431/Src/pwm_curr_fdbk.c:808:13:PWMC_RegisterSwitchonPwmCallBack	0	static
C:/Users/parangeo/OneDrive - STMicroelectronics/Documents/FOC401/FOCG431/FOCG431/Src/pwm_curr_fdbk.c:831:13:PWMC_RegisterReadingCalibrationCallBack	0	static
C:/Users/parangeo/OneDrive - STMicroelectronics/Documents/FOC401/FOCG431/FOCG431/Src/pwm_curr_fdbk.c:853:13:PWMC_RegisterTurnOnLowSidesCallBack	0	static
C:/Users/parangeo/OneDrive - STMicroelectronics/Documents/FOC401/FOCG431/FOCG431/Src/pwm_curr_fdbk.c:875:13:PWMC_RegisterSampPointSectXCallBack	0	static
C:/Users/parangeo/OneDrive - STMicroelectronics/Documents/FOC401/FOCG431/FOCG431/Src/pwm_curr_fdbk.c:897:13:PWMC_RegisterIsOverCurrentOccurredCallBack	0	static
C:/Users/parangeo/OneDrive - STMicroelectronics/Documents/FOC401/FOCG431/FOCG431/Src/pwm_curr_fdbk.c:919:13:PWMC_RegisterOCPSetRefVoltageCallBack	0	static
C:/Users/parangeo/OneDrive - STMicroelectronics/Documents/FOC401/FOCG431/FOCG431/Src/pwm_curr_fdbk.c:940:13:PWMC_RegisterRLDetectionModeEnableCallBack	0	static
C:/Users/parangeo/OneDrive - STMicroelectronics/Documents/FOC401/FOCG431/FOCG431/Src/pwm_curr_fdbk.c:961:13:PWMC_RegisterRLDetectionModeDisableCallBack	0	static
C:/Users/parangeo/OneDrive - STMicroelectronics/Documents/FOC401/FOCG431/FOCG431/Src/pwm_curr_fdbk.c:983:13:PWMC_RegisterRLDetectionModeSetDutyCallBack	0	static
C:/Users/parangeo/OneDrive - STMicroelectronics/Documents/FOC401/FOCG431/FOCG431/Src/pwm_curr_fdbk.c:1005:13:PWMC_RegisterIrqHandlerCallBack	0	static
