C:/Users/parangeo/OneDrive - STMicroelectronics/Documents/FOC401/FOCG431/FOCG431/Src/stm32g4xx_hal_msp.c:68:6:HAL_MspInit	16	static
C:/Users/parangeo/OneDrive - STMicroelectronics/Documents/FOC401/FOCG431/FOCG431/Src/stm32g4xx_hal_msp.c:98:6:HAL_ADC_MspInit	120	static
C:/Users/parangeo/OneDrive - STMicroelectronics/Documents/FOC401/FOCG431/FOCG431/Src/stm32g4xx_hal_msp.c:195:6:HAL_ADC_MspDeInit	8	static
C:/Users/parangeo/OneDrive - STMicroelectronics/Documents/FOC401/FOCG431/FOCG431/Src/stm32g4xx_hal_msp.c:272:6:HAL_CORDIC_MspInit	8	static
C:/Users/parangeo/OneDrive - STMicroelectronics/Documents/FOC401/FOCG431/FOCG431/Src/stm32g4xx_hal_msp.c:294:6:HAL_CORDIC_MspDeInit	0	static
C:/Users/parangeo/OneDrive - STMicroelectronics/Documents/FOC401/FOCG431/FOCG431/Src/stm32g4xx_hal_msp.c:316:6:HAL_DAC_MspInit	40	static
C:/Users/parangeo/OneDrive - STMicroelectronics/Documents/FOC401/FOCG431/FOCG431/Src/stm32g4xx_hal_msp.c:349:6:HAL_DAC_MspDeInit	0	static
C:/Users/parangeo/OneDrive - STMicroelectronics/Documents/FOC401/FOCG431/FOCG431/Src/stm32g4xx_hal_msp.c:377:6:HAL_TIM_Base_MspInit	40	static
C:/Users/parangeo/OneDrive - STMicroelectronics/Documents/FOC401/FOCG431/FOCG431/Src/stm32g4xx_hal_msp.c:406:6:HAL_TIM_MspPostInit	40	static
C:/Users/parangeo/OneDrive - STMicroelectronics/Documents/FOC401/FOCG431/FOCG431/Src/stm32g4xx_hal_msp.c:440:6:HAL_TIM_Base_MspDeInit	8	static
C:/Users/parangeo/OneDrive - STMicroelectronics/Documents/FOC401/FOCG431/FOCG431/Src/stm32g4xx_hal_msp.c:474:6:HAL_UART_MspInit	112	static
C:/Users/parangeo/OneDrive - STMicroelectronics/Documents/FOC401/FOCG431/FOCG431/Src/stm32g4xx_hal_msp.c:556:6:HAL_UART_MspDeInit	8	static
