C:/Users/parangeo/OneDrive - STMicroelectronics/Documents/FOC401/FOC401/Src/mc_tasks.c:123:6:initModelPredictiveControl	40	static
C:/Users/parangeo/OneDrive - STMicroelectronics/Documents/FOC401/FOC401/Src/mc_tasks.c:145:5:absVal	0	static
C:/Users/parangeo/OneDrive - STMicroelectronics/Documents/FOC401/FOC401/Src/mc_tasks.c:700:13:FOC_Clear	16	static
C:/Users/parangeo/OneDrive - STMicroelectronics/Documents/FOC401/FOC401/Src/mc_tasks.c:162:13:MCboot	56	static
C:/Users/parangeo/OneDrive - STMicroelectronics/Documents/FOC401/FOC401/Src/mc_tasks.c:736:13:FOC_InitAdditionalMethods	0	static
C:/Users/parangeo/OneDrive - STMicroelectronics/Documents/FOC401/FOC401/Src/mc_tasks.c:760:13:FOC_CalcCurrRef	8	static
C:/Users/parangeo/OneDrive - STMicroelectronics/Documents/FOC401/FOC401/Src/mc_tasks.c:787:13:TSK_SetChargeBootCapDelayM1	0	static
C:/Users/parangeo/OneDrive - STMicroelectronics/Documents/FOC401/FOC401/Src/mc_tasks.c:798:13:TSK_ChargeBootCapDelayHasElapsedM1	0	static
C:/Users/parangeo/OneDrive - STMicroelectronics/Documents/FOC401/FOC401/Src/mc_tasks.c:814:13:TSK_SetStopPermanencyTimeM1	0	static
C:/Users/parangeo/OneDrive - STMicroelectronics/Documents/FOC401/FOC401/Src/mc_tasks.c:298:6:TSK_MF_StopProcessing	8	static
C:/Users/parangeo/OneDrive - STMicroelectronics/Documents/FOC401/FOC401/Src/mc_tasks.c:825:13:TSK_StopPermanencyTimeHasElapsedM1	0	static
C:/Users/parangeo/OneDrive - STMicroelectronics/Documents/FOC401/FOC401/Src/mc_tasks.c:385:13:TSK_MediumFrequencyTaskM1	24	static
C:/Users/parangeo/OneDrive - STMicroelectronics/Documents/FOC401/FOC401/Src/mc_tasks.c:314:13:MC_Scheduler	16	static
C:/Users/parangeo/OneDrive - STMicroelectronics/Documents/FOC401/FOC401/Src/mc_tasks.c:851:16:TSK_HighFrequencyTask	104	static
C:/Users/parangeo/OneDrive - STMicroelectronics/Documents/FOC401/FOC401/Src/mc_tasks.c:1060:13:TSK_SafetyTask_PWMOFF	24	static
C:/Users/parangeo/OneDrive - STMicroelectronics/Documents/FOC401/FOC401/Src/mc_tasks.c:1038:13:TSK_SafetyTask	8	static
C:/Users/parangeo/OneDrive - STMicroelectronics/Documents/FOC401/FOC401/Src/mc_tasks.c:276:13:MC_RunMotorControlTasks	8	static
C:/Users/parangeo/OneDrive - STMicroelectronics/Documents/FOC401/FOC401/Src/mc_tasks.c:1108:23:GetMCI	0	static
C:/Users/parangeo/OneDrive - STMicroelectronics/Documents/FOC401/FOC401/Src/mc_tasks.c:1124:13:TSK_HardwareFaultTask	8	static
C:/Users/parangeo/OneDrive - STMicroelectronics/Documents/FOC401/FOC401/Src/mc_tasks.c:1136:13:UI_HandleStartStopButton_cb	8	static
C:/Users/parangeo/OneDrive - STMicroelectronics/Documents/FOC401/FOC401/Src/mc_tasks.c:1154:13:mc_lock_pins	56	static
