C:/Users/parangeo/OneDrive - STMicroelectronics/Documents/FOC401/FOC401/Src/stm32f4xx_mc_it.c:71:6:ADC_IRQHandler	0	static
C:/Users/parangeo/OneDrive - STMicroelectronics/Documents/FOC401/FOC401/Src/stm32f4xx_mc_it.c:102:6:TIM1_UP_TIM10_IRQHandler	0	static
C:/Users/parangeo/OneDrive - STMicroelectronics/Documents/FOC401/FOC401/Src/stm32f4xx_mc_it.c:120:6:TIM1_BRK_TIM9_IRQHandler	8	static
C:/Users/parangeo/OneDrive - STMicroelectronics/Documents/FOC401/FOC401/Src/stm32f4xx_mc_it.c:141:6:DMA1_Stream5_IRQHandler	0	static
C:/Users/parangeo/OneDrive - STMicroelectronics/Documents/FOC401/FOC401/Src/stm32f4xx_mc_it.c:164:6:USART2_IRQHandler	24	static,ignoring_inline_asm
C:/Users/parangeo/OneDrive - STMicroelectronics/Documents/FOC401/FOC401/Src/stm32f4xx_mc_it.c:213:6:HardFault_Handler	8	static
C:/Users/parangeo/OneDrive - STMicroelectronics/Documents/FOC401/FOC401/Src/stm32f4xx_mc_it.c:231:6:SysTick_Handler	8	static
C:/Users/parangeo/OneDrive - STMicroelectronics/Documents/FOC401/FOC401/Src/stm32f4xx_mc_it.c:259:6:EXTI15_10_IRQHandler	0	static
